******************************************************************************
                  TI ARM Linker PC v18.1.4                     
******************************************************************************
>> Linked Mon Feb 18 11:45:43 2019

OUTPUT FILE NAME:   <light_sensor_cfg_CC1352R1_LAUNCHXL_tirtos_ccs.out>
ENTRY POINT SYMBOL: "ResetISR"  address: 0001d6c9


MEMORY CONFIGURATION

         name            origin    length      used     unused   attr    fill
----------------------  --------  ---------  --------  --------  ----  --------
  FLASH                 00000000   00058000  0002e166  00029e9a  R  X
  GPRAM                 11000000   00002000  00000000  00002000  RW X
  SRAM                  20000000   00014000  000094bc  0000ab44  RW X


SEGMENT ALLOCATION MAP

run origin  load origin   length   init length attrs members
----------  ----------- ---------- ----------- ----- -------
00000000    00000000    0002a118   0002a118    r-x
  00000000    00000000    0000003c   0000003c    r-- .resetVecs
  0000003c    0000003c    00000004   00000004    r-- .const.1
  00000040    00000040    00026d7c   00026d7c    r-x .text.1
  00026dbc    00026dbc    00000004   00000004    r-- .const.2
  00026dc0    00026dc0    00000002   00000002    r-x .text.2
  00026dc4    00026dc4    00000004   00000004    r-- .const.3
  00026dc8    00026dc8    00000002   00000002    r-x .text.3
  00026dcc    00026dcc    00000004   00000004    r-- .const.4
  00026dd0    00026dd0    00000002   00000002    r-x .text.4
  00026dd4    00026dd4    00000004   00000004    r-- .const.5
  00026dd8    00026dd8    00000002   00000002    r-x .text.5
  00026ddc    00026ddc    00000004   00000004    r-- .const.6
  00026de0    00026de0    00000002   00000002    r-x .text.6
  00026de4    00026de4    00000004   00000004    r-- .const.7
  00026de8    00026de8    00000264   00000264    r-x .text.7
  0002704c    0002704c    00002d14   00002d14    r-- .const.8
  00029d60    00029d60    000003b8   000003b8    r-- .cinit
00052000    00052000    00004000   00000000    rw-
  00052000    00052000    00004000   00000000    rw- .TI.bound:flashBuf
00057fa8    00057fa8    00000058   00000058    r--
  00057fa8    00057fa8    00000058   00000058    r-- .ccfg
20000100    20000100    0000000c   00000000    rw-
  20000100    20000100    00000004   00000000    rw- .data:xdcRomConstPtr
  20000104    20000104    00000004   00000000    rw- .data:xdcRomExternFuncPtr
  20000108    20000108    00000004   00000000    rw- .data:xdcRomStatePtr
20000110    20000110    00001000   00000000    r--
  20000110    20000110    00001000   00000000    r-- .priheap
20001830    20001830    00000010   00000000    rw-
  20001830    20001830    00000010   00000000    rw- .TI.bound:dmaSpi0RxControlTableEntry
20001840    20001840    00000010   00000000    rw-
  20001840    20001840    00000010   00000000    rw- .TI.bound:dmaSpi0TxControlTableEntry
20001900    20001900    00000010   00000000    rw-
  20001900    20001900    00000010   00000000    rw- .TI.bound:dmaSpi1RxControlTableEntry
20001910    20001910    00000010   00000000    rw-
  20001910    20001910    00000010   00000000    rw- .TI.bound:dmaSpi1TxControlTableEntry
20001a30    20001a30    00000010   00000000    rw-
  20001a30    20001a30    00000010   00000000    rw- .TI.bound:dmaSpi0RxAltControlTableEntry
20001a40    20001a40    00000010   00000000    rw-
  20001a40    20001a40    00000010   00000000    rw- .TI.bound:dmaSpi0TxAltControlTableEntry
20001b00    20001b00    00000010   00000000    rw-
  20001b00    20001b00    00000010   00000000    rw- .TI.bound:dmaSpi1RxAltControlTableEntry
20001b10    20001b10    00007f69   00000000    rw-
  20001b10    20001b10    00000010   00000000    rw- .TI.bound:dmaSpi1TxAltControlTableEntry
  20001b20    20001b20    000056bf   00000000    rw- .bss
  200071e0    200071e0    00002899   00000000    rw- .data
20013c00    20013c00    00000400   00000000    rw-
  20013c00    20013c00    00000400   00000000    rw- .stack


SECTION ALLOCATION MAP

 output                                  attributes/
section   page    origin      length       input sections
--------  ----  ----------  ----------   ----------------
.binit     0    00000000    00000000     

.cinit     0    00029d60    000003b8     
                  00029d60    000002dd     (.cinit..data.load) [load image, compression = lzss]
                  0002a03d    00000003     --HOLE-- [fill = 0]
                  0002a040    0000000c     (__TI_handler_table)
                  0002a04c    00000004     --HOLE-- [fill = 0]
                  0002a050    00000008     (.cinit..TI.bound:dmaSpi0RxAltControlTableEntry.load) [load image, compression = zero_init]
                  0002a058    00000008     (.cinit..TI.bound:dmaSpi0RxControlTableEntry.load) [load image, compression = zero_init]
                  0002a060    00000008     (.cinit..TI.bound:dmaSpi0TxAltControlTableEntry.load) [load image, compression = zero_init]
                  0002a068    00000008     (.cinit..TI.bound:dmaSpi0TxControlTableEntry.load) [load image, compression = zero_init]
                  0002a070    00000008     (.cinit..TI.bound:dmaSpi1RxAltControlTableEntry.load) [load image, compression = zero_init]
                  0002a078    00000008     (.cinit..TI.bound:dmaSpi1RxControlTableEntry.load) [load image, compression = zero_init]
                  0002a080    00000008     (.cinit..TI.bound:dmaSpi1TxAltControlTableEntry.load) [load image, compression = zero_init]
                  0002a088    00000008     (.cinit..TI.bound:dmaSpi1TxControlTableEntry.load) [load image, compression = zero_init]
                  0002a090    00000008     (.cinit..bss.load) [load image, compression = zero_init]
                  0002a098    00000008     (.cinit..data:xdcRomConstPtr.load) [load image, compression = lzss]
                  0002a0a0    00000008     (.cinit..data:xdcRomExternFuncPtr.load) [load image, compression = lzss]
                  0002a0a8    00000008     (.cinit..data:xdcRomStatePtr.load) [load image, compression = lzss]
                  0002a0b0    00000068     (__TI_cinit_table)

.init_array 
*          0    00000000    00000000     UNINITIALIZED

.ccfg      0    00057fa8    00000058     
                  00057fa8    00000058     ccfg.obj (.ccfg:retain)

.bss       0    20001b20    000056bf     UNINITIALIZED
                  20001b20    00003b88     libopenthread_mtd.lib : instance.obj (.bss:_ZN34_INTERNAL_12_instance_cpp_0ce081802ot12sInstanceRawE)
                  200056a8    00000480     CC1352R1_LAUNCHXL.obj (.bss:sharpDisplayBuf)
                  20005b28    00000400     grlib.a : image.obj (.bss:g_pulConvertedPalette)
                  20005f28    00000250     (.common:uartCC26XXObjects)
                  20006178    00000200     release_pem4f.oem4f (.bss:taskStackSection)
                  20006378    000001c0     rf_multiMode_cc13x2_v1.aem4f : RFCC26X2_multiMode.oem4f (.bss:RF_cmdPool)
                  20006538    000001a0     (.common:spiCC26X2DMAObjects)
                  200066d8    00000120     libopenthread_diag_mtd.lib : diag_process.obj (.bss:$O1$$)
                  200067f8    000000e0     (.common:i2cCC26xxObjects)
                  200068d8    000000d8     (.common:ti_sysbios_family_arm_m3_Hwi_dispatchTable)
                  200069b0    00000080     CC1352R1_LAUNCHXL.obj (.bss:uartStringBuf)
                  20006a30    0000007c     (.common:pinHandleTable)
                  20006aac    00000004     drivers_cc13x2_v1.aem4f : ECJPAKECC26X2.oem4f (.bss)
                  20006ab0    00000068     rf_multiMode_cc13x2_v1.aem4f : RFCC26X2_multiMode.oem4f (.bss:RF_ratModule)
                  20006b18    00000058     radio.obj (.bss:sSrcMatchExtData)
                  20006b70    00000054     (.common:ecjpakeCC26X2Objects)
                  20006bc4    00000050     (.common:sha2CC26X2Objects)
                  20006c14    0000004c     (.common:aesecbCC26XXObjects)
                  20006c60    00000044     (.common:displaySharpObject)
                  20006ca4    00000040     (.common:uartCC26XXRingBuffer)
                  20006ce4    0000003c     radio.obj (.bss:sReceiveCmd)
                  20006d20    00000038     random.obj (.bss:$O1$$)
                  20006d58    00000034     rf_multiMode_cc13x2_v1.aem4f : RFCC26X2_multiMode.oem4f (.bss:RF_swiFsmObj)
                  20006d8c    00000034                                  : RFCC26X2_multiMode.oem4f (.bss:RF_swiHwObj)
                  20006dc0    00000034     drivers_cc13x2_v1.aem4f : PINCC26XX.oem4f (.bss:pinSwi)
                  20006df4    00000030     rf_multiMode_cc13x2_v1.aem4f : RFCC26X2_multiMode.oem4f (.bss:RF_Sch)
                  20006e24    00000030     radio.obj (.bss:sSrcMatchShortData)
                  20006e54    0000002c     otrtosapi.obj (.bss:OtRtosApi_mutexHandle)
                  20006e80    00000024     rf_multiMode_cc13x2_v1.aem4f : RFCC26X2_multiMode.oem4f (.bss:RF_clkPowerUpObj)
                  20006ea4    00000020                                  : RFCC26X2_multiMode.oem4f (.bss:RF_cmdQ)
                  20006ec4    00000020     drivers_cc13x2_v1.aem4f : GPIOCC26XX.oem4f (.bss:gpioCallbackInfo)
                  20006ee4    00000020                             : PINCC26XX.oem4f (.bss:pinGpioConfigTable)
                  20006f04    00000020     radio.obj (.bss:sCsmaBackoffCmd)
                  20006f24    00000020     (.common:udmaObjects)
                  20006f44    0000001c     rf_multiMode_cc13x2_v1.aem4f : RFCC26X2_multiMode.oem4f (.bss:RF_hwiCpe0Obj)
                  20006f60    0000001c                                  : RFCC26X2_multiMode.oem4f (.bss:RF_hwiHwObj)
                  20006f7c    0000001c     drivers_cc13x2_v1.aem4f : PINCC26XX.oem4f (.bss:pinHwi)
                  20006f98    0000001c                             : PINCC26XX.oem4f (.bss:pinSemaphore)
                  20006fb4    0000001c     (.common:CryptoResourceCC26XX_accessSemaphore)
                  20006fd0    0000001c     (.common:CryptoResourceCC26XX_hwi)
                  20006fec    0000001c     (.common:CryptoResourceCC26XX_operationSemaphore)
                  20007008    0000001c     (.common:PKAResourceCC26XX_accessSemaphore)
                  20007024    0000001c     (.common:PKAResourceCC26XX_hwi)
                  20007040    0000001c     (.common:PKAResourceCC26XX_operationSemaphore)
                  2000705c    00000018     radio.obj (.bss:sEdScanCmd)
                  20007074    00000018     radio.obj (.bss:sRadioSetupCmd)
                  2000708c    00000018     radio.obj (.bss:sTransmitCmd)
                  200070a4    00000018     display.aem4f : SharpGrLib.oem4f (.bss:spiTrans)
                  200070bc    00000016     rf_multiMode_cc13x2_v1.aem4f : RFCC26X2_multiMode.oem4f (.bss)
                  200070d2    00000002     drivers_cc13x2_v1.aem4f : UARTCC26XX.oem4f (.bss)
                  200070d4    00000014     rf_multiMode_cc13x2_v1.aem4f : RFCC26X2_multiMode.oem4f (.bss:RF_ratSyncCmd)
                  200070e8    00000014                                  : RFCC26X2_multiMode.oem4f (.bss:RF_wakeupNotifyObj)
                  200070fc    00000014     driverlib.lib : osc.obj (.bss:oscHfGlobals)
                  20007110    00000014     drivers_cc13x2_v1.aem4f : GPIOCC26XX.oem4f (.bss:powerNotifyObj)
                  20007124    00000014     radio.obj (.bss:sTransmitRxAckCmd)
                  20007138    00000010     rf_multiMode_cc13x2_v1.aem4f : RFCC26X2_multiMode.oem4f (.bss:RF_core)
                  20007148    00000010     lightsensor.obj (.bss:coapResource)
                  20007158    00000010     lightsensor.obj (.bss:coapResourceThresholdMax)
                  20007168    00000010     lightsensor.obj (.bss:coapResourceThresholdMin)
                  20007178    00000010     radio.obj (.bss:sRfStats)
                  20007188    0000000c     drivers_cc13x2_v1.aem4f : NVSCC26XX.oem4f (.bss)
                  20007194    0000000c                             : GPIOCC26XX.oem4f (.bss:gpioPinState)
                  200071a0    0000000c     (.common:OPT3001_object)
                  200071ac    0000000c     (.common:displayUartObject)
                  200071b8    00000008     display.aem4f : SharpGrLib.oem4f (.bss)
                  200071c0    00000008     drivers_cc13x2_v1.aem4f : GPIOCC26XX.oem4f (.bss)
                  200071c8    00000004                             : PINCC26XX.oem4f (.bss)
                  200071cc    00000004     (.common:ClockP_tickPeriod)
                  200071d0    00000004     (.common:PowerCC26XX_swiKey)
                  200071d4    00000004     (.common:PowerCC26XX_taskKey)
                  200071d8    00000004     (.common:nvsCC26xxObjects)
                  200071dc    00000001     keys_utils.obj (.bss)
                  200071dd    00000001     radio.obj (.bss)
                  200071de    00000001     (.common:driverlib_release_0_52354)

.data      0    200071e0    00002899     UNINITIALIZED
                  200071e0    000014dc     otstack.obj (.data:$O1$$)
                  200086bc    000008a8     lightsensor.obj (.data:$O1$$)
                  20008f64    00000004     drivers_cc13x2_v1.aem4f : GPIOCC26XX.oem4f (.data:gpioPinTable)
                  20008f68    00000478     radio.obj (.data:$O1$$)
                  200093e0    00000108     release_pem4f.oem4f (.data:ROM_stateStruct)
                  200094e8    000000c8     drivers_cc13x2_v1.aem4f : PowerCC26X2.oem4f (.data:PowerCC26X2_module)
                  200095b0    00000088     rom_sysbios.aem4f : rom_sysbios.obj (.data:$O1$$)
                  20009638    00000054     release_pem4f.oem4f (.data:ti_sysbios_gates_GateMutex_Object__table__V)
                  2000968c    0000004c     release_pem4f.oem4f (.data:ti_sysbios_knl_Task_Object__table__V)
                  200096d8    00000048     release_pem4f.oem4f (.data:ti_sysbios_family_arm_cc26xx_Timer_Object__table__V)
                  20009720    00000040     uart.obj (.data:$O1$$)
                  20009760    00000038     nvoctp.obj (.data:$O1$$)
                  20009798    00000030     release_pem4f.oem4f (.data:ti_sysbios_knl_Swi_Module_State_0_readyQ__A)
                  200097c8    00000030     release_pem4f.oem4f (.data:ti_sysbios_knl_Swi_Object__table__V)
                  200097f8    00000030     release_pem4f.oem4f (.data:ti_sysbios_knl_Task_Module_State_0_readyQ__A)
                  20009828    0000002c     keys_utils.obj (.data:$O1$$)
                  20009854    0000002c     CC1352R1_LAUNCHXL.obj (.data:gpioPinConfigs)
                  20009880    00000028     settings.obj (.data:sNvoctpFps)
                  200098a8    00000024     libmbedcrypto.lib : ssl_tls.obj (.data:$O1$$)
                  200098cc    00000020     release_pem4f.oem4f (.data:ti_sysbios_knl_Clock_Object__table__V)
                  200098ec    00000020     release_pem4f.oem4f (.data:xdc_runtime_Error_IgnoreBlock)
                  2000990c    00000018     diag.obj (.data:$O1$$)
                  20009924    00000018     release_pem4f.oem4f (.data:ti_sysbios_family_arm_m3_Hwi_Object__table__V)
                  2000993c    00000018     release_pem4f.oem4f (.data:ti_sysbios_heaps_HeapMem_Object__table__V)
                  20009954    00000010     alarm.obj (.data:$O1$$)
                  20009964    00000010     alarm_micro.obj (.data:$O1$$)
                  20009974    00000010     lightsensor.obj (.data:OPT3001_config)
                  20009984    00000010     CC1352R1_LAUNCHXL.obj (.data:gpioCallbackFunctions)
                  20009994    00000008     aes_alt.obj (.data:$O1$$)
                  2000999c    00000008     disp_utils.obj (.data:$O1$$)
                  200099a4    00000008     libmbedcrypto.lib : ecp.obj (.data:$O1$$)
                  200099ac    00000008                       : platform.obj (.data:$O1$$)
                  200099b4    00000008     rtsv7M4_T_le_v4SPD16_eabi.lib : _lock.c.obj (.data:$O1$$)
                  200099bc    00000008     sha256_alt.obj (.data:$O1$$)
                  200099c4    00000008     drivers_cc13x2_v1.aem4f : ECJPAKECC26X2.oem4f (.data)
                  200099cc    00000008                             : PINCC26XX.oem4f (.data)
                  200099d4    00000008     release_pem4f.oem4f (.data:ti_sysbios_family_arm_cc26xx_Seconds_Module__state__V)
                  200099dc    00000008     release_pem4f.oem4f (.data:ti_sysbios_family_arm_m3_Hwi_Module__root__V)
                  200099e4    00000008     release_pem4f.oem4f (.data:ti_sysbios_gates_GateHwi_Module__root__V)
                  200099ec    00000008     release_pem4f.oem4f (.data:ti_sysbios_gates_GateMutexPri_Module__root__V)
                  200099f4    00000008     release_pem4f.oem4f (.data:ti_sysbios_gates_GateMutex_Module__root__V)
                  200099fc    00000008     release_pem4f.oem4f (.data:ti_sysbios_hal_Hwi_Module__root__V)
                  20009a04    00000008     release_pem4f.oem4f (.data:ti_sysbios_heaps_HeapMem_Module__root__V)
                  20009a0c    00000008     release_pem4f.oem4f (.data:ti_sysbios_knl_Clock_Module__root__V)
                  20009a14    00000008     release_pem4f.oem4f (.data:ti_sysbios_knl_Event_Module__root__V)
                  20009a1c    00000008     release_pem4f.oem4f (.data:ti_sysbios_knl_Mailbox_Module__root__V)
                  20009a24    00000008     release_pem4f.oem4f (.data:ti_sysbios_knl_Queue_Module__root__V)
                  20009a2c    00000008     release_pem4f.oem4f (.data:ti_sysbios_knl_Semaphore_Module__root__V)
                  20009a34    00000008     release_pem4f.oem4f (.data:ti_sysbios_knl_Swi_Module__root__V)
                  20009a3c    00000008     release_pem4f.oem4f (.data:ti_sysbios_knl_Task_Module__root__V)
                  20009a44    00000008     release_pem4f.oem4f (.data:xdc_runtime_System_Module_State_0_atexitHandlers__A)
                  20009a4c    00000005     drivers_cc13x2_v1.aem4f : GPIOCC26XX.oem4f (.data)
                  20009a51    00000002     display.aem4f : SharpGrLib.oem4f (.data)
                  20009a53    00000001     drivers_cc13x2_v1.aem4f : AESECBCC26XX.oem4f (.data)
                  20009a54    00000004     libmbedcrypto.lib : ecp_curves.obj (.data:one$1)
                  20009a58    00000004     radio.obj (.data)
                  20009a5c    00000004     rtsv7M4_T_le_v4SPD16_eabi.lib : stkdepth_vars.c.obj (.data)
                  20009a60    00000004     release_pem4f.oem4f (.data:ti_sysbios_family_arm_m3_Hwi_Module_State_0_excContext__A)
                  20009a64    00000004     release_pem4f.oem4f (.data:ti_sysbios_family_arm_m3_Hwi_Module_State_0_excStack__A)
                  20009a68    00000004     release_pem4f.oem4f (.data:ti_sysbios_knl_Task_Module_State_0_idleTask__A)
                  20009a6c    00000002     drivers_cc13x2_v1.aem4f : CryptoResourceCC26XX.oem4f (.data)
                  20009a6e    00000002                             : PKAResourceCC26XX.oem4f (.data)
                  20009a70    00000002     release_pem4f.oem4f (.data:ti_sysbios_family_arm_m3_Hwi_Module_State_0_excActive__A)
                  20009a72    00000001     drivers_cc13x2_v1.aem4f : I2C.oem4f (.data)
                  20009a73    00000001                             : NVS.oem4f (.data)
                  20009a74    00000001                             : SHA2CC26X2.oem4f (.data)
                  20009a75    00000001                             : SPI.oem4f (.data)
                  20009a76    00000001                             : UART.oem4f (.data)
                  20009a77    00000001     opt3001.obj (.data)
                  20009a78    00000001     otstack.obj (.data)

.stack     0    20013c00    00000400     UNINITIALIZED
                  20013c00    00000400     --HOLE--

.priheap   0    20000110    00001000     UNINITIALIZED
                  20000110    00001000     --HOLE--

.data:xdcRomConstPtr 
*          0    20000100    00000004     UNINITIALIZED
                  20000100    00000004     release_pem4f.oem4f (.data:xdcRomConstPtr)

.data:xdcRomExternFuncPtr 
*          0    20000104    00000004     UNINITIALIZED
                  20000104    00000004     release_pem4f.oem4f (.data:xdcRomExternFuncPtr)

.data:xdcRomStatePtr 
*          0    20000108    00000004     UNINITIALIZED
                  20000108    00000004     release_pem4f.oem4f (.data:xdcRomStatePtr)

.bootVecs 
*          0    00000000    00000008     DSECT
                  00000000    00000008     boot.aem4f : boot.oem4f (.bootVecs)

.resetVecs 
*          0    00000000    0000003c     
                  00000000    0000003c     release_pem4f.oem4f (.resetVecs)

.vecs      0    20000000    000000d8     NOLOAD SECTION
                  20000000    000000d8     release_pem4f.oem4f (.vecs)

xdc.meta   0    00000000    0000010c     COPY SECTION
                  00000000    0000010c     release_pem4f.oem4f (xdc.meta)

xdc.noload 
*          0    00000000    00000000     COPY SECTION

.const.1   0    0000003c    00000004     
                  0000003c    00000004     drivers_cc13x2_v1.aem4f : NVS.oem4f (.const:NVS_defaultParams)

.const.2   0    00026dbc    00000004     
                  00026dbc    00000004     release_pem4f.oem4f (.const:ti_sysbios_family_arm_cc26xx_Timer_funcHookCH1__C)

.const.3   0    00026dc4    00000004     
                  00026dc4    00000004     release_pem4f.oem4f (.const:ti_sysbios_family_arm_cc26xx_Timer_funcHookCH2__C)

.const.4   0    00026dcc    00000004     
                  00026dcc    00000004     release_pem4f.oem4f (.const:ti_sysbios_family_arm_m3_Hwi_swiDisable__C)

.const.5   0    00026dd4    00000004     
                  00026dd4    00000004     release_pem4f.oem4f (.const:ti_sysbios_family_arm_m3_Hwi_swiRestoreHwi__C)

.const.6   0    00026ddc    00000004     
                  00026ddc    00000004     release_pem4f.oem4f (.const:ti_sysbios_gates_GateMutexPri_Instance_State_pendQ__O)

.const.7   0    00026de4    00000004     
                  00026de4    00000004     release_pem4f.oem4f (.const:ti_sysbios_heaps_HeapMem_primaryHeapBaseAddr__C)

.TI.bound:flashBuf 
*          0    00052000    00004000     UNINITIALIZED
                  00052000    00004000     CC1352R1_LAUNCHXL.obj (.TI.bound:flashBuf)

.TI.bound:dmaSpi0RxControlTableEntry 
*          0    20001830    00000010     UNINITIALIZED
                  20001830    00000010     drivers_cc13x2_v1.aem4f : SPICC26X2DMA.oem4f (.TI.bound:dmaSpi0RxControlTableEntry)

.TI.bound:dmaSpi0TxControlTableEntry 
*          0    20001840    00000010     UNINITIALIZED
                  20001840    00000010     drivers_cc13x2_v1.aem4f : SPICC26X2DMA.oem4f (.TI.bound:dmaSpi0TxControlTableEntry)

.TI.bound:dmaSpi1RxControlTableEntry 
*          0    20001900    00000010     UNINITIALIZED
                  20001900    00000010     drivers_cc13x2_v1.aem4f : SPICC26X2DMA.oem4f (.TI.bound:dmaSpi1RxControlTableEntry)

.TI.bound:dmaSpi1TxControlTableEntry 
*          0    20001910    00000010     UNINITIALIZED
                  20001910    00000010     drivers_cc13x2_v1.aem4f : SPICC26X2DMA.oem4f (.TI.bound:dmaSpi1TxControlTableEntry)

.TI.bound:dmaSpi0RxAltControlTableEntry 
*          0    20001a30    00000010     UNINITIALIZED
                  20001a30    00000010     drivers_cc13x2_v1.aem4f : SPICC26X2DMA.oem4f (.TI.bound:dmaSpi0RxAltControlTableEntry)

.TI.bound:dmaSpi0TxAltControlTableEntry 
*          0    20001a40    00000010     UNINITIALIZED
                  20001a40    00000010     drivers_cc13x2_v1.aem4f : SPICC26X2DMA.oem4f (.TI.bound:dmaSpi0TxAltControlTableEntry)

.TI.bound:dmaSpi1RxAltControlTableEntry 
*          0    20001b00    00000010     UNINITIALIZED
                  20001b00    00000010     drivers_cc13x2_v1.aem4f : SPICC26X2DMA.oem4f (.TI.bound:dmaSpi1RxAltControlTableEntry)

.TI.bound:dmaSpi1TxAltControlTableEntry 
*          0    20001b10    00000010     UNINITIALIZED
                  20001b10    00000010     drivers_cc13x2_v1.aem4f : SPICC26X2DMA.oem4f (.TI.bound:dmaSpi1TxAltControlTableEntry)

.text.1    0    00000040    00026d7c     
                  00000040    00000a6c     libmbedcrypto.lib : ssl_srv.obj (.text:mbedtls_ssl_handshake_server_step)
                  00000aac    00000004     dpl_cc13x2_v1.aem4f : PowerCC26X2_tirtos.oem4f (.text:CPUwfi)
                  00000ab0    0000070a     ecjpake_alt.obj (.text:ecjpake_hash)
                  000011ba    00000006     display.aem4f : DisplayUart.oem4f (.text:DisplayUartMin_control)
                  000011c0    00000676     ecjpake_alt.obj (.text:mbedtls_ecjpake_write_round_two)
                  00001836    00000002     display.aem4f : DisplaySharp.oem4f (.text:DisplaySharp_init)
                  00001838    000005c8     libmbedcrypto.lib : ssl_cli.obj (.text:mbedtls_ssl_handshake_client_step)
                  00001e00    00000548     drivers_cc13x2_v1.aem4f : ECJPAKECC26X2.oem4f (.text:ECJPAKECC26X2_runFSM)
                  00002348    0000053e     ecjpake_alt.obj (.text:mbedtls_ecjpake_read_round_one)
                  00002886    00000002     display.aem4f : DisplayUart.oem4f (.text:DisplayUartMin_clear)
                  00002888    00000535     lightsensor.obj (.text:Lightsensor_task)
                  00002dbd    00000001     --HOLE-- [fill = 0]
                  00002dbe    000004ec     libmbedcrypto.lib : ecp_curves.obj (.text:ecp_mod_p256)
                  000032aa    00000006     display.aem4f : DisplayUart.oem4f (.text:DisplayUartMin_getType)
                  000032b0    000004a2     ecjpake_alt.obj (.text:ecjpake_kzkp_kzkp_write)
                  00003752    00000006     display.aem4f : Display.oem4f (.text:Display_doParamsInit)
                  00003758    00000486     ecjpake_alt.obj (.text:ecjpake_zkp_read)
                  00003bde    0000047e     grlib.a : string.obj (.text:Graphics_drawString)
                  0000405c    00000430     libmbedcrypto.lib : ssl_cli.obj (.text:ssl_parse_server_hello)
                  0000448c    000003cc     libopenthread_mtd.lib : lowpan.obj (.text:_ZN2ot6Lowpan6Lowpan20DecompressBaseHeaderERNS_3Ip66HeaderERbRKNS_3Mac7AddressES9_PKht)
                  00004858    00000388     grlib.a : image.obj (.text:Graphics_drawImage)
                  00004be0    0000037c     libmbedcrypto.lib : ssl_tls.obj (.text:mbedtls_ssl_read_record_layer)
                  00004f5c    00000004     dpl_cc13x2_v1.aem4f : ClockP_tirtos.oem4f (.text:ClockP_destruct)
                  00004f60    00000356     ecjpake_alt.obj (.text:mbedtls_ecjpake_read_round_two)
                  000052b6    0000034e     libopenthread_mtd.lib : mle.obj (.text:_ZN2ot3Mle3Mle16HandleUdpReceiveERNS_7MessageERKNS_3Ip611MessageInfoE)
                  00005604    00000322                           : mac.obj (.text:_ZN2ot3Mac3Mac19HandleReceivedFrameEPNS0_5FrameE7otError)
                  00005926    00000002     display.aem4f : DisplayUart.oem4f (.text:DisplayUartMin_clearLines)
                  00005928    00000314     rom_sysbios.aem4f : rom_sysbios.obj (.text:xdc_runtime_System_doPrint__I)
                  00005c3c    0000030a     libopenthread_mtd.lib : mle.obj (.text:_ZN2ot3Mle3Mle20HandleParentResponseERKNS_7MessageERKNS_3Ip611MessageInfoEj)
                  00005f46    00000002     display.aem4f : DisplayUart.oem4f (.text:DisplayUartMin_init)
                  00005f48    00000308     libmbedcrypto.lib : ssl_tls.obj (.text:mbedtls_ssl_prepare_handshake_record)
                  00006250    00000304     radio.obj (.text:processRxQueue)
                  00006554    00000300     rf_multiMode_cc13x2_v1.aem4f : RFCC26X2_multiMode.oem4f (.text:RF_fsmActiveState)
                  00006854    00000300     libopenthread_mtd.lib : mesh_forwarder.obj (.text:_ZN2ot13MeshForwarder12SendFragmentERNS_7MessageERNS_3Mac5FrameE)
                  00006b54    000002e8     libmbedcrypto.lib : ssl_tls.obj (.text:mbedtls_ssl_write_record)
                  00006e3c    000002e2                       : ccm.obj (.text:ccm_auth_crypt)
                  0000711e    00000002     driverlib.lib : rfc.obj (.text:NOROM_RFCCpePatchReset)
                  00007120    000002d0     libmbedcrypto.lib : ssl_tls.obj (.text:mbedtls_ssl_derive_keys)
                  000073f0    000002c4     libopenthread_mtd.lib : mle.obj (.text:_ZN2ot3Mle3MleC1ERNS_8InstanceE)
                  000076b4    00000004     dpl_cc13x2_v1.aem4f : ClockP_tirtos.oem4f (.text:ClockP_getCpuFreq)
                  000076b8    000002be     nvoctp.obj (.text:NVOCTP_initNvApi)
                  00007976    00000002     rf_multiMode_cc13x2_v1.aem4f : RFCC26X2_multiMode.oem4f (.text:RF_defaultCallback)
                  00007978    000002bc     drivers_cc13x2_v1.aem4f : SPICC26X2DMA.oem4f (.text:SPICC26X2DMA_transfer)
                  00007c34    000002a8     libopenthread_mtd.lib : lowpan.obj (.text:_ZN2ot6Lowpan6Lowpan8CompressERNS_7MessageERKNS_3Mac7AddressES7_Ph)
                  00007edc    00000294                           : mac.obj (.text:_ZN2ot3Mac3Mac18HandleTransmitDoneEP12otRadioFrameS3_7otError)
                  00008170    00000272                           : mle.obj (.text:_ZN2ot3Mle3Mle23HandleDiscoveryResponseERKNS_7MessageERKNS_3Ip611MessageInfoE)
                  000083e2    00000002                           : mesh_forwarder_mtd.obj (.text:_ZN2ot13MeshForwarder10HandleMeshEPhhRKNS_3Mac7AddressERK16otThreadLinkInfo)
                  000083e4    0000025c                           : mle.obj (.text:_ZN2ot3Mle3Mle16HandleLeaderDataERKNS_7MessageERKNS_3Ip611MessageInfoE)
                  00008640    0000024c     nvoctp.obj (.text:NVOCTP_doNextApi)
                  0000888c    0000024c     libopenthread_mtd.lib : dataset.obj (.text:_ZNK2ot7MeshCoP7Dataset3GetER20otOperationalDataset)
                  00008ad8    0000023c                           : mesh_forwarder.obj (.text:_ZN2ot13MeshForwarder14HandleFragmentEPhhRKNS_3Mac7AddressES5_RK16otThreadLinkInfo)
                  00008d14    00000004     dpl_cc13x2_v1.aem4f : ClockP_tirtos.oem4f (.text:ClockP_getTimeout)
                  00008d18    00000238     nvoctp.obj (.text:NVOCTP_compactPage)
                  00008f50    00000234     nvoctp.obj (.text:NVOCTP_writeItemApi)
                  00009184    00000230     libopenthread_mtd.lib : mle.obj (.text:_ZN2ot3Mle3Mle25HandleChildUpdateResponseERKNS_7MessageERKNS_3Ip611MessageInfoE)
                  000093b4    00000004     dpl_cc13x2_v1.aem4f : ClockP_tirtos.oem4f (.text:ClockP_setTimeout)
                  000093b8    0000022b     lightsensor.obj (.text:coapHandleThresholdMin)
                  000095e3    00000001     --HOLE-- [fill = 0]
                  000095e4    00000228     drivers_cc13x2_v1.aem4f : SPICC26X2DMA.oem4f (.text:SPICC26X2DMA_hwiFxn)
                  0000980c    00000004     dpl_cc13x2_v1.aem4f : ClockP_tirtos.oem4f (.text:ClockP_start)
                  00009810    00000223     lightsensor.obj (.text:coapHandleThresholdMax)
                  00009a33    00000001     --HOLE-- [fill = 0]
                  00009a34    00000220     libopenthread_mtd.lib : mle.obj (.text:_ZN2ot3Mle3Mle21HandleChildIdResponseERKNS_7MessageERKNS_3Ip611MessageInfoE)
                  00009c54    00000220                           : joiner.obj (.text:_ZN2ot7MeshCoP6Joiner18SendJoinerFinalizeEv)
                  00009e74    00000004     dpl_cc13x2_v1.aem4f : ClockP_tirtos.oem4f (.text:ClockP_stop)
                  00009e78    00000214     nvoctp.obj (.text:NVOCTP_createItemApi)
                  0000a08c    00000004     dpl_cc13x2_v1.aem4f : HwiP_tirtos.oem4f (.text:HwiP_clearInterrupt)
                  0000a090    0000020c     release_pem4f.oem4f (.text:xdc_runtime_System_printfExtend__I)
                  0000a29c    000001ec     libopenthread_mtd.lib : ip6.obj (.text:_ZN2ot3Ip63Ip619SelectSourceAddressERNS0_11MessageInfoE)
                  0000a488    000001e4                           : mac.obj (.text:_ZN2ot3Mac3Mac22ProcessReceiveSecurityERNS0_5FrameERKNS0_7AddressEPNS_8NeighborE)
                  0000a66c    00000004     dpl_cc13x2_v1.aem4f : HwiP_tirtos.oem4f (.text:HwiP_destruct)
                  0000a670    000001de     ecjpake_alt.obj (.text:mbedtls_ecjpake_setup)
                  0000a84e    000001cc     rom_sysbios.aem4f : rom_sysbios.obj (.text:acquireMutex$49)
                  0000aa1a    000001ca     libopenthread_mtd.lib : ip6.obj (.text:_ZN2ot3Ip63Ip614HandleDatagramERNS_7MessageEPNS0_5NetifEaPKvb)
                  0000abe4    000001c0     drivers_cc13x2_v1.aem4f : PINCC26XX.oem4f (.text:PIN_init)
                  0000ada4    000001c0     libopenthread_mtd.lib : coap_header.obj (.text:_ZN2ot4Coap6Header11FromMessageERKNS_7MessageEt)
                  0000af64    000001b6     rtsv7M4_T_le_v4SPD16_eabi.lib : fd_add_t2.asm.obj (.text)
                  0000b11a    00000002     libopenthread_mtd.lib : mesh_forwarder_mtd.obj (.text:_ZN2ot13MeshForwarder22HandleSentFrameToChildERKNS_3Mac5FrameE7otErrorRKNS1_7AddressE)
                  0000b11c    000001b4                           : mle.obj (.text:_ZN2ot3Mle3Mle19HandleAdvertisementERKNS_7MessageERKNS_3Ip611MessageInfoE)
                  0000b2d0    000001b4     radio.obj (.text:platformRadioProcess)
                  0000b484    00000004     dpl_cc13x2_v1.aem4f : HwiP_tirtos.oem4f (.text:HwiP_disable)
                  0000b488    000001b0     nvoctp.obj (.text:NVOCTP_checkItem)
                  0000b638    000001ae     libopenthread_mtd.lib : mle.obj (.text:_ZN2ot3Mle3Mle11SendMessageERNS_7MessageERKNS_3Ip67AddressE)
                  0000b7e6    000001a8                           : network_data.obj (.text:_ZN2ot11NetworkData11NetworkData19GetNextOnMeshPrefixEPjtP20otBorderRouterConfig)
                  0000b98e    00000002                           : lowpan.obj (.text:_ZN2ot6Lowpan6LowpanC1ERNS_8InstanceE)
                  0000b990    000001a4     drivers_cc13x2_v1.aem4f : PowerCC26X2.oem4f (.text:Power_sleep)
                  0000bb34    000001a4     libopenthread_mtd.lib : mesh_forwarder.obj (.text:_ZN2ot13MeshForwarder15HandleSentFrameERNS_3Mac5FrameE7otError)
                  0000bcd8    000001a0                           : dtls.obj (.text:_ZN2ot7MeshCoP4Dtls5StartEbPFvPvbEPFvS2_PhtEPF7otErrorS2_PKhthES2_)
                  0000be78    00000196                           : aes_ccm.obj (.text:_ZN2ot6Crypto6AesCcm4InitEjjhPKvh)
                  0000c00e    00000002     rtsv7M4_T_le_v4SPD16_eabi.lib : stdlib_typeinfo.cpp.obj (.text:_ZNSt9type_infoD1Ev)
                  0000c010    00000196     ecjpake_alt.obj (.text:mbedtls_ecjpake_derive_secret)
                  0000c1a6    00000002     rtsv7M4_T_le_v4SPD16_eabi.lib : _lock.c.obj (.text:_nop)
                  0000c1a8    00000194     driverlib.lib : pka.obj (.text:NOROM_PKAEccVerifyPublicKeyWeierstrassStart)
                  0000c33c    00000194     drivers_cc13x2_v1.aem4f : PowerCC26X2_calibrateRCOSC.oem4f (.text:runCalibrateFsm)
                  0000c4d0    0000018c     rf_multiMode_cc13x2_v1.aem4f : RFCC26X2_multiMode.oem4f (.text:RF_scheduleCmd)
                  0000c65c    00000184     libopenthread_mtd.lib : energy_scan_server.obj (.text:_ZN2ot16EnergyScanServer13HandleRequestERNS_4Coap6HeaderERNS_7MessageERKNS_3Ip611MessageInfoE)
                  0000c7e0    00000180     drivers_cc13x2_v1.aem4f : SPICC26X2DMA.oem4f (.text:configNextTransfer)
                  0000c960    0000017f     lightsensor.obj (.text:coapHandleServer)
                  0000cadf    00000001     --HOLE-- [fill = 0]
                  0000cae0    00000176     libopenthread_mtd.lib : mle.obj (.text:_ZN2ot3Mle3Mle25AppendAddressRegistrationERNS_7MessageE)
                  0000cc56    00000174                           : mle.obj (.text:_ZN2ot3Mle3Mle14HandleAnnounceERKNS_7MessageERKNS_3Ip611MessageInfoE)
                  0000cdca    00000002     drivers_cc13x2_v1.aem4f : PowerCC26X2.oem4f (.text:emptyClockFunc)
                  0000cdcc    00000170                             : SPICC26X2DMA.oem4f (.text:SPICC26X2DMA_transferCancel)
                  0000cf3c    0000016c     libmbedcrypto.lib : ctr_drbg.obj (.text:block_cipher_df)
                  0000d0a8    0000016a     libopenthread_mtd.lib : mle.obj (.text:_ZN2ot3Mle3Mle22SendChildUpdateRequestEv)
                  0000d212    00000168                           : heap.obj (.text:_ZN2ot5Utils4Heap4FreeEPv)
                  0000d37a    00000164                           : ip6.obj (.text:_ZN2ot3Ip63Ip615RemoveMplOptionERNS_7MessageE)
                  0000d4de    00000002     drivers_cc13x2_v1.aem4f : CryptoResourceCC26XX.oem4f (.text:errorSpin)
                  0000d4e0    00000164     libmbedcrypto.lib : ssl_tls.obj (.text:mbedtls_ssl_fetch_input)
                  0000d644    00000004     dpl_cc13x2_v1.aem4f : HwiP_tirtos.oem4f (.text:HwiP_disableInterrupt)
                  0000d648    0000015e     nvoctp.obj (.text:NVOCTP_findItem)
                  0000d7a6    00000002     drivers_cc13x2_v1.aem4f : PKAResourceCC26XX.oem4f (.text:errorSpin)
                  0000d7a8    0000015c                             : UARTCC26XX.oem4f (.text:UARTCC26XX_open)
                  0000d904    0000015c     libopenthread_mtd.lib : energy_scan_server.obj (.text:_ZN2ot16EnergyScanServer10SendReportEv)
                  0000da60    0000015c     drivers_cc13x2_v1.aem4f : PowerCC26X2_calibrateRCOSC.oem4f (.text:calibrateRcoscHf1)
                  0000dbbc    00000158     libopenthread_mtd.lib : mle.obj (.text:_ZN2ot3Mle3Mle18SendChildIdRequestEv)
                  0000dd14    00000004     dpl_cc13x2_v1.aem4f : HwiP_tirtos.oem4f (.text:HwiP_enableInterrupt)
                  0000dd18    00000156     sha256_alt.obj (.text:mbedtls_sha256_update_ret)
                  0000de6e    00000002     libmbedcrypto.lib : platform.obj (.text:platform_free_uninit)
                  0000de70    00000154     drivers_cc13x2_v1.aem4f : UARTCC26XX.oem4f (.text:UARTCC26XX_hwiIntFxn)
                  0000dfc4    00000154     libopenthread_mtd.lib : joiner.obj (.text:_ZN2ot7MeshCoP6Joiner19HandleJoinerEntrustERNS_4Coap6HeaderERNS_7MessageERKNS_3Ip611MessageInfoE)
                  0000e118    00000150     libmbedcrypto.lib : ssl_tls.obj (.text:mbedtls_ssl_read)
                  0000e268    0000014c     libopenthread_mtd.lib : panid_query_server.obj (.text:_ZN2ot16PanIdQueryServer12SendConflictEv)
                  0000e3b4    00000004     dpl_cc13x2_v1.aem4f : HwiP_tirtos.oem4f (.text:HwiP_post)
                  0000e3b8    0000014a     radio.obj (.text:rfCommonCallback)
                  0000e502    00000002     rtsv7M4_T_le_v4SPD16_eabi.lib : div0.asm.obj (.text)
                  0000e504    00000148     driverlib.lib : setup.obj (.text:TrimAfterColdResetWakeupFromShutDown)
                  0000e64c    00000148     libopenthread_mtd.lib : coap.obj (.text:_ZN2ot4Coap8CoapBase25HandleRetransmissionTimerEv)
                  0000e794    00000142                           : lowpan.obj (.text:_ZN2ot6Lowpan6Lowpan10DecompressERNS_7MessageERKNS_3Mac7AddressES7_PKhtt)
                  0000e8d6    00000002     rom_sysbios.aem4f : rom_sysbios.obj (.text:xdc_runtime_SysCallback_defaultAbort)
                  0000e8d8    00000140     drivers_cc13x2_v1.aem4f : SPICC26X2DMA.oem4f (.text:initIO)
                  0000ea18    00000138                             : NVSCC26XX.oem4f (.text:NVSCC26XX_write)
                  0000eb50    00000138                             : UARTCC26XX.oem4f (.text:UARTCC26XX_read)
                  0000ec88    00000138     libopenthread_mtd.lib : dataset.obj (.text:_ZNK2ot7MeshCoP7Dataset18ApplyConfigurationERNS_8InstanceE)
                  0000edc0    00000134                           : joiner.obj (.text:_ZN2ot7MeshCoP6Joiner5StartEPKcS3_S3_S3_S3_S3_PFYv7otErrorPvES5_)
                  0000eef4    00000130     drivers_cc13x2_v1.aem4f : PowerCC26X2.oem4f (.text:Power_init)
                  0000f024    00000130     libopenthread_mtd.lib : ip6_mpl.obj (.text:_ZN2ot3Ip63Mpl25HandleRetransmissionTimerEv)
                  0000f154    00000130                           : mac.obj (.text:_ZN2ot3Mac3MacC1ERNS_8InstanceE)
                  0000f284    00000130     libmbedcrypto.lib : ssl_tls.obj (.text:tls_prf_generic)
                  0000f3b4    0000012c     drivers_cc13x2_v1.aem4f : SPICC26X2DMA.oem4f (.text:SPICC26X2DMA_open)
                  0000f4e0    0000012c     libopenthread_mtd.lib : mle.obj (.text:_ZN2ot3Mle3Mle24HandleChildUpdateRequestERKNS_7MessageERKNS_3Ip611MessageInfoE)
                  0000f60c    0000012a                           : coap.obj (.text:_ZN2ot4Coap8CoapBase11SendMessageERNS_7MessageERKNS_3Ip611MessageInfoEPFYvPvP12otCoapHeaderP9otMessagePK13otMessageInfo7otErrorES8_)
                  0000f736    00000002     rom_sysbios.aem4f : rom_sysbios.obj (.text:xdc_runtime_SysCallback_defaultExit)
                  0000f738    00000128     libopenthread_mtd.lib : announce_begin_server.obj (.text:_ZN2ot19AnnounceBeginServer13HandleRequestERNS_4Coap6HeaderERNS_7MessageERKNS_3Ip611MessageInfoE)
                  0000f860    00000128                           : slaac_address.obj (.text:_ZN2ot5Utils5Slaac15UpdateAddressesEP10otInstanceP14otNetifAddressjPF7otErrorS3_S5_PvES7_)
                  0000f988    00000126                           : aes_ccm.obj (.text:_ZN2ot6Crypto6AesCcm7PayloadEPvS2_jb)
                  0000faae    00000002     rom_sysbios.aem4f : rom_sysbios.obj (.text:xdc_runtime_SysCallback_defaultFlush)
                  0000fab0    00000124     rf_multiMode_cc13x2_v1.aem4f : RFCC26X2_multiMode.oem4f (.text:RF_abortCmd)
                  0000fbd4    00000124                                  : RFCC26X2_multiMode.oem4f (.text:RF_init)
                  0000fcf8    00000124     libopenthread_mtd.lib : network_data_leader.obj (.text:_ZN2ot11NetworkData10LeaderBase19ExternalRouteLookupEhRKNS_3Ip67AddressEPhPt)
                  0000fe1c    00000124                           : panid_query_server.obj (.text:_ZN2ot16PanIdQueryServer11HandleQueryERNS_4Coap6HeaderERNS_7MessageERKNS_3Ip611MessageInfoE)
                  0000ff40    00000124                           : ip6.obj (.text:_ZN2ot3Ip63Ip612SendDatagramERNS_7MessageERNS0_11MessageInfoENS0_7IpProtoE)
                  00010064    00000122                           : mle.obj (.text:_ZN2ot3Mle3Mle17HandleAttachTimerEv)
                  00010186    00000002     rom_sysbios.aem4f : rom_sysbios.obj (.text:xdc_runtime_SysCallback_defaultPutch)
                  00010188    00000120     rf_multiMode_cc13x2_v1.aem4f : RFCC26X2_multiMode.oem4f (.text:RF_fsmSetupState)
                  000102a8    00000120     libopenthread_mtd.lib : coap.obj (.text:_ZN2ot4Coap8CoapBase23ProcessReceivedResponseERNS0_6HeaderERNS_7MessageERKNS_3Ip611MessageInfoE)
                  000103c8    0000011e     radio.obj (.text:rf_patch_mce_ieee_802_15_4)
                  000104e6    00000002     --HOLE-- [fill = 0]
                  000104e8    00000118     driverlib.lib : sys_ctrl.obj (.text:NOROM_SysCtrlStandby)
                  00010600    00000118     rf_multiMode_cc13x2_v1.aem4f : RFCC26X2_multiMode.oem4f (.text:RF_decodeOverridePointers)
                  00010718    00000118                                  : RFCC26X2_multiMode.oem4f (.text:RF_radioOpDoneCb)
                  00010830    00000118     libmbedcrypto.lib : ssl_tls.obj (.text:ssl_handshake_init)
                  00010948    00000112     grlib.a : rectangle.obj (.text:Graphics_fillRectangle)
                  00010a5a    00000110     libopenthread_mtd.lib : mle.obj (.text:_ZN2ot3Mle3Mle12SendAnnounceEhbRKNS_3Ip67AddressE)
                  00010b6a    00000006     drivers_cc13x2_v1.aem4f : I2CCC26XX.oem4f (.text:I2CCC26XX_control)
                  00010b70    0000010e     random.obj (.text:otPlatRandomGetTrue)
                  00010c7e    0000010c     libopenthread_mtd.lib : network_data.obj (.text:_ZN2ot11NetworkData11NetworkData19RemoveTemporaryDataEPhRhRNS0_9PrefixTlvE)
                  00010d8a    0000010a                           : mle.obj (.text:_ZN2ot3Mle3Mle8DiscoverEjtbbPFvP18otActiveScanResultPvES4_)
                  00010e94    0000010a                           : coap_header.obj (.text:_ZN2ot4Coap6Header12AppendOptionERKNS1_6OptionE)
                  00010f9e    0000010a                           : lowpan.obj (.text:_ZN2ot6Lowpan6Lowpan25DecompressExtensionHeaderERNS_7MessageEPKht)
                  000110a8    00000108     otstack.obj (.text:OtStack_task)
                  000111b0    00000108     rf_multiMode_cc13x2_v1.aem4f : RFCC26X2_multiMode.oem4f (.text:RF_fsmChangePhyState)
                  000112b8    00000108     libopenthread_mtd.lib : lowpan.obj (.text:_ZN2ot6Lowpan6Lowpan19DecompressUdpHeaderERNS_3Ip69UdpHeaderEPKht)
                  000113c0    00000106     radio.obj (.text:otPlatRadioTransmit)
                  000114c6    00000002     --HOLE-- [fill = 0]
                  000114c8    00000104     rf_multiMode_cc13x2_v1.aem4f : RFCC26X2_multiMode.oem4f (.text:RF_open)
                  000115cc    00000104     drivers_cc13x2_v1.aem4f : UARTCC26XX.oem4f (.text:UARTCC26XX_write)
                  000116d0    00000100                             : GPIOCC26XX.oem4f (.text:GPIO_setConfig)
                  000117d0    00000100     rf_multiMode_cc13x2_v1.aem4f : RFCC26X2_multiMode.oem4f (.text:RF_fsmPowerUpState)
                  000118d0    000000fe     random.obj (.text:otPlatRandomGet)
                  000119ce    00000002     --HOLE-- [fill = 0]
                  000119d0    000000fc     libmbedcrypto.lib : ssl_tls.obj (.text:mbedtls_ssl_write_finished)
                  00011acc    000000fc     rtsv7M4_T_le_v4SPD16_eabi.lib : fd_mul_t2.asm.obj (.text)
                  00011bc8    000000fa     libopenthread_mtd.lib : mesh_forwarder.obj (.text:_ZN2ot13MeshForwarder18HandleFrameRequestERNS_3Mac5FrameE)
                  00011cc2    000000fa                           : coap.obj (.text:_ZN2ot4Coap8CoapBase22ProcessReceivedRequestERNS0_6HeaderERNS_7MessageERKNS_3Ip611MessageInfoE)
                  00011dbc    000000f8     drivers_cc13x2_v1.aem4f : I2CCC26XX.oem4f (.text:I2CCC26XX_open)
                  00011eb4    000000f8     libopenthread_mtd.lib : mesh_forwarder.obj (.text:_ZN2ot13MeshForwarderC1ERNS_8InstanceE)
                  00011fac    000000f4                           : mesh_forwarder.obj (.text:_ZN2ot13MeshForwarder19HandleReceivedFrameERNS_3Mac5FrameE)
                  000120a0    000000f4                           : mac.obj (.text:_ZN2ot3Mac3Mac13BeginTransmitEv)
                  00012194    000000f4                           : mle.obj (.text:_ZN2ot3Mle3Mle23SendChildUpdateResponseEPKhhRKNS0_12ChallengeTlvE)
                  00012288    000000f4     rom_sysbios.aem4f : rom_sysbios.obj (.text:pthread_create)
                  0001237c    000000f2     libopenthread_mtd.lib : mle.obj (.text:_ZN2ot3Mle3Mle18SetMeshLocalPrefixEPKh)
                  0001246e    00000002     --HOLE-- [fill = 0]
                  00012470    000000f0     display.aem4f : DisplaySharp.oem4f (.text:DisplaySharp_open)
                  00012560    000000f0     rom_sysbios.aem4f : rom_sysbios.obj (.text:timer_create)
                  00012650    000000ec     libopenthread_mtd.lib : mle.obj (.text:_ZN2ot3Mle3Mle7RestoreEv)
                  0001273c    000000ec                           : dataset_manager.obj (.text:_ZNK2ot7MeshCoP14DatasetManager15SendGetResponseERKNS_4Coap6HeaderERKNS_3Ip611MessageInfoEPhh)
                  00012828    000000ec     diag.obj (.text:otPlatDiagRadioReceived)
                  00012914    00000004     dpl_cc13x2_v1.aem4f : HwiP_tirtos.oem4f (.text:HwiP_setFunc)
                  00012918    000000ec     radio.obj (.text:platformRadioInit)
                  00012a04    00000004     dpl_cc13x2_v1.aem4f : HwiP_tirtos.oem4f (.text:HwiP_setPriority)
                  00012a08    000000ea     radio.obj (.text:otPlatRadioReceive)
                  00012af2    00000002     --HOLE-- [fill = 0]
                  00012af4    000000e8     drivers_cc13x2_v1.aem4f : I2CCC26XX.oem4f (.text:I2CCC26XX_hwiFxn)
                  00012bdc    000000e6     display.aem4f : SharpGrLib.oem4f (.text:SharpGrLib_rectFill)
                  00012cc2    00000002     --HOLE-- [fill = 0]
                  00012cc4    000000e4                   : SharpGrLib.oem4f (.text:SharpGrLib_flush)
                  00012da8    000000e4     libopenthread_mtd.lib : coap_secure.obj (.text:_ZN2ot4Coap10CoapSecure7ReceiveERNS_7MessageERKNS_3Ip611MessageInfoE)
                  00012e8c    000000e4                           : lowpan.obj (.text:_ZN2ot6Lowpan6Lowpan23CompressExtensionHeaderERNS_7MessageEPhRh)
                  00012f70    000000e0     drivers_cc13x2_v1.aem4f : PINCC26XX.oem4f (.text:PINCC26XX_setIoCfg)
                  00013050    000000e0     rf_multiMode_cc13x2_v1.aem4f : RFCC26X2_multiMode.oem4f (.text:RF_hwiCpe0Active)
                  00013130    000000e0     libmbedcrypto.lib : entropy.obj (.text:mbedtls_entropy_func)
                  00013210    000000de     libopenthread_mtd.lib : ip6.obj (.text:_ZN2ot3Ip63Ip622ProcessReceiveCallbackERKNS_7MessageERKNS0_11MessageInfoEhb)
                  000132ee    000000de                           : ip6_mpl.obj (.text:_ZN2ot3Ip63Mpl18AddBufferedMessageERNS_7MessageEthb)
                  000133cc    000000de                           : mle.obj (.text:_ZN2ot3Mle3Mle5StoreEv)
                  000134aa    000000de                           : coap.obj (.text:_ZN2ot4Coap14ResponsesQueue22GetMatchedResponseCopyERKNS0_6HeaderERKNS_3Ip611MessageInfoEPPNS_7MessageE)
                  00013588    000000de                           : joiner.obj (.text:_ZN2ot7MeshCoP6Joiner20HandleDiscoverResultEP18otActiveScanResult)
                  00013666    000000da                           : icmp6.obj (.text:_ZN2ot3Ip64Icmp17HandleEchoRequestERNS_7MessageERKNS0_11MessageInfoE)
                  00013740    000000da                           : mle.obj (.text:_ZN2ot3Mle3Mle8ReattachEv)
                  0001381a    000000da     libmbedcrypto.lib : ssl_tls.obj (.text:mbedtls_ssl_dtls_replay_update)
                  000138f4    000000d8     drivers_cc13x2_v1.aem4f : GPIOCC26XX.oem4f (.text:GPIO_init)
                  000139cc    000000d8     rf_multiMode_cc13x2_v1.aem4f : RFCC26X2_multiMode.oem4f (.text:RF_dispatchNextCmd)
                  00013aa4    000000d8     rom_sysbios.aem4f : rom_sysbios.obj (.text:timer_settime)
                  00013b7c    000000d6     rf_multiMode_cc13x2_v1.aem4f : RFCC26X2_multiMode.oem4f (.text:RF_updatePaConfiguration)
                  00013c52    00000002     --HOLE-- [fill = 0]
                  00013c54    000000d4                                  : RFCC26X2_multiMode.oem4f (.text:RF_swiHw)
                  00013d28    000000d4     libopenthread_mtd.lib : data_poll_manager.obj (.text:_ZN2ot15DataPollManager12SendDataPollEv)
                  00013dfc    000000d2                           : dtls.obj (.text:_ZN2ot7MeshCoP4Dtls7ProcessEv)
                  00013ece    00000002     --HOLE-- [fill = 0]
                  00013ed0    000000d0     driverlib.lib : pka.obj (.text:PKAGetECCResult)
                  00013fa0    000000d0     settings.obj (.text:otPlatSettingsGet)
                  00014070    000000cc     libopenthread_mtd.lib : thread_netif.obj (.text:_ZN2ot11ThreadNetifC1ERNS_8InstanceE)
                  0001413c    000000c8     drivers_cc13x2_v1.aem4f : AESECBCC26XX.oem4f (.text:AESECB_oneStepEncrypt)
                  00014204    000000c8                             : PowerCC26X2.oem4f (.text:Power_releaseDependency)
                  000142cc    000000c8     libopenthread_mtd.lib : mac.obj (.text:_ZN2ot3Mac3Mac23ProcessTransmitSecurityERNS0_5FrameEb)
                  00014394    000000c8                           : mle.obj (.text:_ZN2ot3Mle3Mle18HandleStateChangedEj)
                  0001445c    000000c8                           : lowpan.obj (.text:_ZN2ot6Lowpan6Lowpan17CompressMulticastERKNS_3Ip67AddressERtPh)
                  00014524    000000c6                           : mac.obj (.text:_ZN2ot3Mac3Mac21ProcessTransmitAesCcmERNS0_5FrameEPKNS0_10ExtAddressE)
                  000145ea    000000c6                           : mle.obj (.text:_ZN2ot3Mle3Mle17SendParentRequestENS1_17ParentRequestTypeE)
                  000146b0    000000c6     radio.obj (.text:otPlatRadioEnergyScan)
                  00014776    00000002     --HOLE-- [fill = 0]
                  00014778    000000c4     drivers_cc13x2_v1.aem4f : PowerCC26X2.oem4f (.text:Power_setDependency)
                  0001483c    000000c4     driverlib.lib : sha2.obj (.text:SHA2ExecuteHash)
                  00014900    000000c2     nvoctp.obj (.text:NVOCTP_readItemApi)
                  000149c2    000000c2     libopenthread_mtd.lib : network_data_leader.obj (.text:_ZN2ot11NetworkData10LeaderBase18DefaultRouteLookupERNS0_9PrefixTlvEPt)
                  00014a84    000000c2     libmbedcrypto.lib : ctr_drbg.obj (.text:mbedtls_ctr_drbg_random_with_add)
                  00014b46    000000c0     drivers_cc13x2_v1.aem4f : I2CCC26XX.oem4f (.text:I2CCC26XX_transfer)
                  00014c06    00000002     --HOLE-- [fill = 0]
                  00014c08    000000c0                             : UARTCC26XX.oem4f (.text:UARTCC26XX_initIO)
                  00014cc8    000000c0     libopenthread_mtd.lib : ip6.obj (.text:_ZN2ot3Ip63Ip613HandleOptionsERNS_7MessageERNS0_6HeaderERb)
                  00014d88    000000c0                           : coap.obj (.text:_ZN2ot4Coap8CoapBase18SendHeaderResponseE10otCoapCodeRKNS0_6HeaderERKNS_3Ip611MessageInfoE)
                  00014e48    000000c0     libmbedcrypto.lib : md.obj (.text:mbedtls_md_hmac_starts)
                  00014f08    000000c0                       : ssl_tls.obj (.text:mbedtls_ssl_parse_finished)
                  00014fc8    000000bc     libopenthread_mtd.lib : mesh_forwarder.obj (.text:_ZN2ot13MeshForwarder14UpdateIp6RouteERNS_7MessageE)
                  00015084    000000bc     rom_sysbios.aem4f : rom_sysbios.obj (.text:clock_gettime)
                  00015140    000000ba     libopenthread_mtd.lib : coap.obj (.text:_ZN2ot4Coap8CoapBase18FindRelatedRequestERKNS0_6HeaderERKNS_3Ip611MessageInfoERS2_RNS0_12CoapMetadataE)
                  000151fa    000000ba                           : lowpan.obj (.text:_ZN2ot6Lowpan6Lowpan17CompressSourceIidERKNS_3Mac7AddressERKNS_3Ip67AddressERKNS0_7ContextERtPh)
                  000152b4    000000ba                           : lowpan.obj (.text:_ZN2ot6Lowpan6Lowpan22CompressDestinationIidERKNS_3Mac7AddressERKNS_3Ip67AddressERKNS0_7ContextERtPh)
                  0001536e    000000b8     display.aem4f : DisplaySharp.oem4f (.text:DisplaySharp_vprintf)
                  00015426    00000002     --HOLE-- [fill = 0]
                  00015428    000000b8     drivers_cc13x2_v1.aem4f : UARTCC26XX.oem4f (.text:UARTCC26XX_initHw)
                  000154e0    000000b8     libopenthread_mtd.lib : ip6_mpl.obj (.text:_ZN2ot3Ip63Mpl13ProcessOptionERNS_7MessageERKNS0_7AddressEb)
                  00015598    000000b8                           : mac.obj (.text:_ZN2ot3Mac3Mac10SendBeaconERNS0_5FrameE)
                  00015650    000000b8     diag.obj (.text:otPlatDiagAlarmCallback)
                  00015708    000000b6     libopenthread_mtd.lib : mle.obj (.text:_ZN2ot3Mle3Mle15SendDataRequestERKNS_3Ip67AddressEPKhht)
                  000157be    000000b6                           : heap.obj (.text:_ZN2ot5Utils4Heap6CAllocEjj)
                  00015874    000000b6                           : lowpan.obj (.text:_ZN2ot6Lowpan6Lowpan11CompressUdpERNS_7MessageEPh)
                  0001592a    000000b6                           : dataset_manager.obj (.text:_ZN2ot7MeshCoP14DatasetManager8RegisterEv)
                  000159e0    000000b6     random.obj (.text:fillRandomPool)
                  00015a96    00000002     --HOLE-- [fill = 0]
                  00015a98    000000b4     dpl_cc13x2_v1.aem4f : PowerCC26X2_tirtos.oem4f (.text:PowerCC26XX_standbyPolicy)
                  00015b4c    000000b4     libopenthread_mtd.lib : coap.obj (.text:_ZN2ot4Coap14ResponsesQueue15EnqueueResponseERNS_7MessageERKNS_3Ip611MessageInfoE)
                  00015c00    000000b4     otstack.obj (.text:handleNetifStateChanged)
                  00015cb4    000000b2     libopenthread_mtd.lib : network_data_leader.obj (.text:_ZN2ot11NetworkData10LeaderBase10GetContextERKNS_3Ip67AddressERNS_6Lowpan7ContextE)
                  00015d66    000000b2                           : mesh_forwarder.obj (.text:_ZN2ot13MeshForwarder14SendEmptyFrameERNS_3Mac5FrameEb)
                  00015e18    000000b0     display.aem4f : DisplaySharp.oem4f (.text:DisplaySharp_control)
                  00015ec8    000000b0     rf_multiMode_cc13x2_v1.aem4f : RFCC26X2_multiMode.oem4f (.text:RF_corePowerDown)
                  00015f78    000000b0     libopenthread_mtd.lib : mle.obj (.text:_ZN2ot3Mle3Mle30HandleMessageTransmissionTimerEv)
                  00016028    000000b0     libmbedcrypto.lib : ssl_tls.obj (.text:mbedtls_ssl_session_reset)
                  000160d8    000000b0     settings.obj (.text:otPlatSettingsDelete)
                  00016188    000000ae     libopenthread_mtd.lib : mac.obj (.text:_ZN2ot3Mac3Mac17PerformEnergyScanEv)
                  00016236    000000ac     rf_multiMode_cc13x2_v1.aem4f : RFCC26X2_multiMode.oem4f (.text:RF_initRadioSetup)
                  000162e2    000000ac     libopenthread_mtd.lib : coap_header.obj (.text:_ZN2ot4Coap6Header13GetNextOptionEv)
                  0001638e    00000002     --HOLE-- [fill = 0]
                  00016390    000000ac                           : dtls.obj (.text:_ZN2ot7MeshCoP4DtlsC1ERNS_8InstanceE)
                  0001643c    000000ac     libmbedcrypto.lib : ssl_tls.obj (.text:mbedtls_ssl_dtls_replay_check)
                  000164e8    000000aa     display.aem4f : SharpGrLib.oem4f (.text:SharpGrLib_lineDrawH)
                  00016592    000000aa     libopenthread_mtd.lib : mesh_forwarder.obj (.text:_ZN2ot13MeshForwarder14HandleLowpanHCEPhhRKNS_3Mac7AddressES5_RK16otThreadLinkInfo)
                  0001663c    000000aa                           : ip6.obj (.text:_ZN2ot3Ip63Ip620AddTunneledMplOptionERNS_7MessageERNS0_6HeaderERNS0_11MessageInfoE)
                  000166e6    000000a8                           : mle.obj (.text:_ZN2ot3Mle3Mle14IsBetterParentEthhRNS0_15ConnectivityTlvE)
                  0001678e    000000a6                           : message.obj (.text:_ZN2ot7Message5WriteEttPKv)
                  00016834    000000a5                           : dataset_manager.obj (.text:_ZNK2ot7MeshCoP14DatasetManager3GetERKNS_4Coap6HeaderERKNS_7MessageERKNS_3Ip611MessageInfoE)
                  000168d9    00000003     --HOLE-- [fill = 0]
                  000168dc    000000a4     driverlib.lib : aes.obj (.text:NOROM_AESWriteToKeyStore)
                  00016980    000000a4     libopenthread_mtd.lib : netif.obj (.text:_ZN2ot3Ip65Netif25AddExternalUnicastAddressERKNS0_19NetifUnicastAddressE)
                  00016a24    000000a4                           : ip6_filter.obj (.text:_ZNK2ot3Ip66Filter6AcceptERNS_7MessageE)
                  00016ac8    000000a4     libmbedcrypto.lib : ssl_tls.obj (.text:mbedtls_ssl_flush_output)
                  00016b6c    000000a4                       : ssl_tls.obj (.text:mbedtls_ssl_setup)
                  00016c10    000000a2     libopenthread_mtd.lib : ip6.obj (.text:_ZN2ot3Ip63Ip612AddMplOptionERNS_7MessageERNS0_6HeaderE)
                  00016cb2    00000002     --HOLE-- [fill = 0]
                  00016cb4    000000a0     drivers_cc13x2_v1.aem4f : UARTCC26XX.oem4f (.text:UARTCC26XX_writeCancel)
                  00016d54    000000a0     libopenthread_mtd.lib : mac.obj (.text:_ZN2ot3Mac3Mac16PerformOperationEv)
                  00016df4    000000a0                           : mac_frame.obj (.text:_ZN2ot3Mac5Frame13InitMacHeaderEth)
                  00016e94    000000a0                           : message.obj (.text:_ZNK2ot7Message4ReadEttPv)
                  00016f34    000000a0     auto_init.aem4f : auto_init.oem4f (.text)
                  00016fd4    000000a0     libmbedcrypto.lib : ssl_tls.obj (.text:mbedtls_ssl_config_defaults)
                  00017074    000000a0                       : ssl_tls.obj (.text:mbedtls_ssl_parse_change_cipher_spec)
                  00017114    00000004     driverlib.lib : rfc.obj (.text:NOROM_RFCOverrideUpdate)
                  00017118    000000a0     radio.obj (.text:otPlatRadioSetExtendedAddress)
                  000171b8    000000a0     rom_sysbios.aem4f : rom_sysbios.obj (.text:ti_sysbios_knl_Task_setPri__E)
                  00017258    0000009e     libopenthread_mtd.lib : udp6.obj (.text:_ZN2ot3Ip63Udp13HandleMessageERNS_7MessageERNS0_11MessageInfoE)
                  000172f6    0000009e                           : dataset_local.obj (.text:_ZNK2ot7MeshCoP12DatasetLocal3GetERNS0_7DatasetE)
                  00017394    0000009c     grlib.a : line.obj (.text:Graphics_drawLineH)
                  00017430    0000009c     driverlib.lib : pka.obj (.text:PKAWritePkaParam)
                  000174cc    0000009c     drivers_cc13x2_v1.aem4f : UARTCC26XX.oem4f (.text:UARTCC26XX_swiIntFxn)
                  00017568    0000009c     libopenthread_mtd.lib : mle.obj (.text:_ZN2ot3Mle3Mle26HandleDelayedResponseTimerEv)
                  00017604    00000004     drivers_cc13x2_v1.aem4f : RingBuf.oem4f (.text:RingBuf_getCount)
                  00017608    0000009c     alarm.obj (.text:platformAlarmProcess)
                  000176a4    0000009c     rtsv7M4_T_le_v4SPD16_eabi.lib : memcpy_t2.asm.obj (.text)
                  00017740    0000009a     alarm.obj (.text:otPlatAlarmMilliStartAt)
                  000177da    00000002     --HOLE-- [fill = 0]
                  000177dc    00000098     driverlib.lib : setup.obj (.text:NOROM_SetupTrimDevice)
                  00017874    00000098     drivers_cc13x2_v1.aem4f : SHA2CC26X2.oem4f (.text:SHA2_finishHash)
                  0001790c    00000098     libopenthread_mtd.lib : data_poll_manager.obj (.text:_ZN2ot15DataPollManager14HandlePollSentE7otError)
                  000179a4    00000098                           : mac.obj (.text:_ZN2ot3Mac3Mac16StartCsmaBackoffEv)
                  00017a3c    00000098                           : coap_secure.obj (.text:_ZN2ot4Coap10CoapSecure14HandleDtlsSendEPKhth)
                  00017ad4    00000098     rom_sysbios.aem4f : rom_sysbios.obj (.text:ti_sysbios_knl_Clock_workFuncDynamic__E)
                  00017b6c    00000096     rtsv7M4_T_le_v4SPD16_eabi.lib : ull_div_t2.asm.obj (.text)
                  00017c02    00000002     --HOLE-- [fill = 0]
                  00017c04    00000094     drivers_cc13x2_v1.aem4f : PINCC26XX.oem4f (.text:PIN_open)
                  00017c98    00000094                             : SPICC26X2DMA.oem4f (.text:SPICC26X2DMA_control)
                  00017d2c    00000004     dpl_cc13x2_v1.aem4f : SemaphoreP_tirtos.oem4f (.text:SemaphoreP_destruct)
                  00017d30    00000092     CC1352R1_LAUNCHXL_fxns.obj (.text:CC1352R1_LAUNCHXL_shutDownExtFlash)
                  00017dc2    00000092     libopenthread_mtd.lib : mle.obj (.text:_ZN2ot3Mle3Mle11BecomeChildENS0_10AttachModeE)
                  00017e54    00000092                           : mle.obj (.text:_ZN2ot3Mle3Mle20PrepareAnnounceStateEv)
                  00017ee6    00000092                           : coap.obj (.text:_ZN2ot4Coap8CoapBase4StopEv)
                  00017f78    00000092     libmbedcrypto.lib : ssl_tls.obj (.text:mbedtls_ssl_resend)
                  0001800a    00000002     --HOLE-- [fill = 0]
                  0001800c    00000090     drivers_cc13x2_v1.aem4f : I2CCC26XX.oem4f (.text:I2CCC26XX_cancel)
                  0001809c    00000090     rf_multiMode_cc13x2_v1.aem4f : RFCC26X2_multiMode.oem4f (.text:RF_discardPendCmd)
                  0001812c    00000090     drivers_cc13x2_v1.aem4f : SHA2CC26X2.oem4f (.text:SHA2_oneStepHash)
                  000181bc    00000090                             : SHA2CC26X2.oem4f (.text:SHA2_processHash)
                  0001824c    00000090                             : SHA2CC26X2.oem4f (.text:SHA2_startHash)
                  000182dc    00000090     display.aem4f : SharpGrLib.oem4f (.text:SharpGrLib_clearScreen)
                  0001836c    00000090     libopenthread_mtd.lib : mesh_forwarder.obj (.text:_ZN2ot13MeshForwarder15PrepareDataPollEv)
                  000183fc    00000090                           : aes_ccm.obj (.text:_ZN2ot6Crypto6AesCcm6HeaderEPKvj)
                  0001848c    00000090                           : joiner.obj (.text:_ZN2ot7MeshCoP6Joiner11TryNextJoinEv)
                  0001851c    00000090     drivers_cc13x2_v1.aem4f : UARTCC26XX.oem4f (.text:writeTxFifoFlush)
                  000185ac    0000008e     libopenthread_mtd.lib : udp6.obj (.text:_ZN2ot3Ip69UdpSocket6SendToERNS_7MessageERKNS0_11MessageInfoE)
                  0001863a    0000008e                           : mle.obj (.text:_ZN2ot3Mle3Mle18SendOrphanAnnounceEv)
                  000186c8    0000008e     radio.obj (.text:otPlatRadioSetPanId)
                  00018756    00000002     --HOLE-- [fill = 0]
                  00018758    0000008e     radio.obj (.text:otPlatRadioSetShortAddress)
                  000187e6    00000002     --HOLE-- [fill = 0]
                  000187e8    0000008c     drivers_cc13x2_v1.aem4f : I2CCC26XX.oem4f (.text:I2CCC26XX_primeTransfer)
                  00018874    0000008c     libopenthread_mtd.lib : coap.obj (.text:_ZN2ot4Coap12CoapMetadataC1EbRKNS_3Ip611MessageInfoEPFYvPvP12otCoapHeaderP9otMessagePK13otMessageInfo7otErrorES6_)
                  00018900    0000008c                           : meshcop_tlvs.obj (.text:_ZN2ot7MeshCoP3Tlv7IsValidERKS1_)
                  0001898c    0000008c     rom_sysbios.aem4f : rom_sysbios.obj (.text:ti_sysbios_gates_GateMutexPri_enter__E)
                  00018a18    0000008a     opt3001.obj (.text:OPT3001_open)
                  00018aa2    0000008a     rf_multiMode_cc13x2_v1.aem4f : RFCC26X2_multiMode.oem4f (.text:RF_schChkCmdInsert)
                  00018b2c    0000008a     libopenthread_mtd.lib : message.obj (.text:_ZN2ot7Message11SetPriorityEh)
                  00018bb6    0000008a                           : timestamp.obj (.text:_ZNK2ot7MeshCoP9Timestamp7CompareERKS1_)
                  00018c40    0000008a     libmbedcrypto.lib : entropy.obj (.text:entropy_gather_internal)
                  00018cca    00000002     --HOLE-- [fill = 0]
                  00018ccc    00000088     drivers_cc13x2_v1.aem4f : AESECBCC26XX.oem4f (.text:AESECB_open)
                  00018d54    00000088                             : ECJPAKECC26X2.oem4f (.text:ECJPAKE_open)
                  00018ddc    00000088     driverlib.lib : osc.obj (.text:NOROM_OSCHF_AttemptToSwitchToXosc)
                  00018e64    00000088     rf_multiMode_cc13x2_v1.aem4f : RFCC26X2_multiMode.oem4f (.text:RF_ratFreeChannel)
                  00018eec    00000088     drivers_cc13x2_v1.aem4f : SHA2CC26X2.oem4f (.text:SHA2_open)
                  00018f74    00000088     libopenthread_mtd.lib : mac_frame.obj (.text:_ZNK2ot3Mac5Frame23SkipSecurityHeaderIndexEv)
                  00018ffc    00000088                           : message.obj (.text:_ZNK2ot7Message5CloneEt)
                  00019084    00000088     rom_sysbios.aem4f : rom_sysbios.obj (.text:_pthread_removeThreadKeys)
                  0001910c    00000088     drivers_cc13x2_v1.aem4f : PowerCC26X2_calibrateRCOSC.oem4f (.text:calibrateRcoscHf2)
                  00019194    00000088     libmbedcrypto.lib : ssl_tls.obj (.text:mbedtls_ssl_free)
                  0001921c    00000088                       : ssl_tls.obj (.text:ssl_calc_finished_tls_sha256)
                  000192a4    00000086     libopenthread_mtd.lib : network_data_leader.obj (.text:_ZN2ot11NetworkData10LeaderBase10GetContextEhRNS_6Lowpan7ContextE)
                  0001932a    00000086     rtsv7M4_T_le_v4SPD16_eabi.lib : fd_cmp_t2.asm.obj (.text:__aeabi_cdcmple)
                  000193b0    00000086                                   : fd_cmp_t2.asm.obj (.text:__aeabi_cdrcmple)
                  00019436    00000002     --HOLE-- [fill = 0]
                  00019438    00000084     driverlib.lib : pka.obj (.text:NOROM_PKAEccMultiplyStart)
                  000194bc    00000084     rf_multiMode_cc13x2_v1.aem4f : RFCC26X2_multiMode.oem4f (.text:RF_hwiHw)
                  00019540    00000084     drivers_cc13x2_v1.aem4f : UARTCC26XX.oem4f (.text:UARTCC26XX_close)
                  000195c4    00000084     libopenthread_mtd.lib : lowpan.obj (.text:_ZN2ot6Lowpan6Lowpan10ComputeIidERKNS_3Mac7AddressERKNS0_7ContextERNS_3Ip67AddressE)
                  00019648    00000084     libmbedcrypto.lib : ecp_curves.obj (.text:mbedtls_ecp_group_load)
                  000196cc    00000004     dpl_cc13x2_v1.aem4f : SemaphoreP_tirtos.oem4f (.text:SemaphoreP_post)
                  000196d0    00000084     sha256_alt.obj (.text:mbedtls_internal_sha256_process)
                  00019754    00000084     rom_sysbios.aem4f : rom_sysbios.obj (.text:pthread_mutex_init)
                  000197d8    00000082     libopenthread_mtd.lib : link_quality.obj (.text:_ZN2ot11RssAverager3AddEa)
                  0001985a    00000002     --HOLE-- [fill = 0]
                  0001985c    00000080     driverlib.lib : pka.obj (.text:NOROM_PKAEccAddStart)
                  000198dc    00000080                   : setup_rom.obj (.text:NOROM_SetupStepVddrTrimTo)
                  0001995c    00000080     drivers_cc13x2_v1.aem4f : NVSCC26XX.oem4f (.text:NVSCC26XX_open)
                  000199dc    00000080     rf_multiMode_cc13x2_v1.aem4f : RFCC26X2_multiMode.oem4f (.text:RF_yield)
                  00019a5c    00000080     libopenthread_mtd.lib : joiner.obj (.text:_ZN2ot7MeshCoP6Joiner25SendJoinerEntrustResponseERKNS_4Coap6HeaderERKNS_3Ip611MessageInfoE)
                  00019adc    00000080     libmbedcrypto.lib : ctr_drbg.obj (.text:ctr_drbg_update_internal)
                  00019b5c    00000080     rom_sysbios.aem4f : rom_sysbios.obj (.text:ti_sysbios_family_arm_cc26xx_Timer_start__E)
                  00019bdc    00000004     dpl_cc13x2_v1.aem4f : SwiP_tirtos.oem4f (.text:SwiP_destruct)
                  00019be0    0000007e     otstack.obj (.text:OtStack_taskCreate)
                  00019c5e    0000007e     libopenthread_mtd.lib : mesh_forwarder.obj (.text:_ZN2ot13MeshForwarder4StopEv)
                  00019cdc    0000007e                           : ip6_routes.obj (.text:_ZN2ot3Ip66Routes6LookupERKNS0_7AddressES4_)
                  00019d5a    0000007e                           : mle.obj (.text:_ZN2ot3Mle3Mle5StartEbb)
                  00019dd8    0000007c     opt3001.obj (.text:OPT3001_init)
                  00019e54    0000007c     libopenthread_mtd.lib : icmp6.obj (.text:_ZN2ot3Ip64Icmp13HandleMessageERNS_7MessageERNS0_11MessageInfoE)
                  00019ed0    0000007c                           : mle.obj (.text:_ZN2ot3Mle3Mle22AppendPendingTimestampERNS_7MessageE)
                  00019f4c    0000007c                           : message.obj (.text:_ZNK2ot7Message14UpdateChecksumEttt)
                  00019fc8    0000007c     libmbedcrypto.lib : cipher.obj (.text:mbedtls_cipher_update)
                  0001a044    0000007c     drivers_cc13x2_v1.aem4f : PowerCC26X2_calibrateRCOSC.oem4f (.text:updateSubSecInc)
                  0001a0c0    0000007a     rtsv7M4_T_le_v4SPD16_eabi.lib : memset_t2.asm.obj (.text)
                  0001a13a    00000002     --HOLE-- [fill = 0]
                  0001a13c    00000078     drivers_cc13x2_v1.aem4f : ECJPAKECC26X2.oem4f (.text:ECJPAKE_computeSharedSecret)
                  0001a1b4    00000078                             : ECJPAKECC26X2.oem4f (.text:ECJPAKE_roundTwoGenerateKeys)
                  0001a22c    00000078     driverlib.lib : pka.obj (.text:PKAGetBigNumResult)
                  0001a2a4    00000078     rf_multiMode_cc13x2_v1.aem4f : RFCC26X2_multiMode.oem4f (.text:RF_howToSchedule)
                  0001a31c    00000078                                  : RFCC26X2_multiMode.oem4f (.text:RF_ratDispatchTime)
                  0001a394    00000078     libopenthread_mtd.lib : announce_sender.obj (.text:_ZN2ot18AnnounceSenderBase11HandleTimerEv)
                  0001a40c    00000078                           : mle.obj (.text:_ZN2ot3Mle3Mle16SetStateDetachedEv)
                  0001a484    00000078                           : dataset_manager.obj (.text:_ZN2ot7MeshCoP14DatasetManager11HandleTimerEv)
                  0001a4fc    00000078                           : dataset_manager.obj (.text:_ZN2ot7MeshCoP14DatasetManager3SetERKNS0_7DatasetE)
                  0001a574    00000078     libmbedcrypto.lib : bignum.obj (.text:mbedtls_mpi_cmp_abs)
                  0001a5ec    00000004     dpl_cc13x2_v1.aem4f : SwiP_tirtos.oem4f (.text:SwiP_disable)
                  0001a5f0    00000078     radio.obj (.text:otPlatRadioEnable)
                  0001a668    00000076     libopenthread_mtd.lib : network_data_leader.obj (.text:_ZN2ot11NetworkData10LeaderBase11RouteLookupERKNS_3Ip67AddressES5_PhPt)
                  0001a6de    00000076                           : tlvs.obj (.text:_ZN2ot3Tlv9GetOffsetERKNS_7MessageEhRt)
                  0001a754    00000076     libmbedcrypto.lib : ctr_drbg.obj (.text:mbedtls_ctr_drbg_reseed)
                  0001a7ca    00000006     driverlib.lib : cpu.obj (.text:NOROM_CPUdelay)
                  0001a7d0    00000074     otstack.obj (.text:OtStack_joinNetwork)
                  0001a844    00000074     driverlib.lib : pka.obj (.text:PKAGetBigNumResultRemainder)
                  0001a8b8    00000074     drivers_cc13x2_v1.aem4f : PowerCC26X2_calibrateRCOSC.oem4f (.text:PowerCC26X2_auxISR)
                  0001a92c    00000074     rf_multiMode_cc13x2_v1.aem4f : RFCC26X2_multiMode.oem4f (.text:RF_issueRadioFreeCb)
                  0001a9a0    00000074     libopenthread_mtd.lib : energy_scan_server.obj (.text:_ZN2ot16EnergyScanServerC1ERNS_8InstanceE)
                  0001aa14    00000074                           : ip6.obj (.text:_ZN2ot3Ip63Ip622HandleExtensionHeadersERNS_7MessageERNS0_6HeaderERhbb)
                  0001aa88    00000074                           : ip6_mpl.obj (.text:_ZN2ot3Ip63Mpl17UpdateBufferedSetEth)
                  0001aafc    00000074                           : dataset.obj (.text:_ZN2ot7MeshCoP7Dataset3SetERKNS0_3TlvE)
                  0001ab70    00000074     settings.obj (.text:otPlatSettingsSet)
                  0001abe4    00000074     rom_sysbios.aem4f : rom_sysbios.obj (.text:ti_sysbios_gates_GateMutexPri_leave__E)
                  0001ac58    00000072     nvoctp.obj (.text:NVOCTP_copyItem)
                  0001acca    00000072     rf_multiMode_cc13x2_v1.aem4f : RFCC26X2_multiMode.oem4f (.text:RF_detachOverrides)
                  0001ad3c    00000072     libopenthread_mtd.lib : key_manager.obj (.text:_ZN2ot10KeyManager21SetCurrentKeySequenceEj)
                  0001adae    00000072                           : mesh_forwarder.obj (.text:_ZN2ot13MeshForwarder21GetDirectTransmissionEv)
                  0001ae20    00000072                           : mesh_forwarder.obj (.text:_ZN2ot13MeshForwarder22PrepareDiscoverRequestEv)
                  0001ae92    00000072                           : mle.obj (.text:_ZN2ot3Mle3Mle13SetStateChildEt)
                  0001af04    00000072                           : dataset_manager.obj (.text:_ZN2ot7MeshCoP14PendingDataset16HandleDelayTimerEv)
                  0001af76    00000072     drivers_cc13x2_v1.aem4f : SPICC26X2DMA.oem4f (.text:csnCallback)
                  0001afe8    00000070                             : ECJPAKECC26X2.oem4f (.text:ECJPAKE_generateZKP)
                  0001b058    00000070                             : ECJPAKECC26X2.oem4f (.text:ECJPAKE_roundOneGenerateKeys)
                  0001b0c8    00000070                             : ECJPAKECC26X2.oem4f (.text:ECJPAKE_verifyZKP)
                  0001b138    00000070     driverlib.lib : rfc.obj (.text:NOROM_RFCAnaDivTxOverride)
                  0001b1a8    00000070     libopenthread_mtd.lib : key_manager.obj (.text:_ZN2ot10KeyManager12SetMasterKeyERK11otMasterKey)
                  0001b218    00000070                           : instance.obj (.text:_ZN2ot8InstanceC1Ev)
                  0001b288    00000070                           : mle.obj (.text:_ZNK2ot3Mle3Mle19GetAttachStartDelayEv)
                  0001b2f8    00000070     libmbedcrypto.lib : bignum.obj (.text:mbedtls_mpi_sub_abs)
                  0001b368    00000070                       : ssl_tls.obj (.text:mbedtls_ssl_write)
                  0001b3d8    0000006e     rf_multiMode_cc13x2_v1.aem4f : RFCC26X2_multiMode.oem4f (.text:RF_attachOverrides)
                  0001b446    0000006e     libopenthread_mtd.lib : network_data_leader.obj (.text:_ZN2ot11NetworkData10LeaderBase14SetNetworkDataEhhbRKNS_7MessageEt)
                  0001b4b4    0000006e                           : mesh_forwarder.obj (.text:_ZN2ot13MeshForwarder24GetMacDestinationAddressERKNS_3Ip67AddressERNS_3Mac7AddressE)
                  0001b522    0000006e                           : udp6.obj (.text:_ZN2ot3Ip63Udp13HandlePayloadERNS_7MessageERNS0_11MessageInfoE)
                  0001b590    0000006e     radio.obj (.text:otPlatRadioSleep)
                  0001b5fe    00000002     --HOLE-- [fill = 0]
                  0001b600    0000006d     rom_sysbios.aem4f : rom_sysbios.obj (.text:xdc_runtime_System_formatNum__I)
                  0001b66d    00000003     --HOLE-- [fill = 0]
                  0001b670    0000006c     grlib.a : image.obj (.text:Graphics_convertPalette)
                  0001b6dc    0000006c     driverlib.lib : setup_rom.obj (.text:NOROM_SetupAfterColdResetWakeupFromShutDownCfg1)
                  0001b748    0000006c     drivers_cc13x2_v1.aem4f : PINCC26XX.oem4f (.text:PIN_add)
                  0001b7b4    0000006c                             : UARTCC26XX.oem4f (.text:UARTCC26XX_readCancel)
                  0001b820    0000006c     libopenthread_mtd.lib : network_data.obj (.text:_ZN2ot11NetworkData11NetworkData19RemoveTemporaryDataEPhRh)
                  0001b88c    0000006c                           : dataset_local.obj (.text:_ZN2ot7MeshCoP12DatasetLocal3SetERKNS0_7DatasetE)
                  0001b8f8    0000006c     libmbedcrypto.lib : entropy.obj (.text:entropy_update)
                  0001b964    0000006c                       : bignum.obj (.text:mbedtls_mpi_copy)
                  0001b9d0    0000006c                       : ssl_cookie.obj (.text:mbedtls_ssl_cookie_check)
                  0001ba3c    0000006a     libopenthread_mtd.lib : ip6_mpl.obj (.text:_ZN2ot3Ip63Mpl13UpdateSeedSetEth)
                  0001baa6    0000006a                           : message.obj (.text:_ZN2ot7Message7PrependEPKvt)
                  0001bb10    00000068     driverlib.lib : osc.obj (.text:NOROM_OSCHF_SwitchToRcOscTurnOffXosc)
                  0001bb78    00000068     rf_multiMode_cc13x2_v1.aem4f : RFCC26X2_multiMode.oem4f (.text:RF_getCurrentTime)
                  0001bbe0    00000068     libopenthread_mtd.lib : udp6.obj (.text:_ZN2ot3Ip63Udp12SendDatagramERNS_7MessageERNS0_11MessageInfoENS0_7IpProtoE)
                  0001bc48    00000068                           : mle.obj (.text:_ZN2ot3Mle3Mle13SetLeaderDataEjhh)
[...]
1003bf8d  xdc_runtime_SysCallback_Module__startupDone__S                                                                                     
1003bf8d  xdc_runtime_System_SupportProxy_Module__startupDone__S                                                                             
1003bf91  xdc_runtime_System_Module_GateProxy_enter__E                                                                                       
1003bf95  xdc_runtime_System_Module_GateProxy_leave__E                                                                                       
1003bf99  xdc_runtime_System_abortSpin__E                                                                                                    
1003bf9b  xdc_runtime_System_exitSpin__E                                                                                                     
1003bf9d  ti_sysbios_family_arm_m3_Hwi_dispatch__I                                                                                           
1003c095  ti_sysbios_family_arm_m3_TaskSupport_buildTaskStack                                                                                
1003c121  ti_sysbios_family_arm_m3_Hwi_initStacks__E                                                                                         
1003c179  ti_sysbios_family_arm_m3_Hwi_pendSV__I                                                                                             
1003c19d  ti_sysbios_family_arm_m3_Hwi_return                                                                                                
1003c1a1  ti_sysbios_family_arm_m3_Hwi_excHandlerAsm__I                                                                                      
1003c1c1  ti_sysbios_family_xxx_Hwi_switchAndRunFunc                                                                                         
1003c1df  ti_sysbios_family_arm_m3_TaskSupport_swap__E                                                                                       
1003c1df  ti_sysbios_knl_Task_SupportProxy_swap__E                                                                                           
1003c1df  ti_sysbios_knl_Task_SupportProxy_swap__E__mangled__                                                                                
1003c1eb  ti_sysbios_knl_Task_swapReturn                                                                                                     
1003c1f7  ti_sysbios_family_arm_m3_TaskSupport_glue                                                                                          
1003c208  ti_sysbios_knl_Task_Object__PARAMS__C                                                                                              
1003c244  ti_sysbios_knl_Mailbox_Object__PARAMS__C                                                                                           
1003c278  ti_sysbios_family_arm_m3_Hwi_Object__PARAMS__C                                                                                     
1003c2a8  ti_sysbios_hal_Hwi_Object__PARAMS__C                                                                                               
1003c2d4  ti_sysbios_knl_Swi_Object__PARAMS__C                                                                                               
1003c2fc  ti_sysbios_heaps_HeapMem_Object__PARAMS__C                                                                                         
1003c320  ti_sysbios_knl_Clock_Object__PARAMS__C                                                                                             
1003c344  ti_sysbios_knl_Semaphore_Object__PARAMS__C                                                                                         
1003c368  ti_sysbios_gates_GateHwi_Object__PARAMS__C                                                                                         
1003c380  ti_sysbios_gates_GateMutex_Object__PARAMS__C                                                                                       
1003c398  ti_sysbios_knl_Event_Object__PARAMS__C                                                                                             
1003c3b0  ti_sysbios_knl_Queue_Object__PARAMS__C                                                                                             
20000000  ti_sysbios_family_arm_m3_Hwi_ramVectors                                                                                            
20000100  xdcRomConstPtr                                                                                                                     
20000104  xdcRomExternFuncPtr                                                                                                                
20000108  xdcRomStatePtr                                                                                                                     
20000110  __primary_heap_start__                                                                                                             
20001110  __primary_heap_end__                                                                                                               
20005f28  uartCC26XXObjects                                                                                                                  
20006178  ti_sysbios_knl_Task_Instance_State_0_stack__A                                                                                      
20006538  spiCC26X2DMAObjects                                                                                                                
200066d8  _ZN2ot11Diagnostics4Diag8sTxPowerE                                                                                                 
200066d9  _ZN2ot11Diagnostics4Diag8sChannelE                                                                                                 
200066da  _ZN2ot11Diagnostics4Diag6sTxLenE                                                                                                   
200066db  _ZN2ot11Diagnostics4Diag13sRepeatActiveE                                                                                           
200066dc  _ZN2ot11Diagnostics4Diag9sTxPeriodE                                                                                                
200066e0  _ZN2ot11Diagnostics4Diag10sTxPacketsE                                                                                              
200066e4  _ZN2ot11Diagnostics4Diag9sTxPacketE                                                                                                
200066e8  _ZN2ot11Diagnostics4Diag9sInstanceE                                                                                                
200066ec  _ZN2ot11Diagnostics4Diag6sStatsE                                                                                                   
200066f8  _ZN2ot11Diagnostics4Diag7sOutputE                                                                                                  
200067f8  i2cCC26xxObjects                                                                                                                   
200068d8  ti_sysbios_family_arm_m3_Hwi_dispatchTable                                                                                         
20006a30  pinHandleTable                                                                                                                     
20006b70  ecjpakeCC26X2Objects                                                                                                               
20006bc4  sha2CC26X2Objects                                                                                                                  
20006c14  aesecbCC26XXObjects                                                                                                                
20006c60  displaySharpObject                                                                                                                 
20006ca4  uartCC26XXRingBuffer                                                                                                               
20006f24  udmaObjects                                                                                                                        
20006fb4  CryptoResourceCC26XX_accessSemaphore                                                                                               
20006fd0  CryptoResourceCC26XX_hwi                                                                                                           
20006fec  CryptoResourceCC26XX_operationSemaphore                                                                                            
20007008  PKAResourceCC26XX_accessSemaphore                                                                                                  
20007024  PKAResourceCC26XX_hwi                                                                                                              
20007040  PKAResourceCC26XX_operationSemaphore                                                                                               
200071a0  OPT3001_object                                                                                                                     
200071ac  displayUartObject                                                                                                                  
200071cc  ClockP_tickPeriod                                                                                                                  
200071d0  PowerCC26XX_swiKey                                                                                                                 
200071d4  PowerCC26XX_taskKey                                                                                                                
200071d8  nvsCC26xxObjects                                                                                                                   
200071de  driverlib_release_0_52354                                                                                                          
20008fbc  pOverrides                                                                                                                         
20008ff8  txPowerTable                                                                                                                       
200093e0  ROM_stateStruct                                                                                                                    
200093e0  ti_sysbios_knl_Clock_Module__state__V                                                                                              
2000940c  ti_sysbios_family_arm_cc26xx_TimestampProvider_Module__state__V                                                                    
20009410  xdc_runtime_Startup_Module__state__V                                                                                               
20009418  ti_sysbios_BIOS_Module__state__V                                                                                                   
2000943c  ti_sysbios_knl_Swi_Module__state__V                                                                                                
20009458  ti_sysbios_knl_Task_Module__state__V                                                                                               
2000949c  xdc_runtime_Memory_Module__state__V                                                                                                
200094a0  xdc_runtime_System_Module__state__V                                                                                                
200094a8  ti_sysbios_family_arm_m3_Hwi_Module__state__V                                                                                      
200094dc  xdc_runtime_Error_Module__state__V                                                                                                 
200094e0  ti_sysbios_family_arm_cc26xx_Timer_Module__state__V                                                                                
200094e8  PowerCC26X2_module                                                                                                                 
20009638  ti_sysbios_gates_GateMutex_Object__table__V                                                                                        
2000968c  ti_sysbios_knl_Task_Object__table__V                                                                                               
200096d8  ti_sysbios_family_arm_cc26xx_Timer_Object__table__V                                                                                
20009798  ti_sysbios_knl_Swi_Module_State_0_readyQ__A                                                                                        
200097c8  ti_sysbios_knl_Swi_Object__table__V                                                                                                
200097f8  ti_sysbios_knl_Task_Module_State_0_readyQ__A                                                                                       
20009854  gpioPinConfigs                                                                                                                     
200098cc  ti_sysbios_knl_Clock_Object__table__V                                                                                              
200098ec  xdc_runtime_Error_IgnoreBlock                                                                                                      
20009924  ti_sysbios_family_arm_m3_Hwi_Object__table__V                                                                                      
2000993c  ti_sysbios_heaps_HeapMem_Object__table__V                                                                                          
20009974  OPT3001_config                                                                                                                     
20009984  gpioCallbackFunctions                                                                                                              
2000999c  lcdHandle                                                                                                                          
200099a0  serialHandle                                                                                                                       
200099ac  mbedtls_calloc                                                                                                                     
200099b0  mbedtls_free                                                                                                                       
200099b4  _lock                                                                                                                              
200099b8  _unlock                                                                                                                            
200099cc  pinUpperBound                                                                                                                      
200099d0  pinLowerBound                                                                                                                      
200099d4  ti_sysbios_family_arm_cc26xx_Seconds_Module__state__V                                                                              
200099dc  ti_sysbios_family_arm_m3_Hwi_Module__root__V                                                                                       
200099e4  ti_sysbios_gates_GateHwi_Module__root__V                                                                                           
200099ec  ti_sysbios_gates_GateMutexPri_Module__root__V                                                                                      
200099f4  ti_sysbios_gates_GateMutex_Module__root__V                                                                                         
200099fc  ti_sysbios_hal_Hwi_Module__root__V                                                                                                 
20009a04  ti_sysbios_heaps_HeapMem_Module__root__V                                                                                           
20009a0c  ti_sysbios_knl_Clock_Module__root__V                                                                                               
20009a14  ti_sysbios_knl_Event_Module__root__V                                                                                               
20009a1c  ti_sysbios_knl_Mailbox_Module__root__V                                                                                             
20009a24  ti_sysbios_knl_Queue_Module__root__V                                                                                               
20009a2c  ti_sysbios_knl_Semaphore_Module__root__V                                                                                           
20009a34  ti_sysbios_knl_Swi_Module__root__V                                                                                                 
20009a3c  ti_sysbios_knl_Task_Module__root__V                                                                                                
20009a44  xdc_runtime_System_Module_State_0_atexitHandlers__A                                                                                
20009a5c  main_func_sp                                                                                                                       
20009a60  ti_sysbios_family_arm_m3_Hwi_Module_State_0_excContext__A                                                                          
20009a64  ti_sysbios_family_arm_m3_Hwi_Module_State_0_excStack__A                                                                            
20009a68  ti_sysbios_knl_Task_Module_State_0_idleTask__A                                                                                     
20009a6c  CryptoResourceCC26XX_pollingFlag                                                                                                   
20009a6e  PKAResourceCC26XX_pollingFlag                                                                                                      
20009a70  ti_sysbios_family_arm_m3_Hwi_Module_State_0_excActive__A                                                                           
20013c00  __stack                                                                                                                            
20014000  __STACK_END                                                                                                                        
e000e000  ti_sysbios_family_arm_m3_Hwi_nvic                                                                                                  
ffffffff  __TI_pprof_out_hndl                                                                                                                
ffffffff  __TI_prof_data_size                                                                                                                
ffffffff  __TI_prof_data_start                                                                                                               
ffffffff  __binit__                                                                                                                          
ffffffff  __c_args__                                                                                                                         
ffffffff  binit                                                                                                                              
UNDEFED   SHT$$INIT_ARRAY$$Base                                                                                                              
UNDEFED   SHT$$INIT_ARRAY$$Limit                                                                                                             

[2264 symbols]
