******************************************************************************
                  TI ARM Linker PC v18.1.4                     
******************************************************************************
>> Linked Thu Feb  7 15:11:00 2019

OUTPUT FILE NAME:   <shade_CC1352R1_LAUNCHXL_tirtos_ccs.out>
ENTRY POINT SYMBOL: "ResetISR"  address: 0001cbb5


MEMORY CONFIGURATION

         name            origin    length      used     unused   attr    fill
----------------------  --------  ---------  --------  --------  ----  --------
  FLASH                 00000000   00058000  0002d21a  0002ade6  R  X
  GPRAM                 11000000   00002000  00000000  00002000  RW X
  SRAM                  20000000   00014000  0000931a  0000ace6  RW X


SEGMENT ALLOCATION MAP

run origin  load origin   length   init length attrs members
----------  ----------- ---------- ----------- ----- -------
00000000    00000000    000291c8   000291c8    r-x
  00000000    00000000    0000003c   0000003c    r-- .resetVecs
  0000003c    0000003c    00000004   00000004    r-- .const.1
  00000040    00000040    0002602a   0002602a    r-x .text.1
  0002606c    0002606c    00000004   00000004    r-- .const.2
  00026070    00026070    00000002   00000002    r-x .text.2
  00026074    00026074    00000004   00000004    r-- .const.3
  00026078    00026078    00000002   00000002    r-x .text.3
  0002607c    0002607c    00000004   00000004    r-- .const.4
  00026080    00026080    00000264   00000264    r-x .text.4
  000262e4    000262e4    00002b7c   00002b7c    r-- .const.5
  00028e60    00028e60    00000368   00000368    r-- .cinit
00052000    00052000    00004000   00000000    rw-
  00052000    00052000    00004000   00000000    rw- .TI.bound:flashBuf
00057fa8    00057fa8    00000058   00000058    r--
  00057fa8    00057fa8    00000058   00000058    r-- .ccfg
20000100    20000100    0000000c   00000000    rw-
  20000100    20000100    00000004   00000000    rw- .data:xdcRomConstPtr
  20000104    20000104    00000004   00000000    rw- .data:xdcRomExternFuncPtr
  20000108    20000108    00000004   00000000    rw- .data:xdcRomStatePtr
20000110    20000110    00001000   00000000    r--
  20000110    20000110    00001000   00000000    r-- .priheap
20001830    20001830    00000010   00000000    rw-
  20001830    20001830    00000010   00000000    rw- .TI.bound:dmaSpi0RxControlTableEntry
20001840    20001840    00000010   00000000    rw-
  20001840    20001840    00000010   00000000    rw- .TI.bound:dmaSpi0TxControlTableEntry
20001900    20001900    00000010   00000000    rw-
  20001900    20001900    00000010   00000000    rw- .TI.bound:dmaSpi1RxControlTableEntry
20001910    20001910    00000010   00000000    rw-
  20001910    20001910    00000010   00000000    rw- .TI.bound:dmaSpi1TxControlTableEntry
20001a30    20001a30    00000010   00000000    rw-
  20001a30    20001a30    00000010   00000000    rw- .TI.bound:dmaSpi0RxAltControlTableEntry
20001a40    20001a40    00000010   00000000    rw-
  20001a40    20001a40    00000010   00000000    rw- .TI.bound:dmaSpi0TxAltControlTableEntry
20001b00    20001b00    00000010   00000000    rw-
  20001b00    20001b00    00000010   00000000    rw- .TI.bound:dmaSpi1RxAltControlTableEntry
20001b10    20001b10    00007dcb   00000000    rw-
  20001b10    20001b10    00000010   00000000    rw- .TI.bound:dmaSpi1TxAltControlTableEntry
  20001b20    20001b20    000055a3   00000000    rw- .bss
  200070c8    200070c8    00002813   00000000    rw- .data
20013c00    20013c00    00000400   00000000    rw-
  20013c00    20013c00    00000400   00000000    rw- .stack


SECTION ALLOCATION MAP

 output                                  attributes/
section   page    origin      length       input sections
--------  ----  ----------  ----------   ----------------
.binit     0    00000000    00000000     

.cinit     0    00028e60    00000368     
                  00028e60    0000028f     (.cinit..data.load) [load image, compression = lzss]
                  000290ef    00000001     --HOLE-- [fill = 0]
                  000290f0    0000000c     (__TI_handler_table)
                  000290fc    00000004     --HOLE-- [fill = 0]
                  00029100    00000008     (.cinit..TI.bound:dmaSpi0RxAltControlTableEntry.load) [load image, compression = zero_init]
                  00029108    00000008     (.cinit..TI.bound:dmaSpi0RxControlTableEntry.load) [load image, compression = zero_init]
                  00029110    00000008     (.cinit..TI.bound:dmaSpi0TxAltControlTableEntry.load) [load image, compression = zero_init]
                  00029118    00000008     (.cinit..TI.bound:dmaSpi0TxControlTableEntry.load) [load image, compression = zero_init]
                  00029120    00000008     (.cinit..TI.bound:dmaSpi1RxAltControlTableEntry.load) [load image, compression = zero_init]
                  00029128    00000008     (.cinit..TI.bound:dmaSpi1RxControlTableEntry.load) [load image, compression = zero_init]
                  00029130    00000008     (.cinit..TI.bound:dmaSpi1TxAltControlTableEntry.load) [load image, compression = zero_init]
                  00029138    00000008     (.cinit..TI.bound:dmaSpi1TxControlTableEntry.load) [load image, compression = zero_init]
                  00029140    00000008     (.cinit..bss.load) [load image, compression = zero_init]
                  00029148    00000008     (.cinit..data:xdcRomConstPtr.load) [load image, compression = lzss]
                  00029150    00000008     (.cinit..data:xdcRomExternFuncPtr.load) [load image, compression = lzss]
                  00029158    00000008     (.cinit..data:xdcRomStatePtr.load) [load image, compression = lzss]
                  00029160    00000068     (__TI_cinit_table)

.init_array 
*          0    00000000    00000000     UNINITIALIZED

.ccfg      0    00057fa8    00000058     
                  00057fa8    00000058     ccfg.obj (.ccfg:retain)

.bss       0    20001b20    000055a3     UNINITIALIZED
                  20001b20    00003b88     libopenthread_mtd.lib : instance.obj (.bss:_ZN34_INTERNAL_12_instance_cpp_0ce081802ot12sInstanceRawE)
                  200056a8    00000480     CC1352R1_LAUNCHXL.obj (.bss:sharpDisplayBuf)
                  20005b28    00000400     grlib.a : image.obj (.bss:g_pulConvertedPalette)
                  20005f28    00000250     (.common:uartCC26XXObjects)
                  20006178    00000200     release_pem4f.oem4f (.bss:taskStackSection)
                  20006378    000001c0     rf_multiMode_cc13x2_v1.aem4f : RFCC26X2_multiMode.oem4f (.bss:RF_cmdPool)
                  20006538    000001a0     (.common:spiCC26X2DMAObjects)
                  200066d8    00000120     libopenthread_diag_mtd.lib : diag_process.obj (.bss:$O1$$)
                  200067f8    000000d8     (.common:ti_sysbios_family_arm_m3_Hwi_dispatchTable)
                  200068d0    00000080     CC1352R1_LAUNCHXL.obj (.bss:uartStringBuf)
                  20006950    0000007c     (.common:pinHandleTable)
                  200069cc    00000004     drivers_cc13x2_v1.aem4f : ECJPAKECC26X2.oem4f (.bss)
                  200069d0    00000068     rf_multiMode_cc13x2_v1.aem4f : RFCC26X2_multiMode.oem4f (.bss:RF_ratModule)
                  20006a38    00000058     radio.obj (.bss:sSrcMatchExtData)
                  20006a90    00000054     (.common:ecjpakeCC26X2Objects)
                  20006ae4    00000050     (.common:sha2CC26X2Objects)
                  20006b34    0000004c     (.common:aesecbCC26XXObjects)
                  20006b80    00000044     (.common:displaySharpObject)
                  20006bc4    00000040     (.common:uartCC26XXRingBuffer)
                  20006c04    0000003c     radio.obj (.bss:sReceiveCmd)
                  20006c40    00000038     random.obj (.bss:$O1$$)
                  20006c78    00000034     rf_multiMode_cc13x2_v1.aem4f : RFCC26X2_multiMode.oem4f (.bss:RF_swiFsmObj)
                  20006cac    00000034                                  : RFCC26X2_multiMode.oem4f (.bss:RF_swiHwObj)
                  20006ce0    00000034     drivers_cc13x2_v1.aem4f : PINCC26XX.oem4f (.bss:pinSwi)
                  20006d14    00000030     rf_multiMode_cc13x2_v1.aem4f : RFCC26X2_multiMode.oem4f (.bss:RF_Sch)
                  20006d44    00000030     radio.obj (.bss:sSrcMatchShortData)
                  20006d74    0000002c     otrtosapi.obj (.bss:OtRtosApi_mutexHandle)
                  20006da0    00000024     rf_multiMode_cc13x2_v1.aem4f : RFCC26X2_multiMode.oem4f (.bss:RF_clkPowerUpObj)
                  20006dc4    00000020                                  : RFCC26X2_multiMode.oem4f (.bss:RF_cmdQ)
                  20006de4    00000020     drivers_cc13x2_v1.aem4f : GPIOCC26XX.oem4f (.bss:gpioCallbackInfo)
                  20006e04    00000020                             : PINCC26XX.oem4f (.bss:pinGpioConfigTable)
                  20006e24    00000020     radio.obj (.bss:sCsmaBackoffCmd)
                  20006e44    00000020     (.common:udmaObjects)
                  20006e64    0000001c     rf_multiMode_cc13x2_v1.aem4f : RFCC26X2_multiMode.oem4f (.bss:RF_hwiCpe0Obj)
                  20006e80    0000001c                                  : RFCC26X2_multiMode.oem4f (.bss:RF_hwiHwObj)
                  20006e9c    0000001c     drivers_cc13x2_v1.aem4f : PINCC26XX.oem4f (.bss:pinHwi)
                  20006eb8    0000001c                             : PINCC26XX.oem4f (.bss:pinSemaphore)
                  20006ed4    0000001c     (.common:CryptoResourceCC26XX_accessSemaphore)
                  20006ef0    0000001c     (.common:CryptoResourceCC26XX_hwi)
                  20006f0c    0000001c     (.common:CryptoResourceCC26XX_operationSemaphore)
                  20006f28    0000001c     (.common:PKAResourceCC26XX_accessSemaphore)
                  20006f44    0000001c     (.common:PKAResourceCC26XX_hwi)
                  20006f60    0000001c     (.common:PKAResourceCC26XX_operationSemaphore)
                  20006f7c    00000018     radio.obj (.bss:sEdScanCmd)
                  20006f94    00000018     radio.obj (.bss:sRadioSetupCmd)
                  20006fac    00000018     radio.obj (.bss:sTransmitCmd)
                  20006fc4    00000018     display.aem4f : SharpGrLib.oem4f (.bss:spiTrans)
                  20006fdc    00000016     rf_multiMode_cc13x2_v1.aem4f : RFCC26X2_multiMode.oem4f (.bss)
                  20006ff2    00000002     drivers_cc13x2_v1.aem4f : UARTCC26XX.oem4f (.bss)
                  20006ff4    00000014     rf_multiMode_cc13x2_v1.aem4f : RFCC26X2_multiMode.oem4f (.bss:RF_ratSyncCmd)
                  20007008    00000014                                  : RFCC26X2_multiMode.oem4f (.bss:RF_wakeupNotifyObj)
                  2000701c    00000014     driverlib.lib : osc.obj (.bss:oscHfGlobals)
                  20007030    00000014     drivers_cc13x2_v1.aem4f : GPIOCC26XX.oem4f (.bss:powerNotifyObj)
                  20007044    00000014     radio.obj (.bss:sTransmitRxAckCmd)
                  20007058    00000010     rf_multiMode_cc13x2_v1.aem4f : RFCC26X2_multiMode.oem4f (.bss:RF_core)
                  20007068    00000010     radio.obj (.bss:sRfStats)
                  20007078    0000000c     drivers_cc13x2_v1.aem4f : NVSCC26XX.oem4f (.bss)
                  20007084    0000000c                             : GPIOCC26XX.oem4f (.bss:gpioPinState)
                  20007090    0000000c     (.common:displayUartObject)
                  2000709c    00000008     display.aem4f : SharpGrLib.oem4f (.bss)
                  200070a4    00000008     drivers_cc13x2_v1.aem4f : GPIOCC26XX.oem4f (.bss)
                  200070ac    00000004                             : PINCC26XX.oem4f (.bss)
                  200070b0    00000004     (.common:ClockP_tickPeriod)
                  200070b4    00000004     (.common:PowerCC26XX_swiKey)
                  200070b8    00000004     (.common:PowerCC26XX_taskKey)
                  200070bc    00000004     (.common:nvsCC26xxObjects)
                  200070c0    00000001     keys_utils.obj (.bss)
                  200070c1    00000001     radio.obj (.bss)
                  200070c2    00000001     (.common:driverlib_release_0_52354)

.data      0    200070c8    00002813     UNINITIALIZED
                  200070c8    000014dc     otstack.obj (.data:$O1$$)
                  200085a4    00000834     shade.obj (.data:$O1$$)
                  20008dd8    00000478     radio.obj (.data:$O1$$)
                  20009250    00000108     release_pem4f.oem4f (.data:ROM_stateStruct)
                  20009358    000000c8     drivers_cc13x2_v1.aem4f : PowerCC26X2.oem4f (.data:PowerCC26X2_module)
                  20009420    00000088     rom_sysbios.aem4f : rom_sysbios.obj (.data:$O1$$)
                  200094a8    00000054     release_pem4f.oem4f (.data:ti_sysbios_gates_GateMutex_Object__table__V)
                  200094fc    0000004c     release_pem4f.oem4f (.data:ti_sysbios_knl_Task_Object__table__V)
                  20009548    00000048     release_pem4f.oem4f (.data:ti_sysbios_family_arm_cc26xx_Timer_Object__table__V)
                  20009590    00000040     uart.obj (.data:$O1$$)
                  200095d0    00000038     nvoctp.obj (.data:$O1$$)
                  20009608    00000030     release_pem4f.oem4f (.data:ti_sysbios_knl_Swi_Module_State_0_readyQ__A)
                  20009638    00000030     release_pem4f.oem4f (.data:ti_sysbios_knl_Swi_Object__table__V)
                  20009668    00000030     release_pem4f.oem4f (.data:ti_sysbios_knl_Task_Module_State_0_readyQ__A)
                  20009698    0000002c     keys_utils.obj (.data:$O1$$)
                  200096c4    0000002c     CC1352R1_LAUNCHXL.obj (.data:gpioPinConfigs)
                  200096f0    00000028     settings.obj (.data:sNvoctpFps)
                  20009718    00000024     libmbedcrypto.lib : ssl_tls.obj (.data:$O1$$)
                  2000973c    00000020     release_pem4f.oem4f (.data:ti_sysbios_knl_Clock_Object__table__V)
                  2000975c    00000020     release_pem4f.oem4f (.data:xdc_runtime_Error_IgnoreBlock)
                  2000977c    00000018     diag.obj (.data:$O1$$)
                  20009794    00000018     release_pem4f.oem4f (.data:ti_sysbios_family_arm_m3_Hwi_Object__table__V)
                  200097ac    00000018     release_pem4f.oem4f (.data:ti_sysbios_heaps_HeapMem_Object__table__V)
                  200097c4    00000010     alarm.obj (.data:$O1$$)
                  200097d4    00000010     alarm_micro.obj (.data:$O1$$)
                  200097e4    00000010     CC1352R1_LAUNCHXL.obj (.data:gpioCallbackFunctions)
                  200097f4    00000008     aes_alt.obj (.data:$O1$$)
                  200097fc    00000008     disp_utils.obj (.data:$O1$$)
                  20009804    00000008     libmbedcrypto.lib : ecp.obj (.data:$O1$$)
                  2000980c    00000008                       : platform.obj (.data:$O1$$)
                  20009814    00000008     rtsv7M4_T_le_v4SPD16_eabi.lib : _lock.c.obj (.data:$O1$$)
                  2000981c    00000008     sha256_alt.obj (.data:$O1$$)
                  20009824    00000008     drivers_cc13x2_v1.aem4f : ECJPAKECC26X2.oem4f (.data)
                  2000982c    00000008                             : PINCC26XX.oem4f (.data)
                  20009834    00000008     release_pem4f.oem4f (.data:ti_sysbios_family_arm_cc26xx_Seconds_Module__state__V)
                  2000983c    00000008     release_pem4f.oem4f (.data:ti_sysbios_family_arm_m3_Hwi_Module__root__V)
                  20009844    00000008     release_pem4f.oem4f (.data:ti_sysbios_gates_GateHwi_Module__root__V)
                  2000984c    00000008     release_pem4f.oem4f (.data:ti_sysbios_gates_GateMutexPri_Module__root__V)
                  20009854    00000008     release_pem4f.oem4f (.data:ti_sysbios_gates_GateMutex_Module__root__V)
                  2000985c    00000008     release_pem4f.oem4f (.data:ti_sysbios_hal_Hwi_Module__root__V)
                  20009864    00000008     release_pem4f.oem4f (.data:ti_sysbios_heaps_HeapMem_Module__root__V)
                  2000986c    00000008     release_pem4f.oem4f (.data:ti_sysbios_knl_Clock_Module__root__V)
                  20009874    00000008     release_pem4f.oem4f (.data:ti_sysbios_knl_Event_Module__root__V)
                  2000987c    00000008     release_pem4f.oem4f (.data:ti_sysbios_knl_Mailbox_Module__root__V)
                  20009884    00000008     release_pem4f.oem4f (.data:ti_sysbios_knl_Queue_Module__root__V)
                  2000988c    00000008     release_pem4f.oem4f (.data:ti_sysbios_knl_Semaphore_Module__root__V)
                  20009894    00000008     release_pem4f.oem4f (.data:ti_sysbios_knl_Swi_Module__root__V)
                  2000989c    00000008     release_pem4f.oem4f (.data:ti_sysbios_knl_Task_Module__root__V)
                  200098a4    00000008     release_pem4f.oem4f (.data:xdc_runtime_System_Module_State_0_atexitHandlers__A)
                  200098ac    00000005     drivers_cc13x2_v1.aem4f : GPIOCC26XX.oem4f (.data)
                  200098b1    00000002     display.aem4f : SharpGrLib.oem4f (.data)
                  200098b3    00000001     drivers_cc13x2_v1.aem4f : AESECBCC26XX.oem4f (.data)
                  200098b4    00000004                             : GPIOCC26XX.oem4f (.data:gpioPinTable)
                  200098b8    00000004     libmbedcrypto.lib : ecp_curves.obj (.data:one$1)
                  200098bc    00000004     radio.obj (.data)
                  200098c0    00000004     rtsv7M4_T_le_v4SPD16_eabi.lib : stkdepth_vars.c.obj (.data)
                  200098c4    00000004     release_pem4f.oem4f (.data:ti_sysbios_family_arm_m3_Hwi_Module_State_0_excContext__A)
                  200098c8    00000004     release_pem4f.oem4f (.data:ti_sysbios_family_arm_m3_Hwi_Module_State_0_excStack__A)
                  200098cc    00000004     release_pem4f.oem4f (.data:ti_sysbios_knl_Task_Module_State_0_idleTask__A)
                  200098d0    00000002     drivers_cc13x2_v1.aem4f : CryptoResourceCC26XX.oem4f (.data)
                  200098d2    00000002                             : PKAResourceCC26XX.oem4f (.data)
                  200098d4    00000002     release_pem4f.oem4f (.data:ti_sysbios_family_arm_m3_Hwi_Module_State_0_excActive__A)
                  200098d6    00000001     drivers_cc13x2_v1.aem4f : NVS.oem4f (.data)
                  200098d7    00000001                             : SHA2CC26X2.oem4f (.data)
                  200098d8    00000001                             : SPI.oem4f (.data)
                  200098d9    00000001                             : UART.oem4f (.data)
                  200098da    00000001     otstack.obj (.data)

.stack     0    20013c00    00000400     UNINITIALIZED
                  20013c00    00000400     --HOLE--

.priheap   0    20000110    00001000     UNINITIALIZED
                  20000110    00001000     --HOLE--

.data:xdcRomConstPtr 
*          0    20000100    00000004     UNINITIALIZED
                  20000100    00000004     release_pem4f.oem4f (.data:xdcRomConstPtr)

.data:xdcRomExternFuncPtr 
*          0    20000104    00000004     UNINITIALIZED
                  20000104    00000004     release_pem4f.oem4f (.data:xdcRomExternFuncPtr)

.data:xdcRomStatePtr 
*          0    20000108    00000004     UNINITIALIZED
                  20000108    00000004     release_pem4f.oem4f (.data:xdcRomStatePtr)

.bootVecs 
*          0    00000000    00000008     DSECT
                  00000000    00000008     boot.aem4f : boot.oem4f (.bootVecs)

.resetVecs 
*          0    00000000    0000003c     
                  00000000    0000003c     release_pem4f.oem4f (.resetVecs)

.vecs      0    20000000    000000d8     NOLOAD SECTION
                  20000000    000000d8     release_pem4f.oem4f (.vecs)

xdc.meta   0    00000000    00000101     COPY SECTION
                  00000000    00000101     release_pem4f.oem4f (xdc.meta)

xdc.noload 
*          0    00000000    00000000     COPY SECTION

.const.1   0    0000003c    00000004     
                  0000003c    00000004     drivers_cc13x2_v1.aem4f : NVS.oem4f (.const:NVS_defaultParams)

.const.2   0    0002606c    00000004     
                  0002606c    00000004     release_pem4f.oem4f (.const:ti_sysbios_family_arm_cc26xx_Timer_funcHookCH1__C)

.const.3   0    00026074    00000004     
                  00026074    00000004     release_pem4f.oem4f (.const:ti_sysbios_family_arm_cc26xx_Timer_funcHookCH2__C)

.const.4   0    0002607c    00000004     
                  0002607c    00000004     release_pem4f.oem4f (.const:ti_sysbios_family_arm_m3_Hwi_swiDisable__C)

.TI.bound:flashBuf 
*          0    00052000    00004000     UNINITIALIZED
                  00052000    00004000     CC1352R1_LAUNCHXL.obj (.TI.bound:flashBuf)

.TI.bound:dmaSpi0RxControlTableEntry 
*          0    20001830    00000010     UNINITIALIZED
                  20001830    00000010     drivers_cc13x2_v1.aem4f : SPICC26X2DMA.oem4f (.TI.bound:dmaSpi0RxControlTableEntry)

.TI.bound:dmaSpi0TxControlTableEntry 
*          0    20001840    00000010     UNINITIALIZED
                  20001840    00000010     drivers_cc13x2_v1.aem4f : SPICC26X2DMA.oem4f (.TI.bound:dmaSpi0TxControlTableEntry)

.TI.bound:dmaSpi1RxControlTableEntry 
*          0    20001900    00000010     UNINITIALIZED
                  20001900    00000010     drivers_cc13x2_v1.aem4f : SPICC26X2DMA.oem4f (.TI.bound:dmaSpi1RxControlTableEntry)

.TI.bound:dmaSpi1TxControlTableEntry 
*          0    20001910    00000010     UNINITIALIZED
                  20001910    00000010     drivers_cc13x2_v1.aem4f : SPICC26X2DMA.oem4f (.TI.bound:dmaSpi1TxControlTableEntry)

.TI.bound:dmaSpi0RxAltControlTableEntry 
*          0    20001a30    00000010     UNINITIALIZED
                  20001a30    00000010     drivers_cc13x2_v1.aem4f : SPICC26X2DMA.oem4f (.TI.bound:dmaSpi0RxAltControlTableEntry)

.TI.bound:dmaSpi0TxAltControlTableEntry 
*          0    20001a40    00000010     UNINITIALIZED
                  20001a40    00000010     drivers_cc13x2_v1.aem4f : SPICC26X2DMA.oem4f (.TI.bound:dmaSpi0TxAltControlTableEntry)

.TI.bound:dmaSpi1RxAltControlTableEntry 
*          0    20001b00    00000010     UNINITIALIZED
                  20001b00    00000010     drivers_cc13x2_v1.aem4f : SPICC26X2DMA.oem4f (.TI.bound:dmaSpi1RxAltControlTableEntry)

.TI.bound:dmaSpi1TxAltControlTableEntry 
*          0    20001b10    00000010     UNINITIALIZED
                  20001b10    00000010     drivers_cc13x2_v1.aem4f : SPICC26X2DMA.oem4f (.TI.bound:dmaSpi1TxAltControlTableEntry)

.text.1    0    00000040    0002602a     
                  00000040    00000a6c     libmbedcrypto.lib : ssl_srv.obj (.text:mbedtls_ssl_handshake_server_step)
                  00000aac    00000004     dpl_cc13x2_v1.aem4f : PowerCC26X2_tirtos.oem4f (.text:CPUwfi)
                  00000ab0    0000070a     ecjpake_alt.obj (.text:ecjpake_hash)
                  000011ba    00000006     display.aem4f : DisplayUart.oem4f (.text:DisplayUartMin_control)
                  000011c0    00000676     ecjpake_alt.obj (.text:mbedtls_ecjpake_write_round_two)
                  00001836    00000002     display.aem4f : DisplaySharp.oem4f (.text:DisplaySharp_init)
                  00001838    000005c8     libmbedcrypto.lib : ssl_cli.obj (.text:mbedtls_ssl_handshake_client_step)
                  00001e00    00000548     drivers_cc13x2_v1.aem4f : ECJPAKECC26X2.oem4f (.text:ECJPAKECC26X2_runFSM)
                  00002348    0000053e     ecjpake_alt.obj (.text:mbedtls_ecjpake_read_round_one)
                  00002886    000004ec     libmbedcrypto.lib : ecp_curves.obj (.text:ecp_mod_p256)
                  00002d72    00000006     display.aem4f : DisplayUart.oem4f (.text:DisplayUartMin_getType)
                  00002d78    000004a2     ecjpake_alt.obj (.text:ecjpake_kzkp_kzkp_write)
                  0000321a    00000006     display.aem4f : Display.oem4f (.text:Display_doParamsInit)
                  00003220    00000486     ecjpake_alt.obj (.text:ecjpake_zkp_read)
                  000036a6    0000047e     grlib.a : string.obj (.text:Graphics_drawString)
                  00003b24    00000430     libmbedcrypto.lib : ssl_cli.obj (.text:ssl_parse_server_hello)
                  00003f54    00000004     dpl_cc13x2_v1.aem4f : ClockP_tirtos.oem4f (.text:ClockP_destruct)
                  00003f58    00000425     shade.obj (.text:Shade_task)
                  0000437d    00000001     --HOLE-- [fill = 0]
                  0000437e    000003cc     libopenthread_mtd.lib : lowpan.obj (.text:_ZN2ot6Lowpan6Lowpan20DecompressBaseHeaderERNS_3Ip66HeaderERbRKNS_3Mac7AddressES9_PKht)
                  0000474a    00000388     grlib.a : image.obj (.text:Graphics_drawImage)
                  00004ad2    00000002     display.aem4f : DisplayUart.oem4f (.text:DisplayUartMin_clear)
                  00004ad4    0000037c     libmbedcrypto.lib : ssl_tls.obj (.text:mbedtls_ssl_read_record_layer)
                  00004e50    00000356     ecjpake_alt.obj (.text:mbedtls_ecjpake_read_round_two)
                  000051a6    0000034e     libopenthread_mtd.lib : mle.obj (.text:_ZN2ot3Mle3Mle16HandleUdpReceiveERNS_7MessageERKNS_3Ip611MessageInfoE)
                  000054f4    00000322                           : mac.obj (.text:_ZN2ot3Mac3Mac19HandleReceivedFrameEPNS0_5FrameE7otError)
                  00005816    00000002     display.aem4f : DisplayUart.oem4f (.text:DisplayUartMin_clearLines)
                  00005818    00000314     rom_sysbios.aem4f : rom_sysbios.obj (.text:xdc_runtime_System_doPrint__I)
                  00005b2c    0000030a     libopenthread_mtd.lib : mle.obj (.text:_ZN2ot3Mle3Mle20HandleParentResponseERKNS_7MessageERKNS_3Ip611MessageInfoEj)
                  00005e36    00000002     display.aem4f : DisplayUart.oem4f (.text:DisplayUartMin_init)
                  00005e38    00000308     libmbedcrypto.lib : ssl_tls.obj (.text:mbedtls_ssl_prepare_handshake_record)
                  00006140    00000304     radio.obj (.text:processRxQueue)
                  00006444    00000300     rf_multiMode_cc13x2_v1.aem4f : RFCC26X2_multiMode.oem4f (.text:RF_fsmActiveState)
                  00006744    00000300     libopenthread_mtd.lib : mesh_forwarder.obj (.text:_ZN2ot13MeshForwarder12SendFragmentERNS_7MessageERNS_3Mac5FrameE)
                  00006a44    000002e8     libmbedcrypto.lib : ssl_tls.obj (.text:mbedtls_ssl_write_record)
                  00006d2c    000002e2                       : ccm.obj (.text:ccm_auth_crypt)
                  0000700e    00000002     driverlib.lib : rfc.obj (.text:NOROM_RFCCpePatchReset)
                  00007010    000002d0     libmbedcrypto.lib : ssl_tls.obj (.text:mbedtls_ssl_derive_keys)
                  000072e0    000002c4     libopenthread_mtd.lib : mle.obj (.text:_ZN2ot3Mle3MleC1ERNS_8InstanceE)
                  000075a4    00000004     dpl_cc13x2_v1.aem4f : ClockP_tirtos.oem4f (.text:ClockP_getCpuFreq)
                  000075a8    000002be     nvoctp.obj (.text:NVOCTP_initNvApi)
                  00007866    00000002     rf_multiMode_cc13x2_v1.aem4f : RFCC26X2_multiMode.oem4f (.text:RF_defaultCallback)
                  00007868    000002be     shade.obj (.text:coapHandleServer)
                  00007b26    00000002     libopenthread_mtd.lib : mesh_forwarder_mtd.obj (.text:_ZN2ot13MeshForwarder10HandleMeshEPhhRKNS_3Mac7AddressERK16otThreadLinkInfo)
                  00007b28    000002bc     drivers_cc13x2_v1.aem4f : SPICC26X2DMA.oem4f (.text:SPICC26X2DMA_transfer)
                  00007de4    000002a8     libopenthread_mtd.lib : lowpan.obj (.text:_ZN2ot6Lowpan6Lowpan8CompressERNS_7MessageERKNS_3Mac7AddressES7_Ph)
                  0000808c    00000294                           : mac.obj (.text:_ZN2ot3Mac3Mac18HandleTransmitDoneEP12otRadioFrameS3_7otError)
                  00008320    00000272                           : mle.obj (.text:_ZN2ot3Mle3Mle23HandleDiscoveryResponseERKNS_7MessageERKNS_3Ip611MessageInfoE)
                  00008592    00000002                           : mesh_forwarder_mtd.obj (.text:_ZN2ot13MeshForwarder22HandleSentFrameToChildERKNS_3Mac5FrameE7otErrorRKNS1_7AddressE)
                  00008594    0000025c                           : mle.obj (.text:_ZN2ot3Mle3Mle16HandleLeaderDataERKNS_7MessageERKNS_3Ip611MessageInfoE)
                  000087f0    0000024c     nvoctp.obj (.text:NVOCTP_doNextApi)
                  00008a3c    0000024c     libopenthread_mtd.lib : dataset.obj (.text:_ZNK2ot7MeshCoP7Dataset3GetER20otOperationalDataset)
                  00008c88    0000023c                           : mesh_forwarder.obj (.text:_ZN2ot13MeshForwarder14HandleFragmentEPhhRKNS_3Mac7AddressES5_RK16otThreadLinkInfo)
                  00008ec4    00000004     dpl_cc13x2_v1.aem4f : ClockP_tirtos.oem4f (.text:ClockP_getTimeout)
                  00008ec8    00000238     nvoctp.obj (.text:NVOCTP_compactPage)
                  00009100    00000234     nvoctp.obj (.text:NVOCTP_writeItemApi)
                  00009334    00000230     libopenthread_mtd.lib : mle.obj (.text:_ZN2ot3Mle3Mle25HandleChildUpdateResponseERKNS_7MessageERKNS_3Ip611MessageInfoE)
                  00009564    00000228     drivers_cc13x2_v1.aem4f : SPICC26X2DMA.oem4f (.text:SPICC26X2DMA_hwiFxn)
                  0000978c    00000220     libopenthread_mtd.lib : mle.obj (.text:_ZN2ot3Mle3Mle21HandleChildIdResponseERKNS_7MessageERKNS_3Ip611MessageInfoE)
                  000099ac    00000220                           : joiner.obj (.text:_ZN2ot7MeshCoP6Joiner18SendJoinerFinalizeEv)
                  00009bcc    00000004     dpl_cc13x2_v1.aem4f : ClockP_tirtos.oem4f (.text:ClockP_setTimeout)
                  00009bd0    00000214     nvoctp.obj (.text:NVOCTP_createItemApi)
                  00009de4    000001ec     libopenthread_mtd.lib : ip6.obj (.text:_ZN2ot3Ip63Ip619SelectSourceAddressERNS0_11MessageInfoE)
                  00009fd0    000001e4                           : mac.obj (.text:_ZN2ot3Mac3Mac22ProcessReceiveSecurityERNS0_5FrameERKNS0_7AddressEPNS_8NeighborE)
                  0000a1b4    00000004     dpl_cc13x2_v1.aem4f : ClockP_tirtos.oem4f (.text:ClockP_start)
                  0000a1b8    000001de     ecjpake_alt.obj (.text:mbedtls_ecjpake_setup)
                  0000a396    000001cc     rom_sysbios.aem4f : rom_sysbios.obj (.text:acquireMutex$49)
                  0000a562    000001ca     libopenthread_mtd.lib : ip6.obj (.text:_ZN2ot3Ip63Ip614HandleDatagramERNS_7MessageEPNS0_5NetifEaPKvb)
                  0000a72c    000001c0     drivers_cc13x2_v1.aem4f : PINCC26XX.oem4f (.text:PIN_init)
                  0000a8ec    000001c0     libopenthread_mtd.lib : coap_header.obj (.text:_ZN2ot4Coap6Header11FromMessageERKNS_7MessageEt)
                  0000aaac    000001b6     rtsv7M4_T_le_v4SPD16_eabi.lib : fd_add_t2.asm.obj (.text)
                  0000ac62    00000002     libopenthread_mtd.lib : lowpan.obj (.text:_ZN2ot6Lowpan6LowpanC1ERNS_8InstanceE)
                  0000ac64    000001b4                           : mle.obj (.text:_ZN2ot3Mle3Mle19HandleAdvertisementERKNS_7MessageERKNS_3Ip611MessageInfoE)
                  0000ae18    000001b4     radio.obj (.text:platformRadioProcess)
                  0000afcc    00000004     dpl_cc13x2_v1.aem4f : ClockP_tirtos.oem4f (.text:ClockP_stop)
                  0000afd0    000001b0     nvoctp.obj (.text:NVOCTP_checkItem)
                  0000b180    000001ae     libopenthread_mtd.lib : mle.obj (.text:_ZN2ot3Mle3Mle11SendMessageERNS_7MessageERKNS_3Ip67AddressE)
                  0000b32e    000001a8                           : network_data.obj (.text:_ZN2ot11NetworkData11NetworkData19GetNextOnMeshPrefixEPjtP20otBorderRouterConfig)
                  0000b4d6    00000002     rtsv7M4_T_le_v4SPD16_eabi.lib : stdlib_typeinfo.cpp.obj (.text:_ZNSt9type_infoD1Ev)
                  0000b4d8    000001a4     drivers_cc13x2_v1.aem4f : PowerCC26X2.oem4f (.text:Power_sleep)
                  0000b67c    000001a4     libopenthread_mtd.lib : mesh_forwarder.obj (.text:_ZN2ot13MeshForwarder15HandleSentFrameERNS_3Mac5FrameE7otError)
                  0000b820    000001a0                           : dtls.obj (.text:_ZN2ot7MeshCoP4Dtls5StartEbPFvPvbEPFvS2_PhtEPF7otErrorS2_PKhthES2_)
                  0000b9c0    00000196                           : aes_ccm.obj (.text:_ZN2ot6Crypto6AesCcm4InitEjjhPKvh)
                  0000bb56    00000002     rtsv7M4_T_le_v4SPD16_eabi.lib : _lock.c.obj (.text:_nop)
                  0000bb58    00000196     ecjpake_alt.obj (.text:mbedtls_ecjpake_derive_secret)
                  0000bcee    00000002     drivers_cc13x2_v1.aem4f : PowerCC26X2.oem4f (.text:emptyClockFunc)
                  0000bcf0    00000194     driverlib.lib : pka.obj (.text:NOROM_PKAEccVerifyPublicKeyWeierstrassStart)
                  0000be84    00000194     drivers_cc13x2_v1.aem4f : PowerCC26X2_calibrateRCOSC.oem4f (.text:runCalibrateFsm)
                  0000c018    0000018c     rf_multiMode_cc13x2_v1.aem4f : RFCC26X2_multiMode.oem4f (.text:RF_scheduleCmd)
                  0000c1a4    00000184     libopenthread_mtd.lib : energy_scan_server.obj (.text:_ZN2ot16EnergyScanServer13HandleRequestERNS_4Coap6HeaderERNS_7MessageERKNS_3Ip611MessageInfoE)
                  0000c328    00000180     drivers_cc13x2_v1.aem4f : SPICC26X2DMA.oem4f (.text:configNextTransfer)
                  0000c4a8    00000178     release_pem4f.oem4f (.text:xdc_runtime_System_printfExtend__I)
                  0000c620    00000176     libopenthread_mtd.lib : mle.obj (.text:_ZN2ot3Mle3Mle25AppendAddressRegistrationERNS_7MessageE)
                  0000c796    00000174                           : mle.obj (.text:_ZN2ot3Mle3Mle14HandleAnnounceERKNS_7MessageERKNS_3Ip611MessageInfoE)
                  0000c90a    00000002     drivers_cc13x2_v1.aem4f : CryptoResourceCC26XX.oem4f (.text:errorSpin)
                  0000c90c    00000170                             : SPICC26X2DMA.oem4f (.text:SPICC26X2DMA_transferCancel)
                  0000ca7c    0000016c     libmbedcrypto.lib : ctr_drbg.obj (.text:block_cipher_df)
                  0000cbe8    0000016a     libopenthread_mtd.lib : mle.obj (.text:_ZN2ot3Mle3Mle22SendChildUpdateRequestEv)
                  0000cd52    00000168                           : heap.obj (.text:_ZN2ot5Utils4Heap4FreeEPv)
                  0000ceba    00000164                           : ip6.obj (.text:_ZN2ot3Ip63Ip615RemoveMplOptionERNS_7MessageE)
                  0000d01e    00000002     drivers_cc13x2_v1.aem4f : PKAResourceCC26XX.oem4f (.text:errorSpin)
                  0000d020    00000164     libmbedcrypto.lib : ssl_tls.obj (.text:mbedtls_ssl_fetch_input)
                  0000d184    00000004     dpl_cc13x2_v1.aem4f : HwiP_tirtos.oem4f (.text:HwiP_clearInterrupt)
                  0000d188    0000015e     nvoctp.obj (.text:NVOCTP_findItem)
                  0000d2e6    00000002     libmbedcrypto.lib : platform.obj (.text:platform_free_uninit)
                  0000d2e8    0000015c     drivers_cc13x2_v1.aem4f : UARTCC26XX.oem4f (.text:UARTCC26XX_open)
                  0000d444    0000015c     libopenthread_mtd.lib : energy_scan_server.obj (.text:_ZN2ot16EnergyScanServer10SendReportEv)
                  0000d5a0    0000015c     drivers_cc13x2_v1.aem4f : PowerCC26X2_calibrateRCOSC.oem4f (.text:calibrateRcoscHf1)
                  0000d6fc    00000158     libopenthread_mtd.lib : mle.obj (.text:_ZN2ot3Mle3Mle18SendChildIdRequestEv)
                  0000d854    00000004     dpl_cc13x2_v1.aem4f : HwiP_tirtos.oem4f (.text:HwiP_destruct)
                  0000d858    00000156     sha256_alt.obj (.text:mbedtls_sha256_update_ret)
                  0000d9ae    00000002     rtsv7M4_T_le_v4SPD16_eabi.lib : div0.asm.obj (.text)
                  0000d9b0    00000154     drivers_cc13x2_v1.aem4f : UARTCC26XX.oem4f (.text:UARTCC26XX_hwiIntFxn)
                  0000db04    00000154     libopenthread_mtd.lib : joiner.obj (.text:_ZN2ot7MeshCoP6Joiner19HandleJoinerEntrustERNS_4Coap6HeaderERNS_7MessageERKNS_3Ip611MessageInfoE)
                  0000dc58    00000150     libmbedcrypto.lib : ssl_tls.obj (.text:mbedtls_ssl_read)
                  0000dda8    0000014c     libopenthread_mtd.lib : panid_query_server.obj (.text:_ZN2ot16PanIdQueryServer12SendConflictEv)
                  0000def4    00000004     dpl_cc13x2_v1.aem4f : HwiP_tirtos.oem4f (.text:HwiP_disable)
                  0000def8    0000014a     radio.obj (.text:rfCommonCallback)
                  0000e042    00000002     release_pem4f.oem4f (.text:ti_sysbios_BIOS_nullFunc__I)
                  0000e044    00000148     driverlib.lib : setup.obj (.text:TrimAfterColdResetWakeupFromShutDown)
                  0000e18c    00000148     libopenthread_mtd.lib : coap.obj (.text:_ZN2ot4Coap8CoapBase25HandleRetransmissionTimerEv)
                  0000e2d4    00000142                           : lowpan.obj (.text:_ZN2ot6Lowpan6Lowpan10DecompressERNS_7MessageERKNS_3Mac7AddressES7_PKhtt)
                  0000e416    00000002     release_pem4f.oem4f (.text:ti_sysbios_rom_cortexm_cc26xx_agama_CC26xx_badRomRevision__E)
                  0000e418    00000140     drivers_cc13x2_v1.aem4f : SPICC26X2DMA.oem4f (.text:initIO)
                  0000e558    00000138                             : NVSCC26XX.oem4f (.text:NVSCC26XX_write)
                  0000e690    00000138                             : UARTCC26XX.oem4f (.text:UARTCC26XX_read)
                  0000e7c8    00000138     libopenthread_mtd.lib : dataset.obj (.text:_ZNK2ot7MeshCoP7Dataset18ApplyConfigurationERNS_8InstanceE)
                  0000e900    00000134                           : joiner.obj (.text:_ZN2ot7MeshCoP6Joiner5StartEPKcS3_S3_S3_S3_S3_PFYv7otErrorPvES5_)
                  0000ea34    00000130     drivers_cc13x2_v1.aem4f : PowerCC26X2.oem4f (.text:Power_init)
                  0000eb64    00000130     libopenthread_mtd.lib : ip6_mpl.obj (.text:_ZN2ot3Ip63Mpl25HandleRetransmissionTimerEv)
                  0000ec94    00000130                           : mac.obj (.text:_ZN2ot3Mac3MacC1ERNS_8InstanceE)
                  0000edc4    00000130     libmbedcrypto.lib : ssl_tls.obj (.text:tls_prf_generic)
                  0000eef4    0000012c     drivers_cc13x2_v1.aem4f : SPICC26X2DMA.oem4f (.text:SPICC26X2DMA_open)
                  0000f020    0000012c     libopenthread_mtd.lib : mle.obj (.text:_ZN2ot3Mle3Mle24HandleChildUpdateRequestERKNS_7MessageERKNS_3Ip611MessageInfoE)
                  0000f14c    0000012a                           : coap.obj (.text:_ZN2ot4Coap8CoapBase11SendMessageERNS_7MessageERKNS_3Ip611MessageInfoEPFYvPvP12otCoapHeaderP9otMessagePK13otMessageInfo7otErrorES8_)
                  0000f276    00000002     rom_sysbios.aem4f : rom_sysbios.obj (.text:xdc_runtime_SysCallback_defaultAbort)
                  0000f278    00000128     libopenthread_mtd.lib : announce_begin_server.obj (.text:_ZN2ot19AnnounceBeginServer13HandleRequestERNS_4Coap6HeaderERNS_7MessageERKNS_3Ip611MessageInfoE)
                  0000f3a0    00000128                           : slaac_address.obj (.text:_ZN2ot5Utils5Slaac15UpdateAddressesEP10otInstanceP14otNetifAddressjPF7otErrorS3_S5_PvES7_)
                  0000f4c8    00000126                           : aes_ccm.obj (.text:_ZN2ot6Crypto6AesCcm7PayloadEPvS2_jb)
                  0000f5ee    00000002     rom_sysbios.aem4f : rom_sysbios.obj (.text:xdc_runtime_SysCallback_defaultExit)
                  0000f5f0    00000124     rf_multiMode_cc13x2_v1.aem4f : RFCC26X2_multiMode.oem4f (.text:RF_abortCmd)
                  0000f714    00000124                                  : RFCC26X2_multiMode.oem4f (.text:RF_init)
                  0000f838    00000124     libopenthread_mtd.lib : network_data_leader.obj (.text:_ZN2ot11NetworkData10LeaderBase19ExternalRouteLookupEhRKNS_3Ip67AddressEPhPt)
                  0000f95c    00000124                           : panid_query_server.obj (.text:_ZN2ot16PanIdQueryServer11HandleQueryERNS_4Coap6HeaderERNS_7MessageERKNS_3Ip611MessageInfoE)
                  0000fa80    00000124                           : ip6.obj (.text:_ZN2ot3Ip63Ip612SendDatagramERNS_7MessageERNS0_11MessageInfoENS0_7IpProtoE)
                  0000fba4    00000122                           : mle.obj (.text:_ZN2ot3Mle3Mle17HandleAttachTimerEv)
                  0000fcc6    00000002     rom_sysbios.aem4f : rom_sysbios.obj (.text:xdc_runtime_SysCallback_defaultFlush)
                  0000fcc8    00000120     rf_multiMode_cc13x2_v1.aem4f : RFCC26X2_multiMode.oem4f (.text:RF_fsmSetupState)
                  0000fde8    00000120     libopenthread_mtd.lib : coap.obj (.text:_ZN2ot4Coap8CoapBase23ProcessReceivedResponseERNS0_6HeaderERNS_7MessageERKNS_3Ip611MessageInfoE)
                  0000ff08    0000011e     radio.obj (.text:rf_patch_mce_ieee_802_15_4)
                  00010026    00000002     rom_sysbios.aem4f : rom_sysbios.obj (.text:xdc_runtime_SysCallback_defaultPutch)
                  00010028    00000118     driverlib.lib : sys_ctrl.obj (.text:NOROM_SysCtrlStandby)
                  00010140    00000118     rf_multiMode_cc13x2_v1.aem4f : RFCC26X2_multiMode.oem4f (.text:RF_decodeOverridePointers)
                  00010258    00000118                                  : RFCC26X2_multiMode.oem4f (.text:RF_radioOpDoneCb)
                  00010370    00000118     libmbedcrypto.lib : ssl_tls.obj (.text:ssl_handshake_init)
                  00010488    00000112     grlib.a : rectangle.obj (.text:Graphics_fillRectangle)
                  0001059a    00000110     libopenthread_mtd.lib : mle.obj (.text:_ZN2ot3Mle3Mle12SendAnnounceEhbRKNS_3Ip67AddressE)
                  000106aa    00000006     driverlib.lib : cpu.obj (.text:NOROM_CPUdelay)
                  000106b0    0000010e     random.obj (.text:otPlatRandomGetTrue)
                  000107be    0000010c     libopenthread_mtd.lib : network_data.obj (.text:_ZN2ot11NetworkData11NetworkData19RemoveTemporaryDataEPhRhRNS0_9PrefixTlvE)
                  000108ca    0000010a                           : mle.obj (.text:_ZN2ot3Mle3Mle8DiscoverEjtbbPFvP18otActiveScanResultPvES4_)
                  000109d4    0000010a                           : coap_header.obj (.text:_ZN2ot4Coap6Header12AppendOptionERKNS1_6OptionE)
                  00010ade    0000010a                           : lowpan.obj (.text:_ZN2ot6Lowpan6Lowpan25DecompressExtensionHeaderERNS_7MessageEPKht)
                  00010be8    00000108     otstack.obj (.text:OtStack_task)
                  00010cf0    00000108     rf_multiMode_cc13x2_v1.aem4f : RFCC26X2_multiMode.oem4f (.text:RF_fsmChangePhyState)
                  00010df8    00000108     libopenthread_mtd.lib : lowpan.obj (.text:_ZN2ot6Lowpan6Lowpan19DecompressUdpHeaderERNS_3Ip69UdpHeaderEPKht)
                  00010f00    00000106     radio.obj (.text:otPlatRadioTransmit)
                  00011006    00000002     --HOLE-- [fill = 0]
                  00011008    00000104     rf_multiMode_cc13x2_v1.aem4f : RFCC26X2_multiMode.oem4f (.text:RF_open)
                  0001110c    00000104     drivers_cc13x2_v1.aem4f : UARTCC26XX.oem4f (.text:UARTCC26XX_write)
                  00011210    00000100                             : GPIOCC26XX.oem4f (.text:GPIO_setConfig)
                  00011310    00000100     rf_multiMode_cc13x2_v1.aem4f : RFCC26X2_multiMode.oem4f (.text:RF_fsmPowerUpState)
                  00011410    000000fe     random.obj (.text:otPlatRandomGet)
                  0001150e    00000002     --HOLE-- [fill = 0]
                  00011510    000000fc     libmbedcrypto.lib : ssl_tls.obj (.text:mbedtls_ssl_write_finished)
                  0001160c    000000fc     rtsv7M4_T_le_v4SPD16_eabi.lib : fd_mul_t2.asm.obj (.text)
                  00011708    000000fa     libopenthread_mtd.lib : mesh_forwarder.obj (.text:_ZN2ot13MeshForwarder18HandleFrameRequestERNS_3Mac5FrameE)
                  00011802    000000fa                           : coap.obj (.text:_ZN2ot4Coap8CoapBase22ProcessReceivedRequestERNS0_6HeaderERNS_7MessageERKNS_3Ip611MessageInfoE)
                  000118fc    000000f8                           : mesh_forwarder.obj (.text:_ZN2ot13MeshForwarderC1ERNS_8InstanceE)
                  000119f4    000000f4                           : mesh_forwarder.obj (.text:_ZN2ot13MeshForwarder19HandleReceivedFrameERNS_3Mac5FrameE)
                  00011ae8    000000f4                           : mac.obj (.text:_ZN2ot3Mac3Mac13BeginTransmitEv)
                  00011bdc    000000f4                           : mle.obj (.text:_ZN2ot3Mle3Mle23SendChildUpdateResponseEPKhhRKNS0_12ChallengeTlvE)
                  00011cd0    000000f4     rom_sysbios.aem4f : rom_sysbios.obj (.text:pthread_create)
                  00011dc4    000000f2     libopenthread_mtd.lib : mle.obj (.text:_ZN2ot3Mle3Mle18SetMeshLocalPrefixEPKh)
                  00011eb6    00000002     --HOLE-- [fill = 0]
                  00011eb8    000000f0     display.aem4f : DisplaySharp.oem4f (.text:DisplaySharp_open)
                  00011fa8    000000f0     rom_sysbios.aem4f : rom_sysbios.obj (.text:timer_create)
                  00012098    000000ec     libopenthread_mtd.lib : mle.obj (.text:_ZN2ot3Mle3Mle7RestoreEv)
                  00012184    000000ec                           : dataset_manager.obj (.text:_ZNK2ot7MeshCoP14DatasetManager15SendGetResponseERKNS_4Coap6HeaderERKNS_3Ip611MessageInfoEPhh)
                  00012270    000000ec     diag.obj (.text:otPlatDiagRadioReceived)
                  0001235c    00000004     dpl_cc13x2_v1.aem4f : HwiP_tirtos.oem4f (.text:HwiP_disableInterrupt)
                  00012360    000000ec     radio.obj (.text:platformRadioInit)
                  0001244c    00000004     dpl_cc13x2_v1.aem4f : HwiP_tirtos.oem4f (.text:HwiP_enableInterrupt)
                  00012450    000000ea     radio.obj (.text:otPlatRadioReceive)
                  0001253a    000000e6     display.aem4f : SharpGrLib.oem4f (.text:SharpGrLib_rectFill)
                  00012620    000000e4                   : SharpGrLib.oem4f (.text:SharpGrLib_flush)
                  00012704    000000e4     libopenthread_mtd.lib : coap_secure.obj (.text:_ZN2ot4Coap10CoapSecure7ReceiveERNS_7MessageERKNS_3Ip611MessageInfoE)
                  000127e8    000000e4                           : lowpan.obj (.text:_ZN2ot6Lowpan6Lowpan23CompressExtensionHeaderERNS_7MessageEPhRh)
                  000128cc    000000e0     drivers_cc13x2_v1.aem4f : PINCC26XX.oem4f (.text:PINCC26XX_setIoCfg)
                  000129ac    000000e0     rf_multiMode_cc13x2_v1.aem4f : RFCC26X2_multiMode.oem4f (.text:RF_hwiCpe0Active)
                  00012a8c    000000e0     libmbedcrypto.lib : entropy.obj (.text:mbedtls_entropy_func)
                  00012b6c    000000de     libopenthread_mtd.lib : ip6.obj (.text:_ZN2ot3Ip63Ip622ProcessReceiveCallbackERKNS_7MessageERKNS0_11MessageInfoEhb)
                  00012c4a    000000de                           : ip6_mpl.obj (.text:_ZN2ot3Ip63Mpl18AddBufferedMessageERNS_7MessageEthb)
                  00012d28    000000de                           : mle.obj (.text:_ZN2ot3Mle3Mle5StoreEv)
                  00012e06    000000de                           : coap.obj (.text:_ZN2ot4Coap14ResponsesQueue22GetMatchedResponseCopyERKNS0_6HeaderERKNS_3Ip611MessageInfoEPPNS_7MessageE)
                  00012ee4    000000de                           : joiner.obj (.text:_ZN2ot7MeshCoP6Joiner20HandleDiscoverResultEP18otActiveScanResult)
                  00012fc2    000000da                           : icmp6.obj (.text:_ZN2ot3Ip64Icmp17HandleEchoRequestERNS_7MessageERKNS0_11MessageInfoE)
                  0001309c    000000da                           : mle.obj (.text:_ZN2ot3Mle3Mle8ReattachEv)
                  00013176    000000da     libmbedcrypto.lib : ssl_tls.obj (.text:mbedtls_ssl_dtls_replay_update)
                  00013250    000000d8     drivers_cc13x2_v1.aem4f : GPIOCC26XX.oem4f (.text:GPIO_init)
                  00013328    000000d8     rf_multiMode_cc13x2_v1.aem4f : RFCC26X2_multiMode.oem4f (.text:RF_dispatchNextCmd)
                  00013400    000000d8     rom_sysbios.aem4f : rom_sysbios.obj (.text:timer_settime)
                  000134d8    000000d6     rf_multiMode_cc13x2_v1.aem4f : RFCC26X2_multiMode.oem4f (.text:RF_updatePaConfiguration)
                  000135ae    00000002     --HOLE-- [fill = 0]
                  000135b0    000000d4                                  : RFCC26X2_multiMode.oem4f (.text:RF_swiHw)
                  00013684    000000d4     libopenthread_mtd.lib : data_poll_manager.obj (.text:_ZN2ot15DataPollManager12SendDataPollEv)
                  00013758    000000d2                           : dtls.obj (.text:_ZN2ot7MeshCoP4Dtls7ProcessEv)
                  0001382a    00000002     --HOLE-- [fill = 0]
                  0001382c    000000d0     driverlib.lib : pka.obj (.text:PKAGetECCResult)
                  000138fc    00000004     dpl_cc13x2_v1.aem4f : HwiP_tirtos.oem4f (.text:HwiP_post)
                  00013900    000000d0     settings.obj (.text:otPlatSettingsGet)
                  000139d0    000000cc     libopenthread_mtd.lib : thread_netif.obj (.text:_ZN2ot11ThreadNetifC1ERNS_8InstanceE)
                  00013a9c    000000c8     drivers_cc13x2_v1.aem4f : AESECBCC26XX.oem4f (.text:AESECB_oneStepEncrypt)
                  00013b64    000000c8                             : PowerCC26X2.oem4f (.text:Power_releaseDependency)
                  00013c2c    000000c8     libopenthread_mtd.lib : mac.obj (.text:_ZN2ot3Mac3Mac23ProcessTransmitSecurityERNS0_5FrameEb)
                  00013cf4    000000c8                           : mle.obj (.text:_ZN2ot3Mle3Mle18HandleStateChangedEj)
                  00013dbc    000000c8                           : lowpan.obj (.text:_ZN2ot6Lowpan6Lowpan17CompressMulticastERKNS_3Ip67AddressERtPh)
                  00013e84    000000c6                           : mac.obj (.text:_ZN2ot3Mac3Mac21ProcessTransmitAesCcmERNS0_5FrameEPKNS0_10ExtAddressE)
                  00013f4a    000000c6                           : mle.obj (.text:_ZN2ot3Mle3Mle17SendParentRequestENS1_17ParentRequestTypeE)
                  00014010    000000c6     radio.obj (.text:otPlatRadioEnergyScan)
                  000140d6    00000002     --HOLE-- [fill = 0]
                  000140d8    000000c4     drivers_cc13x2_v1.aem4f : PowerCC26X2.oem4f (.text:Power_setDependency)
                  0001419c    000000c4     driverlib.lib : sha2.obj (.text:SHA2ExecuteHash)
                  00014260    000000c2     nvoctp.obj (.text:NVOCTP_readItemApi)
                  00014322    000000c2     libopenthread_mtd.lib : network_data_leader.obj (.text:_ZN2ot11NetworkData10LeaderBase18DefaultRouteLookupERNS0_9PrefixTlvEPt)
                  000143e4    000000c2     libmbedcrypto.lib : ctr_drbg.obj (.text:mbedtls_ctr_drbg_random_with_add)
                  000144a6    00000002     --HOLE-- [fill = 0]
                  000144a8    000000c0     drivers_cc13x2_v1.aem4f : UARTCC26XX.oem4f (.text:UARTCC26XX_initIO)
                  00014568    000000c0     libopenthread_mtd.lib : ip6.obj (.text:_ZN2ot3Ip63Ip613HandleOptionsERNS_7MessageERNS0_6HeaderERb)
                  00014628    000000c0                           : coap.obj (.text:_ZN2ot4Coap8CoapBase18SendHeaderResponseE10otCoapCodeRKNS0_6HeaderERKNS_3Ip611MessageInfoE)
                  000146e8    000000c0     libmbedcrypto.lib : md.obj (.text:mbedtls_md_hmac_starts)
                  000147a8    000000c0                       : ssl_tls.obj (.text:mbedtls_ssl_parse_finished)
                  00014868    000000bc     libopenthread_mtd.lib : mesh_forwarder.obj (.text:_ZN2ot13MeshForwarder14UpdateIp6RouteERNS_7MessageE)
                  00014924    000000bc     rom_sysbios.aem4f : rom_sysbios.obj (.text:clock_gettime)
                  000149e0    000000ba     libopenthread_mtd.lib : coap.obj (.text:_ZN2ot4Coap8CoapBase18FindRelatedRequestERKNS0_6HeaderERKNS_3Ip611MessageInfoERS2_RNS0_12CoapMetadataE)
                  00014a9a    000000ba                           : lowpan.obj (.text:_ZN2ot6Lowpan6Lowpan17CompressSourceIidERKNS_3Mac7AddressERKNS_3Ip67AddressERKNS0_7ContextERtPh)
                  00014b54    000000ba                           : lowpan.obj (.text:_ZN2ot6Lowpan6Lowpan22CompressDestinationIidERKNS_3Mac7AddressERKNS_3Ip67AddressERKNS0_7ContextERtPh)
                  00014c0e    000000b8     display.aem4f : DisplaySharp.oem4f (.text:DisplaySharp_vprintf)
                  00014cc6    00000002     --HOLE-- [fill = 0]
                  00014cc8    000000b8     drivers_cc13x2_v1.aem4f : UARTCC26XX.oem4f (.text:UARTCC26XX_initHw)
                  00014d80    000000b8     libopenthread_mtd.lib : ip6_mpl.obj (.text:_ZN2ot3Ip63Mpl13ProcessOptionERNS_7MessageERKNS0_7AddressEb)
                  00014e38    000000b8                           : mac.obj (.text:_ZN2ot3Mac3Mac10SendBeaconERNS0_5FrameE)
                  00014ef0    000000b8     diag.obj (.text:otPlatDiagAlarmCallback)
                  00014fa8    000000b6     libopenthread_mtd.lib : mle.obj (.text:_ZN2ot3Mle3Mle15SendDataRequestERKNS_3Ip67AddressEPKhht)
                  0001505e    000000b6                           : heap.obj (.text:_ZN2ot5Utils4Heap6CAllocEjj)
                  00015114    000000b6                           : lowpan.obj (.text:_ZN2ot6Lowpan6Lowpan11CompressUdpERNS_7MessageEPh)
                  000151ca    000000b6                           : dataset_manager.obj (.text:_ZN2ot7MeshCoP14DatasetManager8RegisterEv)
                  00015280    000000b6     random.obj (.text:fillRandomPool)
                  00015336    00000002     --HOLE-- [fill = 0]
                  00015338    000000b4     dpl_cc13x2_v1.aem4f : PowerCC26X2_tirtos.oem4f (.text:PowerCC26XX_standbyPolicy)
                  000153ec    000000b4     libopenthread_mtd.lib : coap.obj (.text:_ZN2ot4Coap14ResponsesQueue15EnqueueResponseERNS_7MessageERKNS_3Ip611MessageInfoE)
                  000154a0    000000b4     otstack.obj (.text:handleNetifStateChanged)
                  00015554    000000b2     libopenthread_mtd.lib : network_data_leader.obj (.text:_ZN2ot11NetworkData10LeaderBase10GetContextERKNS_3Ip67AddressERNS_6Lowpan7ContextE)
                  00015606    000000b2                           : mesh_forwarder.obj (.text:_ZN2ot13MeshForwarder14SendEmptyFrameERNS_3Mac5FrameEb)
                  000156b8    000000b0     display.aem4f : DisplaySharp.oem4f (.text:DisplaySharp_control)
                  00015768    000000b0     rf_multiMode_cc13x2_v1.aem4f : RFCC26X2_multiMode.oem4f (.text:RF_corePowerDown)
                  00015818    000000b0     libopenthread_mtd.lib : mle.obj (.text:_ZN2ot3Mle3Mle30HandleMessageTransmissionTimerEv)
                  000158c8    000000b0     libmbedcrypto.lib : ssl_tls.obj (.text:mbedtls_ssl_session_reset)
                  00015978    000000b0     settings.obj (.text:otPlatSettingsDelete)
                  00015a28    000000ae     libopenthread_mtd.lib : mac.obj (.text:_ZN2ot3Mac3Mac17PerformEnergyScanEv)
                  00015ad6    000000ac     rf_multiMode_cc13x2_v1.aem4f : RFCC26X2_multiMode.oem4f (.text:RF_initRadioSetup)
                  00015b82    000000ac     libopenthread_mtd.lib : coap_header.obj (.text:_ZN2ot4Coap6Header13GetNextOptionEv)
                  00015c2e    00000002     --HOLE-- [fill = 0]
                  00015c30    000000ac                           : dtls.obj (.text:_ZN2ot7MeshCoP4DtlsC1ERNS_8InstanceE)
                  00015cdc    000000ac     libmbedcrypto.lib : ssl_tls.obj (.text:mbedtls_ssl_dtls_replay_check)
                  00015d88    000000aa     display.aem4f : SharpGrLib.oem4f (.text:SharpGrLib_lineDrawH)
                  00015e32    000000aa     libopenthread_mtd.lib : mesh_forwarder.obj (.text:_ZN2ot13MeshForwarder14HandleLowpanHCEPhhRKNS_3Mac7AddressES5_RK16otThreadLinkInfo)
                  00015edc    000000aa                           : ip6.obj (.text:_ZN2ot3Ip63Ip620AddTunneledMplOptionERNS_7MessageERNS0_6HeaderERNS0_11MessageInfoE)
                  00015f86    000000a8                           : mle.obj (.text:_ZN2ot3Mle3Mle14IsBetterParentEthhRNS0_15ConnectivityTlvE)
                  0001602e    000000a6                           : message.obj (.text:_ZN2ot7Message5WriteEttPKv)
                  000160d4    000000a5                           : dataset_manager.obj (.text:_ZNK2ot7MeshCoP14DatasetManager3GetERKNS_4Coap6HeaderERKNS_7MessageERKNS_3Ip611MessageInfoE)
                  00016179    00000003     --HOLE-- [fill = 0]
                  0001617c    000000a4     driverlib.lib : aes.obj (.text:NOROM_AESWriteToKeyStore)
                  00016220    000000a4     libopenthread_mtd.lib : netif.obj (.text:_ZN2ot3Ip65Netif25AddExternalUnicastAddressERKNS0_19NetifUnicastAddressE)
                  000162c4    000000a4                           : ip6_filter.obj (.text:_ZNK2ot3Ip66Filter6AcceptERNS_7MessageE)
                  00016368    000000a4     libmbedcrypto.lib : ssl_tls.obj (.text:mbedtls_ssl_flush_output)
                  0001640c    000000a4                       : ssl_tls.obj (.text:mbedtls_ssl_setup)
                  000164b0    000000a2     libopenthread_mtd.lib : ip6.obj (.text:_ZN2ot3Ip63Ip612AddMplOptionERNS_7MessageERNS0_6HeaderE)
                  00016552    00000002     --HOLE-- [fill = 0]
                  00016554    000000a0     drivers_cc13x2_v1.aem4f : UARTCC26XX.oem4f (.text:UARTCC26XX_writeCancel)
                  000165f4    000000a0     libopenthread_mtd.lib : mac.obj (.text:_ZN2ot3Mac3Mac16PerformOperationEv)
                  00016694    000000a0                           : mac_frame.obj (.text:_ZN2ot3Mac5Frame13InitMacHeaderEth)
                  00016734    000000a0                           : message.obj (.text:_ZNK2ot7Message4ReadEttPv)
                  000167d4    000000a0     auto_init.aem4f : auto_init.oem4f (.text)
                  00016874    000000a0     libmbedcrypto.lib : ssl_tls.obj (.text:mbedtls_ssl_config_defaults)
                  00016914    000000a0                       : ssl_tls.obj (.text:mbedtls_ssl_parse_change_cipher_spec)
                  000169b4    00000004     dpl_cc13x2_v1.aem4f : HwiP_tirtos.oem4f (.text:HwiP_setFunc)
                  000169b8    000000a0     radio.obj (.text:otPlatRadioSetExtendedAddress)
                  00016a58    000000a0     rom_sysbios.aem4f : rom_sysbios.obj (.text:ti_sysbios_knl_Task_setPri__E)
                  00016af8    0000009e     libopenthread_mtd.lib : udp6.obj (.text:_ZN2ot3Ip63Udp13HandleMessageERNS_7MessageERNS0_11MessageInfoE)
                  00016b96    0000009e                           : dataset_local.obj (.text:_ZNK2ot7MeshCoP12DatasetLocal3GetERNS0_7DatasetE)
                  00016c34    0000009c     grlib.a : line.obj (.text:Graphics_drawLineH)
                  00016cd0    0000009c     driverlib.lib : pka.obj (.text:PKAWritePkaParam)
                  00016d6c    0000009c     drivers_cc13x2_v1.aem4f : UARTCC26XX.oem4f (.text:UARTCC26XX_swiIntFxn)
                  00016e08    0000009c     libopenthread_mtd.lib : mle.obj (.text:_ZN2ot3Mle3Mle26HandleDelayedResponseTimerEv)
                  00016ea4    00000004     dpl_cc13x2_v1.aem4f : HwiP_tirtos.oem4f (.text:HwiP_setPriority)
                  00016ea8    0000009c     alarm.obj (.text:platformAlarmProcess)
                  00016f44    0000009c     rtsv7M4_T_le_v4SPD16_eabi.lib : memcpy_t2.asm.obj (.text)
                  00016fe0    0000009a     alarm.obj (.text:otPlatAlarmMilliStartAt)
                  0001707a    00000002     --HOLE-- [fill = 0]
                  0001707c    00000098     driverlib.lib : setup.obj (.text:NOROM_SetupTrimDevice)
                  00017114    00000098     drivers_cc13x2_v1.aem4f : SHA2CC26X2.oem4f (.text:SHA2_finishHash)
                  000171ac    00000098     libopenthread_mtd.lib : data_poll_manager.obj (.text:_ZN2ot15DataPollManager14HandlePollSentE7otError)
                  00017244    00000098                           : mac.obj (.text:_ZN2ot3Mac3Mac16StartCsmaBackoffEv)
                  000172dc    00000098                           : coap_secure.obj (.text:_ZN2ot4Coap10CoapSecure14HandleDtlsSendEPKhth)
                  00017374    00000098     rom_sysbios.aem4f : rom_sysbios.obj (.text:ti_sysbios_knl_Clock_workFuncDynamic__E)
                  0001740c    00000096     rtsv7M4_T_le_v4SPD16_eabi.lib : ull_div_t2.asm.obj (.text)
                  000174a2    00000002     --HOLE-- [fill = 0]
                  000174a4    00000094     drivers_cc13x2_v1.aem4f : PINCC26XX.oem4f (.text:PIN_open)
                  00017538    00000094                             : SPICC26X2DMA.oem4f (.text:SPICC26X2DMA_control)
                  000175cc    00000004     driverlib.lib : rfc.obj (.text:NOROM_RFCOverrideUpdate)
                  000175d0    00000092     CC1352R1_LAUNCHXL_fxns.obj (.text:CC1352R1_LAUNCHXL_shutDownExtFlash)
                  00017662    00000092     libopenthread_mtd.lib : mle.obj (.text:_ZN2ot3Mle3Mle11BecomeChildENS0_10AttachModeE)
                  000176f4    00000092                           : mle.obj (.text:_ZN2ot3Mle3Mle20PrepareAnnounceStateEv)
                  00017786    00000092                           : coap.obj (.text:_ZN2ot4Coap8CoapBase4StopEv)
                  00017818    00000092     libmbedcrypto.lib : ssl_tls.obj (.text:mbedtls_ssl_resend)
                  000178aa    00000002     --HOLE-- [fill = 0]
                  000178ac    00000090     rf_multiMode_cc13x2_v1.aem4f : RFCC26X2_multiMode.oem4f (.text:RF_discardPendCmd)
                  0001793c    00000090     drivers_cc13x2_v1.aem4f : SHA2CC26X2.oem4f (.text:SHA2_oneStepHash)
                  000179cc    00000090                             : SHA2CC26X2.oem4f (.text:SHA2_processHash)
                  00017a5c    00000090                             : SHA2CC26X2.oem4f (.text:SHA2_startHash)
                  00017aec    00000090     display.aem4f : SharpGrLib.oem4f (.text:SharpGrLib_clearScreen)
                  00017b7c    00000090     libopenthread_mtd.lib : mesh_forwarder.obj (.text:_ZN2ot13MeshForwarder15PrepareDataPollEv)
                  00017c0c    00000090                           : aes_ccm.obj (.text:_ZN2ot6Crypto6AesCcm6HeaderEPKvj)
                  00017c9c    00000090                           : joiner.obj (.text:_ZN2ot7MeshCoP6Joiner11TryNextJoinEv)
                  00017d2c    00000090     drivers_cc13x2_v1.aem4f : UARTCC26XX.oem4f (.text:writeTxFifoFlush)
                  00017dbc    0000008e     libopenthread_mtd.lib : udp6.obj (.text:_ZN2ot3Ip69UdpSocket6SendToERNS_7MessageERKNS0_11MessageInfoE)
                  00017e4a    0000008e                           : mle.obj (.text:_ZN2ot3Mle3Mle18SendOrphanAnnounceEv)
                  00017ed8    0000008e     radio.obj (.text:otPlatRadioSetPanId)
                  00017f66    00000002     --HOLE-- [fill = 0]
                  00017f68    0000008e     radio.obj (.text:otPlatRadioSetShortAddress)
                  00017ff6    0000008c     libopenthread_mtd.lib : coap.obj (.text:_ZN2ot4Coap12CoapMetadataC1EbRKNS_3Ip611MessageInfoEPFYvPvP12otCoapHeaderP9otMessagePK13otMessageInfo7otErrorES6_)
                  00018082    0000008c                           : meshcop_tlvs.obj (.text:_ZN2ot7MeshCoP3Tlv7IsValidERKS1_)
                  0001810e    00000002     --HOLE-- [fill = 0]
                  00018110    0000008c     rom_sysbios.aem4f : rom_sysbios.obj (.text:ti_sysbios_gates_GateMutexPri_enter__E)
                  0001819c    0000008a     rf_multiMode_cc13x2_v1.aem4f : RFCC26X2_multiMode.oem4f (.text:RF_schChkCmdInsert)
                  00018226    0000008a     libopenthread_mtd.lib : message.obj (.text:_ZN2ot7Message11SetPriorityEh)
                  000182b0    0000008a                           : timestamp.obj (.text:_ZNK2ot7MeshCoP9Timestamp7CompareERKS1_)
                  0001833a    0000008a     libmbedcrypto.lib : entropy.obj (.text:entropy_gather_internal)
                  000183c4    00000088     drivers_cc13x2_v1.aem4f : AESECBCC26XX.oem4f (.text:AESECB_open)
                  0001844c    00000088                             : ECJPAKECC26X2.oem4f (.text:ECJPAKE_open)
                  000184d4    00000088     driverlib.lib : osc.obj (.text:NOROM_OSCHF_AttemptToSwitchToXosc)
                  0001855c    00000088     rf_multiMode_cc13x2_v1.aem4f : RFCC26X2_multiMode.oem4f (.text:RF_ratFreeChannel)
                  000185e4    00000088     drivers_cc13x2_v1.aem4f : SHA2CC26X2.oem4f (.text:SHA2_open)
                  0001866c    00000088     libopenthread_mtd.lib : mac_frame.obj (.text:_ZNK2ot3Mac5Frame23SkipSecurityHeaderIndexEv)
                  000186f4    00000088                           : message.obj (.text:_ZNK2ot7Message5CloneEt)
                  0001877c    00000088     rom_sysbios.aem4f : rom_sysbios.obj (.text:_pthread_removeThreadKeys)
                  00018804    00000088     drivers_cc13x2_v1.aem4f : PowerCC26X2_calibrateRCOSC.oem4f (.text:calibrateRcoscHf2)
                  0001888c    00000088     libmbedcrypto.lib : ssl_tls.obj (.text:mbedtls_ssl_free)
                  00018914    00000088                       : ssl_tls.obj (.text:ssl_calc_finished_tls_sha256)
                  0001899c    00000086     libopenthread_mtd.lib : network_data_leader.obj (.text:_ZN2ot11NetworkData10LeaderBase10GetContextEhRNS_6Lowpan7ContextE)
                  00018a22    00000086     rtsv7M4_T_le_v4SPD16_eabi.lib : fd_cmp_t2.asm.obj (.text:__aeabi_cdcmple)
                  00018aa8    00000086                                   : fd_cmp_t2.asm.obj (.text:__aeabi_cdrcmple)
                  00018b2e    00000002     --HOLE-- [fill = 0]
                  00018b30    00000084     driverlib.lib : pka.obj (.text:NOROM_PKAEccMultiplyStart)
                  00018bb4    00000084     rf_multiMode_cc13x2_v1.aem4f : RFCC26X2_multiMode.oem4f (.text:RF_hwiHw)
                  00018c38    00000084     drivers_cc13x2_v1.aem4f : UARTCC26XX.oem4f (.text:UARTCC26XX_close)
                  00018cbc    00000084     libopenthread_mtd.lib : lowpan.obj (.text:_ZN2ot6Lowpan6Lowpan10ComputeIidERKNS_3Mac7AddressERKNS0_7ContextERNS_3Ip67AddressE)
                  00018d40    00000084     libmbedcrypto.lib : ecp_curves.obj (.text:mbedtls_ecp_group_load)
                  00018dc4    00000004     drivers_cc13x2_v1.aem4f : RingBuf.oem4f (.text:RingBuf_getCount)
                  00018dc8    00000084     sha256_alt.obj (.text:mbedtls_internal_sha256_process)
                  00018e4c    00000084     rom_sysbios.aem4f : rom_sysbios.obj (.text:pthread_mutex_init)
                  00018ed0    00000082     libopenthread_mtd.lib : link_quality.obj (.text:_ZN2ot11RssAverager3AddEa)
                  00018f52    00000002     --HOLE-- [fill = 0]
                  00018f54    00000080     driverlib.lib : pka.obj (.text:NOROM_PKAEccAddStart)
                  00018fd4    00000080                   : setup_rom.obj (.text:NOROM_SetupStepVddrTrimTo)
                  00019054    00000080     drivers_cc13x2_v1.aem4f : NVSCC26XX.oem4f (.text:NVSCC26XX_open)
                  000190d4    00000080     rf_multiMode_cc13x2_v1.aem4f : RFCC26X2_multiMode.oem4f (.text:RF_yield)
                  00019154    00000080     libopenthread_mtd.lib : joiner.obj (.text:_ZN2ot7MeshCoP6Joiner25SendJoinerEntrustResponseERKNS_4Coap6HeaderERKNS_3Ip611MessageInfoE)
                  000191d4    00000080     libmbedcrypto.lib : ctr_drbg.obj (.text:ctr_drbg_update_internal)
                  00019254    00000080     rom_sysbios.aem4f : rom_sysbios.obj (.text:ti_sysbios_family_arm_cc26xx_Timer_start__E)
                  000192d4    00000004     dpl_cc13x2_v1.aem4f : SemaphoreP_tirtos.oem4f (.text:SemaphoreP_destruct)
                  000192d8    0000007e     otstack.obj (.text:OtStack_taskCreate)
                  00019356    0000007e     libopenthread_mtd.lib : mesh_forwarder.obj (.text:_ZN2ot13MeshForwarder4StopEv)
                  000193d4    0000007e                           : ip6_routes.obj (.text:_ZN2ot3Ip66Routes6LookupERKNS0_7AddressES4_)
                  00019452    0000007e                           : mle.obj (.text:_ZN2ot3Mle3Mle5StartEbb)
                  000194d0    0000007c                           : icmp6.obj (.text:_ZN2ot3Ip64Icmp13HandleMessageERNS_7MessageERNS0_11MessageInfoE)
                  0001954c    0000007c                           : mle.obj (.text:_ZN2ot3Mle3Mle22AppendPendingTimestampERNS_7MessageE)
                  000195c8    0000007c                           : message.obj (.text:_ZNK2ot7Message14UpdateChecksumEttt)
                  00019644    0000007c     libmbedcrypto.lib : cipher.obj (.text:mbedtls_cipher_update)
                  000196c0    0000007c     drivers_cc13x2_v1.aem4f : PowerCC26X2_calibrateRCOSC.oem4f (.text:updateSubSecInc)
                  0001973c    0000007a     rtsv7M4_T_le_v4SPD16_eabi.lib : memset_t2.asm.obj (.text)
                  000197b6    00000002     --HOLE-- [fill = 0]
                  000197b8    00000078     drivers_cc13x2_v1.aem4f : ECJPAKECC26X2.oem4f (.text:ECJPAKE_computeSharedSecret)
                  00019830    00000078                             : ECJPAKECC26X2.oem4f (.text:ECJPAKE_roundTwoGenerateKeys)
                  000198a8    00000078     driverlib.lib : pka.obj (.text:PKAGetBigNumResult)
                  00019920    00000078     rf_multiMode_cc13x2_v1.aem4f : RFCC26X2_multiMode.oem4f (.text:RF_howToSchedule)
                  00019998    00000078                                  : RFCC26X2_multiMode.oem4f (.text:RF_ratDispatchTime)
                  00019a10    00000078     libopenthread_mtd.lib : announce_sender.obj (.text:_ZN2ot18AnnounceSenderBase11HandleTimerEv)
                  00019a88    00000078                           : mle.obj (.text:_ZN2ot3Mle3Mle16SetStateDetachedEv)
                  00019b00    00000078                           : dataset_manager.obj (.text:_ZN2ot7MeshCoP14DatasetManager11HandleTimerEv)
                  00019b78    00000078                           : dataset_manager.obj (.text:_ZN2ot7MeshCoP14DatasetManager3SetERKNS0_7DatasetE)
                  00019bf0    00000078     libmbedcrypto.lib : bignum.obj (.text:mbedtls_mpi_cmp_abs)
                  00019c68    00000078     radio.obj (.text:otPlatRadioEnable)
                  00019ce0    00000076     libopenthread_mtd.lib : network_data_leader.obj (.text:_ZN2ot11NetworkData10LeaderBase11RouteLookupERKNS_3Ip67AddressES5_PhPt)
                  00019d56    00000076                           : tlvs.obj (.text:_ZN2ot3Tlv9GetOffsetERKNS_7MessageEhRt)
                  00019dcc    00000076     libmbedcrypto.lib : ctr_drbg.obj (.text:mbedtls_ctr_drbg_reseed)
                  00019e42    00000006     drivers_cc13x2_v1.aem4f : NVSCC26XX.oem4f (.text:NVSCC26XX_control)
                  00019e48    00000074     otstack.obj (.text:OtStack_joinNetwork)
                  00019ebc    00000074     driverlib.lib : pka.obj (.text:PKAGetBigNumResultRemainder)
                  00019f30    00000074     drivers_cc13x2_v1.aem4f : PowerCC26X2_calibrateRCOSC.oem4f (.text:PowerCC26X2_auxISR)
                  00019fa4    00000074     rf_multiMode_cc13x2_v1.aem4f : RFCC26X2_multiMode.oem4f (.text:RF_issueRadioFreeCb)
                  0001a018    00000074     libopenthread_mtd.lib : energy_scan_server.obj (.text:_ZN2ot16EnergyScanServerC1ERNS_8InstanceE)
                  0001a08c    00000074                           : ip6.obj (.text:_ZN2ot3Ip63Ip622HandleExtensionHeadersERNS_7MessageERNS0_6HeaderERhbb)
                  0001a100    00000074                           : ip6_mpl.obj (.text:_ZN2ot3Ip63Mpl17UpdateBufferedSetEth)
                  0001a174    00000074                           : dataset.obj (.text:_ZN2ot7MeshCoP7Dataset3SetERKNS0_3TlvE)
                  0001a1e8    00000074     settings.obj (.text:otPlatSettingsSet)
                  0001a25c    00000074     rom_sysbios.aem4f : rom_sysbios.obj (.text:ti_sysbios_gates_GateMutexPri_leave__E)
                  0001a2d0    00000072     nvoctp.obj (.text:NVOCTP_copyItem)
                  0001a342    00000072     rf_multiMode_cc13x2_v1.aem4f : RFCC26X2_multiMode.oem4f (.text:RF_detachOverrides)
                  0001a3b4    00000072     libopenthread_mtd.lib : key_manager.obj (.text:_ZN2ot10KeyManager21SetCurrentKeySequenceEj)
                  0001a426    00000072                           : mesh_forwarder.obj (.text:_ZN2ot13MeshForwarder21GetDirectTransmissionEv)
                  0001a498    00000072                           : mesh_forwarder.obj (.text:_ZN2ot13MeshForwarder22PrepareDiscoverRequestEv)
                  0001a50a    00000072                           : mle.obj (.text:_ZN2ot3Mle3Mle13SetStateChildEt)
                  0001a57c    00000072                           : dataset_manager.obj (.text:_ZN2ot7MeshCoP14PendingDataset16HandleDelayTimerEv)
                  0001a5ee    00000072     drivers_cc13x2_v1.aem4f : SPICC26X2DMA.oem4f (.text:csnCallback)
                  0001a660    00000070                             : ECJPAKECC26X2.oem4f (.text:ECJPAKE_generateZKP)
                  0001a6d0    00000070                             : ECJPAKECC26X2.oem4f (.text:ECJPAKE_roundOneGenerateKeys)
                  0001a740    00000070                             : ECJPAKECC26X2.oem4f (.text:ECJPAKE_verifyZKP)
                  0001a7b0    00000070     driverlib.lib : rfc.obj (.text:NOROM_RFCAnaDivTxOverride)
                  0001a820    00000070     libopenthread_mtd.lib : key_manager.obj (.text:_ZN2ot10KeyManager12SetMasterKeyERK11otMasterKey)
                  0001a890    00000070                           : instance.obj (.text:_ZN2ot8InstanceC1Ev)
                  0001a900    00000070                           : mle.obj (.text:_ZNK2ot3Mle3Mle19GetAttachStartDelayEv)
                  0001a970    00000070     libmbedcrypto.lib : bignum.obj (.text:mbedtls_mpi_sub_abs)
                  0001a9e0    00000070                       : ssl_tls.obj (.text:mbedtls_ssl_write)
                  0001aa50    0000006e     rf_multiMode_cc13x2_v1.aem4f : RFCC26X2_multiMode.oem4f (.text:RF_attachOverrides)
                  0001aabe    0000006e     libopenthread_mtd.lib : network_data_leader.obj (.text:_ZN2ot11NetworkData10LeaderBase14SetNetworkDataEhhbRKNS_7MessageEt)
                  0001ab2c    0000006e                           : mesh_forwarder.obj (.text:_ZN2ot13MeshForwarder24GetMacDestinationAddressERKNS_3Ip67AddressERNS_3Mac7AddressE)
                  0001ab9a    0000006e                           : udp6.obj (.text:_ZN2ot3Ip63Udp13HandlePayloadERNS_7MessageERNS0_11MessageInfoE)
                  0001ac08    0000006e     radio.obj (.text:otPlatRadioSleep)
                  0001ac76    00000002     --HOLE-- [fill = 0]
                  0001ac78    0000006d     rom_sysbios.aem4f : rom_sysbios.obj (.text:xdc_runtime_System_formatNum__I)
                  0001ace5    00000003     --HOLE-- [fill = 0]
                  0001ace8    0000006c     grlib.a : image.obj (.text:Graphics_convertPalette)
                  0001ad54    0000006c     driverlib.lib : setup_rom.obj (.text:NOROM_SetupAfterColdResetWakeupFromShutDownCfg1)
                  0001adc0    0000006c     drivers_cc13x2_v1.aem4f : PINCC26XX.oem4f (.text:PIN_add)
                  0001ae2c    0000006c                             : UARTCC26XX.oem4f (.text:UARTCC26XX_readCancel)
                  0001ae98    0000006c     libopenthread_mtd.lib : network_data.obj (.text:_ZN2ot11NetworkData11NetworkData19RemoveTemporaryDataEPhRh)
                  0001af04    0000006c                           : dataset_local.obj (.text:_ZN2ot7MeshCoP12DatasetLocal3SetERKNS0_7DatasetE)
                  0001af70    0000006c     libmbedcrypto.lib : entropy.obj (.text:entropy_update)
                  0001afdc    0000006c                       : bignum.obj (.text:mbedtls_mpi_copy)
                  0001b048    0000006c                       : ssl_cookie.obj (.text:mbedtls_ssl_cookie_check)
                  0001b0b4    0000006a     libopenthread_mtd.lib : ip6_mpl.obj (.text:_ZN2ot3Ip63Mpl13UpdateSeedSetEth)
                  0001b11e    0000006a                           : message.obj (.text:_ZN2ot7Message7PrependEPKvt)
                  0001b188    00000068     driverlib.lib : osc.obj (.text:NOROM_OSCHF_SwitchToRcOscTurnOffXosc)
                  0001b1f0    00000068     rf_multiMode_cc13x2_v1.aem4f : RFCC26X2_multiMode.oem4f (.text:RF_getCurrentTime)
                  0001b258    00000068     libopenthread_mtd.lib : udp6.obj (.text:_ZN2ot3Ip63Udp12SendDatagramERNS_7MessageERNS0_11MessageInfoENS0_7IpProtoE)
                  0001b2c0    00000068                           : mle.obj (.text:_ZN2ot3Mle3Mle13SetLeaderDataEjhh)
                  0001b328    00000068                           : coap.obj (.text:_ZN2ot4Coap8CoapBase16SendEmptyMessageE10otCoapTypeRKNS0_6HeaderERKNS_3Ip611MessageInfoE)
                  0001b390    00000068     rtsv7M4_T_le_v4SPD16_eabi.lib : copy_decompress_lzss.c.obj (.text:decompress:lzss:__TI_decompress_lzss)
                  0001b3f8    00000068     libmbedcrypto.lib : ccm.obj (.text:mbedtls_ccm_auth_decrypt)
                  0001b460    00000068                       : ecp.obj (.text:mbedtls_ecp_group_free)
                  0001b4c8    00000068                       : ssl_tls.obj (.text:mbedtls_ssl_handle_message_type)
                  0001b530    00000066     keys_utils.obj (.text:KeysUtils_initialize)
                  0001b596    00000002     --HOLE-- [fill = 0]
                  0001b598    00000066     nvoctp.obj (.text:NVOCTP_loadApiPtrsExt)
                  0001b5fe    00000066     libopenthread_mtd.lib : message.obj (.text:_ZN2ot11MessagePool3NewEht)
                  0001b664    00000066                           : timer.obj (.text:_ZN2ot14TimerScheduler3AddERNS_5TimerERKNS0_8AlarmApiE)
                  0001b6ca    00000066                           : mle.obj (.text:_ZN2ot3Mle3Mle18AddDelayedResponseERNS_7MessageERKNS_3Ip67AddressEt)
                  0001b730    00000064     drivers_cc13x2_v1.aem4f : CryptoResourceCC26XX.oem4f (.text:CryptoResourceCC26XX_constructRTOSObjects)
                  0001b794    00000064                             : PKAResourceCC26XX.oem4f (.text:PKAResourceCC26XX_constructRTOSObjects)
                  0001b7f8    00000064                             : UARTCC26XX.oem4f (.text:UARTCC26XX_control)
                  0001b85c    00000064     libopenthread_mtd.lib : mle.obj (.text:_ZN2ot3Mle3Mle15ProcessAnnounceEv)
                  0001b8c0    00000064     radio.obj (.text:applyIeee802154Patch)
                  0001b924    00000064     libmbedcrypto.lib : ssl_cookie.obj (.text:ssl_cookie_hmac)
                  0001b988    00000064                       : ssl_tls.obj (.text:ssl_swap_epochs)
                  0001b9ec    00000062     libopenthread_mtd.lib : mesh_forwarder.obj (.text:_ZN2ot13MeshForwarder21HandleReassemblyTimerEv)
                  0001ba4e    00000062                           : netif.obj (.text:_ZN2ot3Ip65Netif28UnsubscribeExternalMulticastERKNS0_7AddressE)
                  0001bab0    00000062                           : mac.obj (.text:_ZN2ot3Mac3Mac14SetNetworkNameEPKch)
                  0001bb12    00000062                           : coap.obj (.text:_ZN2ot4Coap14ResponsesQueue11HandleTimerEv)
                  0001bb74    00000004     dpl_cc13x2_v1.aem4f : SemaphoreP_tirtos.oem4f (.text:SemaphoreP_post)
                  0001bb78    00000062     radio.obj (.text:otPlatRadioGetIeeeEui64)
                  0001bbda    00000002     --HOLE-- [fill = 0]
                  0001bbdc    00000060     drivers_cc13x2_v1.aem4f : GPIOCC26XX.oem4f (.text:GPIO_write)
[...]
1003bf7d  xdc_runtime_Gate_leaveSystem__E                                                                                                    
1003bf83  xdc_runtime_System_Module_startup__E                                                                                               
1003bf89  xdc_runtime_Gate_enterSystem__E                                                                                                    
1003bf8d  xdc_runtime_SysCallback_Module__startupDone__S                                                                                     
1003bf8d  xdc_runtime_System_SupportProxy_Module__startupDone__S                                                                             
1003bf91  xdc_runtime_System_Module_GateProxy_enter__E                                                                                       
1003bf95  xdc_runtime_System_Module_GateProxy_leave__E                                                                                       
1003bf99  xdc_runtime_System_abortSpin__E                                                                                                    
1003bf9b  xdc_runtime_System_exitSpin__E                                                                                                     
1003bf9d  ti_sysbios_family_arm_m3_Hwi_dispatch__I                                                                                           
1003c095  ti_sysbios_family_arm_m3_TaskSupport_buildTaskStack                                                                                
1003c121  ti_sysbios_family_arm_m3_Hwi_initStacks__E                                                                                         
1003c179  ti_sysbios_family_arm_m3_Hwi_pendSV__I                                                                                             
1003c19d  ti_sysbios_family_arm_m3_Hwi_return                                                                                                
1003c1a1  ti_sysbios_family_arm_m3_Hwi_excHandlerAsm__I                                                                                      
1003c1c1  ti_sysbios_family_xxx_Hwi_switchAndRunFunc                                                                                         
1003c1df  ti_sysbios_family_arm_m3_TaskSupport_swap__E                                                                                       
1003c1df  ti_sysbios_knl_Task_SupportProxy_swap__E                                                                                           
1003c1df  ti_sysbios_knl_Task_SupportProxy_swap__E__mangled__                                                                                
1003c1eb  ti_sysbios_knl_Task_swapReturn                                                                                                     
1003c1f7  ti_sysbios_family_arm_m3_TaskSupport_glue                                                                                          
1003c208  ti_sysbios_knl_Task_Object__PARAMS__C                                                                                              
1003c244  ti_sysbios_knl_Mailbox_Object__PARAMS__C                                                                                           
1003c278  ti_sysbios_family_arm_m3_Hwi_Object__PARAMS__C                                                                                     
1003c2a8  ti_sysbios_hal_Hwi_Object__PARAMS__C                                                                                               
1003c2d4  ti_sysbios_knl_Swi_Object__PARAMS__C                                                                                               
1003c2fc  ti_sysbios_heaps_HeapMem_Object__PARAMS__C                                                                                         
1003c320  ti_sysbios_knl_Clock_Object__PARAMS__C                                                                                             
1003c344  ti_sysbios_knl_Semaphore_Object__PARAMS__C                                                                                         
1003c368  ti_sysbios_gates_GateHwi_Object__PARAMS__C                                                                                         
1003c380  ti_sysbios_gates_GateMutex_Object__PARAMS__C                                                                                       
1003c398  ti_sysbios_knl_Event_Object__PARAMS__C                                                                                             
1003c3b0  ti_sysbios_knl_Queue_Object__PARAMS__C                                                                                             
20000000  ti_sysbios_family_arm_m3_Hwi_ramVectors                                                                                            
20000100  xdcRomConstPtr                                                                                                                     
20000104  xdcRomExternFuncPtr                                                                                                                
20000108  xdcRomStatePtr                                                                                                                     
20000110  __primary_heap_start__                                                                                                             
20001110  __primary_heap_end__                                                                                                               
20005f28  uartCC26XXObjects                                                                                                                  
20006178  ti_sysbios_knl_Task_Instance_State_0_stack__A                                                                                      
20006538  spiCC26X2DMAObjects                                                                                                                
200066d8  _ZN2ot11Diagnostics4Diag8sTxPowerE                                                                                                 
200066d9  _ZN2ot11Diagnostics4Diag8sChannelE                                                                                                 
200066da  _ZN2ot11Diagnostics4Diag6sTxLenE                                                                                                   
200066db  _ZN2ot11Diagnostics4Diag13sRepeatActiveE                                                                                           
200066dc  _ZN2ot11Diagnostics4Diag9sTxPeriodE                                                                                                
200066e0  _ZN2ot11Diagnostics4Diag10sTxPacketsE                                                                                              
200066e4  _ZN2ot11Diagnostics4Diag9sTxPacketE                                                                                                
200066e8  _ZN2ot11Diagnostics4Diag9sInstanceE                                                                                                
200066ec  _ZN2ot11Diagnostics4Diag6sStatsE                                                                                                   
200066f8  _ZN2ot11Diagnostics4Diag7sOutputE                                                                                                  
200067f8  ti_sysbios_family_arm_m3_Hwi_dispatchTable                                                                                         
20006950  pinHandleTable                                                                                                                     
20006a90  ecjpakeCC26X2Objects                                                                                                               
20006ae4  sha2CC26X2Objects                                                                                                                  
20006b34  aesecbCC26XXObjects                                                                                                                
20006b80  displaySharpObject                                                                                                                 
20006bc4  uartCC26XXRingBuffer                                                                                                               
20006e44  udmaObjects                                                                                                                        
20006ed4  CryptoResourceCC26XX_accessSemaphore                                                                                               
20006ef0  CryptoResourceCC26XX_hwi                                                                                                           
20006f0c  CryptoResourceCC26XX_operationSemaphore                                                                                            
20006f28  PKAResourceCC26XX_accessSemaphore                                                                                                  
20006f44  PKAResourceCC26XX_hwi                                                                                                              
20006f60  PKAResourceCC26XX_operationSemaphore                                                                                               
20007090  displayUartObject                                                                                                                  
200070b0  ClockP_tickPeriod                                                                                                                  
200070b4  PowerCC26XX_swiKey                                                                                                                 
200070b8  PowerCC26XX_taskKey                                                                                                                
200070bc  nvsCC26xxObjects                                                                                                                   
200070c2  driverlib_release_0_52354                                                                                                          
20008e2c  pOverrides                                                                                                                         
20008e68  txPowerTable                                                                                                                       
20009250  ROM_stateStruct                                                                                                                    
20009250  ti_sysbios_knl_Clock_Module__state__V                                                                                              
2000927c  ti_sysbios_family_arm_cc26xx_TimestampProvider_Module__state__V                                                                    
20009280  xdc_runtime_Startup_Module__state__V                                                                                               
20009288  ti_sysbios_BIOS_Module__state__V                                                                                                   
200092ac  ti_sysbios_knl_Swi_Module__state__V                                                                                                
200092c8  ti_sysbios_knl_Task_Module__state__V                                                                                               
2000930c  xdc_runtime_Memory_Module__state__V                                                                                                
20009310  xdc_runtime_System_Module__state__V                                                                                                
20009318  ti_sysbios_family_arm_m3_Hwi_Module__state__V                                                                                      
2000934c  xdc_runtime_Error_Module__state__V                                                                                                 
20009350  ti_sysbios_family_arm_cc26xx_Timer_Module__state__V                                                                                
20009358  PowerCC26X2_module                                                                                                                 
200094a8  ti_sysbios_gates_GateMutex_Object__table__V                                                                                        
200094fc  ti_sysbios_knl_Task_Object__table__V                                                                                               
20009548  ti_sysbios_family_arm_cc26xx_Timer_Object__table__V                                                                                
20009608  ti_sysbios_knl_Swi_Module_State_0_readyQ__A                                                                                        
20009638  ti_sysbios_knl_Swi_Object__table__V                                                                                                
20009668  ti_sysbios_knl_Task_Module_State_0_readyQ__A                                                                                       
200096c4  gpioPinConfigs                                                                                                                     
2000973c  ti_sysbios_knl_Clock_Object__table__V                                                                                              
2000975c  xdc_runtime_Error_IgnoreBlock                                                                                                      
20009794  ti_sysbios_family_arm_m3_Hwi_Object__table__V                                                                                      
200097ac  ti_sysbios_heaps_HeapMem_Object__table__V                                                                                          
200097e4  gpioCallbackFunctions                                                                                                              
200097fc  lcdHandle                                                                                                                          
20009800  serialHandle                                                                                                                       
2000980c  mbedtls_calloc                                                                                                                     
20009810  mbedtls_free                                                                                                                       
20009814  _lock                                                                                                                              
20009818  _unlock                                                                                                                            
2000982c  pinUpperBound                                                                                                                      
20009830  pinLowerBound                                                                                                                      
20009834  ti_sysbios_family_arm_cc26xx_Seconds_Module__state__V                                                                              
2000983c  ti_sysbios_family_arm_m3_Hwi_Module__root__V                                                                                       
20009844  ti_sysbios_gates_GateHwi_Module__root__V                                                                                           
2000984c  ti_sysbios_gates_GateMutexPri_Module__root__V                                                                                      
20009854  ti_sysbios_gates_GateMutex_Module__root__V                                                                                         
2000985c  ti_sysbios_hal_Hwi_Module__root__V                                                                                                 
20009864  ti_sysbios_heaps_HeapMem_Module__root__V                                                                                           
2000986c  ti_sysbios_knl_Clock_Module__root__V                                                                                               
20009874  ti_sysbios_knl_Event_Module__root__V                                                                                               
2000987c  ti_sysbios_knl_Mailbox_Module__root__V                                                                                             
20009884  ti_sysbios_knl_Queue_Module__root__V                                                                                               
2000988c  ti_sysbios_knl_Semaphore_Module__root__V                                                                                           
20009894  ti_sysbios_knl_Swi_Module__root__V                                                                                                 
2000989c  ti_sysbios_knl_Task_Module__root__V                                                                                                
200098a4  xdc_runtime_System_Module_State_0_atexitHandlers__A                                                                                
200098c0  main_func_sp                                                                                                                       
200098c4  ti_sysbios_family_arm_m3_Hwi_Module_State_0_excContext__A                                                                          
200098c8  ti_sysbios_family_arm_m3_Hwi_Module_State_0_excStack__A                                                                            
200098cc  ti_sysbios_knl_Task_Module_State_0_idleTask__A                                                                                     
200098d0  CryptoResourceCC26XX_pollingFlag                                                                                                   
200098d2  PKAResourceCC26XX_pollingFlag                                                                                                      
200098d4  ti_sysbios_family_arm_m3_Hwi_Module_State_0_excActive__A                                                                           
20013c00  __stack                                                                                                                            
20014000  __STACK_END                                                                                                                        
e000e000  ti_sysbios_family_arm_m3_Hwi_nvic                                                                                                  
ffffffff  __TI_pprof_out_hndl                                                                                                                
ffffffff  __TI_prof_data_size                                                                                                                
ffffffff  __TI_prof_data_start                                                                                                               
ffffffff  __binit__                                                                                                                          
ffffffff  __c_args__                                                                                                                         
ffffffff  binit                                                                                                                              
UNDEFED   SHT$$INIT_ARRAY$$Base                                                                                                              
UNDEFED   SHT$$INIT_ARRAY$$Limit                                                                                                             

[2238 symbols]
