******************************************************************************
                  TI ARM Linker Unix v18.1.4                   
******************************************************************************
>> Linked Fri Feb 15 11:07:46 2019

OUTPUT FILE NAME:   <temp_sensor_CC1352R1_LAUNCHXL_tirtos_ccs.out>
ENTRY POINT SYMBOL: "ResetISR"  address: 0001b04d


MEMORY CONFIGURATION

         name            origin    length      used     unused   attr    fill
----------------------  --------  ---------  --------  --------  ----  --------
  FLASH                 00000000   00058000  00029e1e  0002e1e2  R  X
  GPRAM                 11000000   00002000  00000000  00002000  RW X
  SRAM                  20000000   00014000  0000882b  0000b7d5  RW X


SEGMENT ALLOCATION MAP

run origin  load origin   length   init length attrs members
----------  ----------- ---------- ----------- ----- -------
00000000    00000000    00025dd0   00025dd0    r-x
  00000000    00000000    0000003c   0000003c    r-- .resetVecs
  0000003c    0000003c    00000004   00000004    r-- .const.1
  00000040    00000040    00023f84   00023f84    r-x .text.1
  00023fc4    00023fc4    00000004   00000004    r-- .const.2
  00023fc8    00023fc8    00000002   00000002    r-x .text.2
  00023fcc    00023fcc    00000004   00000004    r-- .const.3
  00023fd0    00023fd0    00000002   00000002    r-x .text.3
  00023fd4    00023fd4    00000004   00000004    r-- .const.4
  00023fd8    00023fd8    00000002   00000002    r-x .text.4
  00023fdc    00023fdc    00000004   00000004    r-- .const.5
  00023fe0    00023fe0    00000002   00000002    r-x .text.5
  00023fe4    00023fe4    00000004   00000004    r-- .const.6
  00023fe8    00023fe8    00000002   00000002    r-x .text.6
  00023fec    00023fec    00000004   00000004    r-- .const.7
  00023ff0    00023ff0    00000254   00000254    r-x .text.7
  00024244    00024244    000018a4   000018a4    r-- .const.8
  00025ae8    00025ae8    000002e8   000002e8    r-- .cinit
00052000    00052000    00004000   00000000    rw-
  00052000    00052000    00004000   00000000    rw- .TI.bound:flashBuf
00057fa8    00057fa8    00000058   00000058    r--
  00057fa8    00057fa8    00000058   00000058    r-- .ccfg
20000100    20000100    00007358   00000000    rw-
  20000100    20000100    00000004   00000000    rw- .data:xdcRomConstPtr
  20000104    20000104    00000004   00000000    rw- .data:xdcRomExternFuncPtr
  20000108    20000108    00000004   00000000    rw- .data:xdcRomStatePtr
  20000110    20000110    00004aff   00000000    rw- .bss
  20004c10    20004c10    00002848   00000000    rw- .data
20007458    20007458    00001000   00000000    r--
  20007458    20007458    00001000   00000000    r-- .priheap
20013c00    20013c00    00000400   00000000    rw-
  20013c00    20013c00    00000400   00000000    rw- .stack


SECTION ALLOCATION MAP

 output                                  attributes/
section   page    origin      length       input sections
--------  ----  ----------  ----------   ----------------
.binit     0    00000000    00000000     

.cinit     0    00025ae8    000002e8     
                  00025ae8    00000293     (.cinit..data.load) [load image, compression = lzss]
                  00025d7b    00000001     --HOLE-- [fill = 0]
                  00025d7c    0000000c     (__TI_handler_table)
                  00025d88    00000008     (.cinit..bss.load) [load image, compression = zero_init]
                  00025d90    00000008     (.cinit..data:xdcRomConstPtr.load) [load image, compression = lzss]
                  00025d98    00000008     (.cinit..data:xdcRomExternFuncPtr.load) [load image, compression = lzss]
                  00025da0    00000008     (.cinit..data:xdcRomStatePtr.load) [load image, compression = lzss]
                  00025da8    00000028     (__TI_cinit_table)

.init_array 
*          0    00000000    00000000     UNINITIALIZED

.ccfg      0    00057fa8    00000058     
                  00057fa8    00000058     ccfg.obj (.ccfg:retain)

.bss       0    20000110    00004aff     UNINITIALIZED
                  20000110    00003b88     libopenthread_mtd.lib : instance.obj (.bss:_ZN34_INTERNAL_12_instance_cpp_0ce081802ot12sInstanceRawE)
                  20003c98    00000250     (.common:uartCC26XXObjects)
                  20003ee8    00000200     release_pem4f.oem4f (.bss:taskStackSection)
                  200040e8    000001c0     rf_multiMode_cc13x2_v1.aem4f : RFCC26X2_multiMode.oem4f (.bss:RF_cmdPool)
                  200042a8    00000120     libopenthread_diag_mtd.lib : diag_process.obj (.bss:$O1$$)
                  200043c8    000000d8     (.common:ti_sysbios_family_arm_m3_Hwi_dispatchTable)
                  200044a0    00000080     CC1352R1_LAUNCHXL.obj (.bss:uartStringBuf)
                  20004520    0000007c     (.common:pinHandleTable)
                  2000459c    00000004     drivers_cc13x2_v1.aem4f : ECJPAKECC26X2.oem4f (.bss)
                  200045a0    00000068     rf_multiMode_cc13x2_v1.aem4f : RFCC26X2_multiMode.oem4f (.bss:RF_ratModule)
                  20004608    00000058     radio.obj (.bss:sSrcMatchExtData)
                  20004660    00000054     (.common:ecjpakeCC26X2Objects)
                  200046b4    00000050     (.common:sha2CC26X2Objects)
                  20004704    0000004c     (.common:aesecbCC26XXObjects)
                  20004750    00000040     (.common:uartCC26XXRingBuffer)
                  20004790    0000003c     radio.obj (.bss:sReceiveCmd)
                  200047cc    00000038     random.obj (.bss:$O1$$)
                  20004804    00000034     rf_multiMode_cc13x2_v1.aem4f : RFCC26X2_multiMode.oem4f (.bss:RF_swiFsmObj)
                  20004838    00000034                                  : RFCC26X2_multiMode.oem4f (.bss:RF_swiHwObj)
                  2000486c    00000034     drivers_cc13x2_v1.aem4f : PINCC26XX.oem4f (.bss:pinSwi)
                  200048a0    00000030     rf_multiMode_cc13x2_v1.aem4f : RFCC26X2_multiMode.oem4f (.bss:RF_Sch)
                  200048d0    00000030     radio.obj (.bss:sSrcMatchShortData)
                  20004900    0000002c     otrtosapi.obj (.bss:OtRtosApi_mutexHandle)
                  2000492c    00000024     rf_multiMode_cc13x2_v1.aem4f : RFCC26X2_multiMode.oem4f (.bss:RF_clkPowerUpObj)
                  20004950    00000020                                  : RFCC26X2_multiMode.oem4f (.bss:RF_cmdQ)
                  20004970    00000020     drivers_cc13x2_v1.aem4f : GPIOCC26XX.oem4f (.bss:gpioCallbackInfo)
                  20004990    00000020                             : PINCC26XX.oem4f (.bss:pinGpioConfigTable)
                  200049b0    00000020     radio.obj (.bss:sCsmaBackoffCmd)
                  200049d0    0000001c     rf_multiMode_cc13x2_v1.aem4f : RFCC26X2_multiMode.oem4f (.bss:RF_hwiCpe0Obj)
                  200049ec    0000001c                                  : RFCC26X2_multiMode.oem4f (.bss:RF_hwiHwObj)
                  20004a08    0000001c     drivers_cc13x2_v1.aem4f : PINCC26XX.oem4f (.bss:pinHwi)
                  20004a24    0000001c                             : PINCC26XX.oem4f (.bss:pinSemaphore)
                  20004a40    0000001c     (.common:CryptoResourceCC26XX_accessSemaphore)
                  20004a5c    0000001c     (.common:CryptoResourceCC26XX_hwi)
                  20004a78    0000001c     (.common:CryptoResourceCC26XX_operationSemaphore)
                  20004a94    0000001c     (.common:PKAResourceCC26XX_accessSemaphore)
                  20004ab0    0000001c     (.common:PKAResourceCC26XX_hwi)
                  20004acc    0000001c     (.common:PKAResourceCC26XX_operationSemaphore)
                  20004ae8    00000018     radio.obj (.bss:sEdScanCmd)
                  20004b00    00000018     radio.obj (.bss:sRadioSetupCmd)
                  20004b18    00000018     radio.obj (.bss:sTransmitCmd)
                  20004b30    00000016     rf_multiMode_cc13x2_v1.aem4f : RFCC26X2_multiMode.oem4f (.bss)
                  20004b46    00000002     drivers_cc13x2_v1.aem4f : UARTCC26XX.oem4f (.bss)
                  20004b48    00000014     rf_multiMode_cc13x2_v1.aem4f : RFCC26X2_multiMode.oem4f (.bss:RF_ratSyncCmd)
                  20004b5c    00000014                                  : RFCC26X2_multiMode.oem4f (.bss:RF_wakeupNotifyObj)
                  20004b70    00000014     driverlib.lib : osc.obj (.bss:oscHfGlobals)
                  20004b84    00000014     drivers_cc13x2_v1.aem4f : GPIOCC26XX.oem4f (.bss:powerNotifyObj)
                  20004b98    00000014     radio.obj (.bss:sTransmitRxAckCmd)
                  20004bac    00000010     rf_multiMode_cc13x2_v1.aem4f : RFCC26X2_multiMode.oem4f (.bss:RF_core)
                  20004bbc    00000010     radio.obj (.bss:sRfStats)
                  20004bcc    0000000c     drivers_cc13x2_v1.aem4f : NVSCC26XX.oem4f (.bss)
                  20004bd8    0000000c                             : GPIOCC26XX.oem4f (.bss:gpioPinState)
                  20004be4    0000000c     (.common:displayUartObject)
                  20004bf0    00000008                             : GPIOCC26XX.oem4f (.bss)
                  20004bf8    00000004                             : PINCC26XX.oem4f (.bss)
                  20004bfc    00000004     (.common:ClockP_tickPeriod)
                  20004c00    00000004     (.common:PowerCC26XX_swiKey)
                  20004c04    00000004     (.common:PowerCC26XX_taskKey)
                  20004c08    00000004     (.common:nvsCC26xxObjects)
                  20004c0c    00000001     keys_utils.obj (.bss)
                  20004c0d    00000001     radio.obj (.bss)
                  20004c0e    00000001     (.common:driverlib_release_0_52354)

.data      0    20004c10    00002848     UNINITIALIZED
                  20004c10    000014dc     otstack.obj (.data:$O1$$)
                  200060ec    0000086c     reedswitch.obj (.data:$O1$$)
                  20006958    00000478     radio.obj (.data:$O1$$)
                  20006dd0    00000108     release_pem4f.oem4f (.data:ROM_stateStruct)
                  20006ed8    000000c8     drivers_cc13x2_v1.aem4f : PowerCC26X2.oem4f (.data:PowerCC26X2_module)
                  20006fa0    00000088     rom_sysbios.aem4f : rom_sysbios.obj (.data:$O1$$)
                  20007028    00000054     release_pem4f.oem4f (.data:ti_sysbios_gates_GateMutex_Object__table__V)
                  2000707c    0000004c     release_pem4f.oem4f (.data:ti_sysbios_knl_Task_Object__table__V)
                  200070c8    00000048     release_pem4f.oem4f (.data:ti_sysbios_family_arm_cc26xx_Timer_Object__table__V)
                  20007110    00000040     uart.obj (.data:$O1$$)
                  20007150    00000038     nvoctp.obj (.data:$O1$$)
                  20007188    00000030     release_pem4f.oem4f (.data:ti_sysbios_knl_Swi_Module_State_0_readyQ__A)
                  200071b8    00000030     release_pem4f.oem4f (.data:ti_sysbios_knl_Swi_Object__table__V)
                  200071e8    00000030     release_pem4f.oem4f (.data:ti_sysbios_knl_Task_Module_State_0_readyQ__A)
                  20007218    0000002c     keys_utils.obj (.data:$O1$$)
                  20007244    0000002c     CC1352R1_LAUNCHXL.obj (.data:gpioPinConfigs)
                  20007270    00000028     settings.obj (.data:sNvoctpFps)
                  20007298    00000024     libmbedcrypto.lib : ssl_tls.obj (.data:$O1$$)
                  200072bc    00000020     release_pem4f.oem4f (.data:ti_sysbios_knl_Clock_Object__table__V)
                  200072dc    00000020     release_pem4f.oem4f (.data:xdc_runtime_Error_IgnoreBlock)
                  200072fc    00000018     diag.obj (.data:$O1$$)
                  20007314    00000018     release_pem4f.oem4f (.data:ti_sysbios_family_arm_m3_Hwi_Object__table__V)
                  2000732c    00000018     release_pem4f.oem4f (.data:ti_sysbios_heaps_HeapMem_Object__table__V)
                  20007344    00000010     alarm.obj (.data:$O1$$)
                  20007354    00000010     alarm_micro.obj (.data:$O1$$)
                  20007364    00000010     CC1352R1_LAUNCHXL.obj (.data:gpioCallbackFunctions)
                  20007374    00000008     aes_alt.obj (.data:$O1$$)
                  2000737c    00000008     libmbedcrypto.lib : ecp.obj (.data:$O1$$)
                  20007384    00000008                       : platform.obj (.data:$O1$$)
                  2000738c    00000008     rtsv7M4_T_le_v4SPD16_eabi.lib : _lock.c.obj (.data:$O1$$)
                  20007394    00000008     sha256_alt.obj (.data:$O1$$)
                  2000739c    00000008     disp_utils.obj (.data)
                  200073a4    00000008     drivers_cc13x2_v1.aem4f : ECJPAKECC26X2.oem4f (.data)
                  200073ac    00000008                             : PINCC26XX.oem4f (.data)
                  200073b4    00000008     release_pem4f.oem4f (.data:ti_sysbios_family_arm_cc26xx_Seconds_Module__state__V)
                  200073bc    00000008     release_pem4f.oem4f (.data:ti_sysbios_family_arm_m3_Hwi_Module__root__V)
                  200073c4    00000008     release_pem4f.oem4f (.data:ti_sysbios_gates_GateHwi_Module__root__V)
                  200073cc    00000008     release_pem4f.oem4f (.data:ti_sysbios_gates_GateMutexPri_Module__root__V)
                  200073d4    00000008     release_pem4f.oem4f (.data:ti_sysbios_gates_GateMutex_Module__root__V)
                  200073dc    00000008     release_pem4f.oem4f (.data:ti_sysbios_hal_Hwi_Module__root__V)
                  200073e4    00000008     release_pem4f.oem4f (.data:ti_sysbios_heaps_HeapMem_Module__root__V)
                  200073ec    00000008     release_pem4f.oem4f (.data:ti_sysbios_knl_Clock_Module__root__V)
                  200073f4    00000008     release_pem4f.oem4f (.data:ti_sysbios_knl_Event_Module__root__V)
                  200073fc    00000008     release_pem4f.oem4f (.data:ti_sysbios_knl_Mailbox_Module__root__V)
                  20007404    00000008     release_pem4f.oem4f (.data:ti_sysbios_knl_Queue_Module__root__V)
                  2000740c    00000008     release_pem4f.oem4f (.data:ti_sysbios_knl_Semaphore_Module__root__V)
                  20007414    00000008     release_pem4f.oem4f (.data:ti_sysbios_knl_Swi_Module__root__V)
                  2000741c    00000008     release_pem4f.oem4f (.data:ti_sysbios_knl_Task_Module__root__V)
                  20007424    00000008     release_pem4f.oem4f (.data:xdc_runtime_System_Module_State_0_atexitHandlers__A)
                  2000742c    00000005     drivers_cc13x2_v1.aem4f : GPIOCC26XX.oem4f (.data)
                  20007431    00000002                             : CryptoResourceCC26XX.oem4f (.data)
                  20007433    00000001                             : AESECBCC26XX.oem4f (.data)
                  20007434    00000004                             : GPIOCC26XX.oem4f (.data:gpioPinTable)
                  20007438    00000004     libmbedcrypto.lib : ecp_curves.obj (.data:one$1)
                  2000743c    00000004     radio.obj (.data)
                  20007440    00000004     rtsv7M4_T_le_v4SPD16_eabi.lib : stkdepth_vars.c.obj (.data)
                  20007444    00000004     release_pem4f.oem4f (.data:ti_sysbios_family_arm_m3_Hwi_Module_State_0_excContext__A)
                  20007448    00000004     release_pem4f.oem4f (.data:ti_sysbios_family_arm_m3_Hwi_Module_State_0_excStack__A)
                  2000744c    00000004     release_pem4f.oem4f (.data:ti_sysbios_knl_Task_Module_State_0_idleTask__A)
                  20007450    00000002     drivers_cc13x2_v1.aem4f : PKAResourceCC26XX.oem4f (.data)
                  20007452    00000002     release_pem4f.oem4f (.data:ti_sysbios_family_arm_m3_Hwi_Module_State_0_excActive__A)
                  20007454    00000001     drivers_cc13x2_v1.aem4f : NVS.oem4f (.data)
                  20007455    00000001                             : SHA2CC26X2.oem4f (.data)
                  20007456    00000001                             : UART.oem4f (.data)
                  20007457    00000001     otstack.obj (.data)

.stack     0    20013c00    00000400     UNINITIALIZED
                  20013c00    00000400     --HOLE--

.priheap   0    20007458    00001000     UNINITIALIZED
                  20007458    00001000     --HOLE--

.data:xdcRomConstPtr 
*          0    20000100    00000004     UNINITIALIZED
                  20000100    00000004     release_pem4f.oem4f (.data:xdcRomConstPtr)

.data:xdcRomExternFuncPtr 
*          0    20000104    00000004     UNINITIALIZED
                  20000104    00000004     release_pem4f.oem4f (.data:xdcRomExternFuncPtr)

.data:xdcRomStatePtr 
*          0    20000108    00000004     UNINITIALIZED
                  20000108    00000004     release_pem4f.oem4f (.data:xdcRomStatePtr)

.bootVecs 
*          0    00000000    00000008     DSECT
                  00000000    00000008     boot.aem4f : boot.oem4f (.bootVecs)

.resetVecs 
*          0    00000000    0000003c     
                  00000000    0000003c     release_pem4f.oem4f (.resetVecs)

.vecs      0    20000000    000000d8     NOLOAD SECTION
                  20000000    000000d8     release_pem4f.oem4f (.vecs)

xdc.meta   0    00000000    00000103     COPY SECTION
                  00000000    00000103     release_pem4f.oem4f (xdc.meta)

xdc.noload 
*          0    00000000    00000000     COPY SECTION

.TI.bound:flashBuf 
*          0    00052000    00004000     UNINITIALIZED
                  00052000    00004000     CC1352R1_LAUNCHXL.obj (.TI.bound:flashBuf)

.const.1   0    0000003c    00000004     
                  0000003c    00000004     drivers_cc13x2_v1.aem4f : NVS.oem4f (.const:NVS_defaultParams)

.text.1    0    00000040    00023f84     
                  00000040    00000a6c     libmbedcrypto.lib : ssl_srv.obj (.text:mbedtls_ssl_handshake_server_step)
                  00000aac    00000004     dpl_cc13x2_v1.aem4f : PowerCC26X2_tirtos.oem4f (.text:CPUwfi)
                  00000ab0    0000070a     ecjpake_alt.obj (.text:ecjpake_hash)
                  000011ba    00000006     display.aem4f : DisplayUart.oem4f (.text:DisplayUartMin_control)
                  000011c0    00000676     ecjpake_alt.obj (.text:mbedtls_ecjpake_write_round_two)
                  00001836    00000002     display.aem4f : DisplayUart.oem4f (.text:DisplayUartMin_clear)
                  00001838    000005c8     libmbedcrypto.lib : ssl_cli.obj (.text:mbedtls_ssl_handshake_client_step)
                  00001e00    00000548     drivers_cc13x2_v1.aem4f : ECJPAKECC26X2.oem4f (.text:ECJPAKECC26X2_runFSM)
                  00002348    0000053e     ecjpake_alt.obj (.text:mbedtls_ecjpake_read_round_one)
                  00002886    000004ec     libmbedcrypto.lib : ecp_curves.obj (.text:ecp_mod_p256)
                  00002d72    00000006     display.aem4f : DisplayUart.oem4f (.text:DisplayUartMin_getType)
                  00002d78    000004a2     ecjpake_alt.obj (.text:ecjpake_kzkp_kzkp_write)
                  0000321a    00000006     display.aem4f : Display.oem4f (.text:Display_doParamsInit)
                  00003220    00000486     ecjpake_alt.obj (.text:ecjpake_zkp_read)
                  000036a6    00000002     display.aem4f : DisplayUart.oem4f (.text:DisplayUartMin_clearLines)
                  000036a8    00000430     libmbedcrypto.lib : ssl_cli.obj (.text:ssl_parse_server_hello)
                  00003ad8    000003cc     libopenthread_mtd.lib : lowpan.obj (.text:_ZN2ot6Lowpan6Lowpan20DecompressBaseHeaderERNS_3Ip66HeaderERbRKNS_3Mac7AddressES9_PKht)
                  00003ea4    0000037c     libmbedcrypto.lib : ssl_tls.obj (.text:mbedtls_ssl_read_record_layer)
                  00004220    00000356     ecjpake_alt.obj (.text:mbedtls_ecjpake_read_round_two)
                  00004576    00000002     display.aem4f : DisplayUart.oem4f (.text:DisplayUartMin_init)
                  00004578    00000355     reedswitch.obj (.text:ReedSwitch_task)
                  000048cd    00000001     --HOLE-- [fill = 0]
                  000048ce    0000034e     libopenthread_mtd.lib : mle.obj (.text:_ZN2ot3Mle3Mle16HandleUdpReceiveERNS_7MessageERKNS_3Ip611MessageInfoE)
                  00004c1c    00000322                           : mac.obj (.text:_ZN2ot3Mac3Mac19HandleReceivedFrameEPNS0_5FrameE7otError)
                  00004f3e    00000002     driverlib.lib : rfc.obj (.text:NOROM_RFCCpePatchReset)
                  00004f40    00000314     rom_sysbios.aem4f : rom_sysbios.obj (.text:xdc_runtime_System_doPrint__I)
                  00005254    0000030a     libopenthread_mtd.lib : mle.obj (.text:_ZN2ot3Mle3Mle20HandleParentResponseERKNS_7MessageERKNS_3Ip611MessageInfoEj)
                  0000555e    00000002     rf_multiMode_cc13x2_v1.aem4f : RFCC26X2_multiMode.oem4f (.text:RF_defaultCallback)
                  00005560    00000308     libmbedcrypto.lib : ssl_tls.obj (.text:mbedtls_ssl_prepare_handshake_record)
                  00005868    00000304     radio.obj (.text:processRxQueue)
                  00005b6c    00000300     rf_multiMode_cc13x2_v1.aem4f : RFCC26X2_multiMode.oem4f (.text:RF_fsmActiveState)
                  00005e6c    00000300     libopenthread_mtd.lib : mesh_forwarder.obj (.text:_ZN2ot13MeshForwarder12SendFragmentERNS_7MessageERNS_3Mac5FrameE)
                  0000616c    000002e8     libmbedcrypto.lib : ssl_tls.obj (.text:mbedtls_ssl_write_record)
                  00006454    000002e2                       : ccm.obj (.text:ccm_auth_crypt)
                  00006736    00000002     libopenthread_mtd.lib : mesh_forwarder_mtd.obj (.text:_ZN2ot13MeshForwarder10HandleMeshEPhhRKNS_3Mac7AddressERK16otThreadLinkInfo)
                  00006738    000002d0     libmbedcrypto.lib : ssl_tls.obj (.text:mbedtls_ssl_derive_keys)
                  00006a08    000002c4     libopenthread_mtd.lib : mle.obj (.text:_ZN2ot3Mle3MleC1ERNS_8InstanceE)
                  00006ccc    00000004     dpl_cc13x2_v1.aem4f : ClockP_tirtos.oem4f (.text:ClockP_destruct)
                  00006cd0    000002be     nvoctp.obj (.text:NVOCTP_initNvApi)
                  00006f8e    000002a8     libopenthread_mtd.lib : lowpan.obj (.text:_ZN2ot6Lowpan6Lowpan8CompressERNS_7MessageERKNS_3Mac7AddressES7_Ph)
                  00007236    00000294                           : mac.obj (.text:_ZN2ot3Mac3Mac18HandleTransmitDoneEP12otRadioFrameS3_7otError)
                  000074ca    00000272                           : mle.obj (.text:_ZN2ot3Mle3Mle23HandleDiscoveryResponseERKNS_7MessageERKNS_3Ip611MessageInfoE)
                  0000773c    0000025c                           : mle.obj (.text:_ZN2ot3Mle3Mle16HandleLeaderDataERKNS_7MessageERKNS_3Ip611MessageInfoE)
                  00007998    0000024c     nvoctp.obj (.text:NVOCTP_doNextApi)
                  00007be4    0000024c     libopenthread_mtd.lib : dataset.obj (.text:_ZNK2ot7MeshCoP7Dataset3GetER20otOperationalDataset)
                  00007e30    0000023c                           : mesh_forwarder.obj (.text:_ZN2ot13MeshForwarder14HandleFragmentEPhhRKNS_3Mac7AddressES5_RK16otThreadLinkInfo)
                  0000806c    00000004     dpl_cc13x2_v1.aem4f : ClockP_tirtos.oem4f (.text:ClockP_getCpuFreq)
                  00008070    00000238     nvoctp.obj (.text:NVOCTP_compactPage)
                  000082a8    00000234     nvoctp.obj (.text:NVOCTP_writeItemApi)
                  000084dc    00000230     libopenthread_mtd.lib : mle.obj (.text:_ZN2ot3Mle3Mle25HandleChildUpdateResponseERKNS_7MessageERKNS_3Ip611MessageInfoE)
                  0000870c    00000220                           : mle.obj (.text:_ZN2ot3Mle3Mle21HandleChildIdResponseERKNS_7MessageERKNS_3Ip611MessageInfoE)
                  0000892c    00000220                           : joiner.obj (.text:_ZN2ot7MeshCoP6Joiner18SendJoinerFinalizeEv)
                  00008b4c    00000004     dpl_cc13x2_v1.aem4f : ClockP_tirtos.oem4f (.text:ClockP_getTimeout)
                  00008b50    00000214     nvoctp.obj (.text:NVOCTP_createItemApi)
                  00008d64    00000004     dpl_cc13x2_v1.aem4f : ClockP_tirtos.oem4f (.text:ClockP_setTimeout)
                  00008d68    0000020c     release_pem4f.oem4f (.text:xdc_runtime_System_printfExtend__I)
                  00008f74    000001ec     libopenthread_mtd.lib : ip6.obj (.text:_ZN2ot3Ip63Ip619SelectSourceAddressERNS0_11MessageInfoE)
                  00009160    000001e4                           : mac.obj (.text:_ZN2ot3Mac3Mac22ProcessReceiveSecurityERNS0_5FrameERKNS0_7AddressEPNS_8NeighborE)
                  00009344    00000004     dpl_cc13x2_v1.aem4f : ClockP_tirtos.oem4f (.text:ClockP_start)
                  00009348    000001de     ecjpake_alt.obj (.text:mbedtls_ecjpake_setup)
                  00009526    000001cc     rom_sysbios.aem4f : rom_sysbios.obj (.text:acquireMutex$49)
                  000096f2    000001ca     libopenthread_mtd.lib : ip6.obj (.text:_ZN2ot3Ip63Ip614HandleDatagramERNS_7MessageEPNS0_5NetifEaPKvb)
                  000098bc    000001c0     drivers_cc13x2_v1.aem4f : PINCC26XX.oem4f (.text:PIN_init)
                  00009a7c    000001c0     libopenthread_mtd.lib : coap_header.obj (.text:_ZN2ot4Coap6Header11FromMessageERKNS_7MessageEt)
                  00009c3c    000001b6     rtsv7M4_T_le_v4SPD16_eabi.lib : fd_add_t2.asm.obj (.text)
                  00009df2    00000002     libopenthread_mtd.lib : mesh_forwarder_mtd.obj (.text:_ZN2ot13MeshForwarder22HandleSentFrameToChildERKNS_3Mac5FrameE7otErrorRKNS1_7AddressE)
                  00009df4    000001b4                           : mle.obj (.text:_ZN2ot3Mle3Mle19HandleAdvertisementERKNS_7MessageERKNS_3Ip611MessageInfoE)
                  00009fa8    000001b4     radio.obj (.text:platformRadioProcess)
                  0000a15c    00000004     dpl_cc13x2_v1.aem4f : ClockP_tirtos.oem4f (.text:ClockP_stop)
                  0000a160    000001b0     nvoctp.obj (.text:NVOCTP_checkItem)
                  0000a310    000001ae     libopenthread_mtd.lib : mle.obj (.text:_ZN2ot3Mle3Mle11SendMessageERNS_7MessageERKNS_3Ip67AddressE)
                  0000a4be    000001a8                           : network_data.obj (.text:_ZN2ot11NetworkData11NetworkData19GetNextOnMeshPrefixEPjtP20otBorderRouterConfig)
                  0000a666    00000002                           : lowpan.obj (.text:_ZN2ot6Lowpan6LowpanC1ERNS_8InstanceE)
                  0000a668    000001a4     drivers_cc13x2_v1.aem4f : PowerCC26X2.oem4f (.text:Power_sleep)
                  0000a80c    000001a4     libopenthread_mtd.lib : mesh_forwarder.obj (.text:_ZN2ot13MeshForwarder15HandleSentFrameERNS_3Mac5FrameE7otError)
                  0000a9b0    000001a0                           : dtls.obj (.text:_ZN2ot7MeshCoP4Dtls5StartEbPFvPvbEPFvS2_PhtEPF7otErrorS2_PKhthES2_)
                  0000ab50    00000196                           : aes_ccm.obj (.text:_ZN2ot6Crypto6AesCcm4InitEjjhPKvh)
                  0000ace6    00000002     rtsv7M4_T_le_v4SPD16_eabi.lib : stdlib_typeinfo.cpp.obj (.text:_ZNSt9type_infoD1Ev)
                  0000ace8    00000196     ecjpake_alt.obj (.text:mbedtls_ecjpake_derive_secret)
                  0000ae7e    00000002     rtsv7M4_T_le_v4SPD16_eabi.lib : _lock.c.obj (.text:_nop)
                  0000ae80    00000194     driverlib.lib : pka.obj (.text:NOROM_PKAEccVerifyPublicKeyWeierstrassStart)
                  0000b014    00000194     drivers_cc13x2_v1.aem4f : PowerCC26X2_calibrateRCOSC.oem4f (.text:runCalibrateFsm)
                  0000b1a8    0000018c     rf_multiMode_cc13x2_v1.aem4f : RFCC26X2_multiMode.oem4f (.text:RF_scheduleCmd)
                  0000b334    00000184     libopenthread_mtd.lib : energy_scan_server.obj (.text:_ZN2ot16EnergyScanServer13HandleRequestERNS_4Coap6HeaderERNS_7MessageERKNS_3Ip611MessageInfoE)
                  0000b4b8    00000176                           : mle.obj (.text:_ZN2ot3Mle3Mle25AppendAddressRegistrationERNS_7MessageE)
                  0000b62e    00000174                           : mle.obj (.text:_ZN2ot3Mle3Mle14HandleAnnounceERKNS_7MessageERKNS_3Ip611MessageInfoE)
                  0000b7a2    0000016c     libmbedcrypto.lib : ctr_drbg.obj (.text:block_cipher_df)
                  0000b90e    0000016a     libopenthread_mtd.lib : mle.obj (.text:_ZN2ot3Mle3Mle22SendChildUpdateRequestEv)
                  0000ba78    00000168                           : heap.obj (.text:_ZN2ot5Utils4Heap4FreeEPv)
                  0000bbe0    00000167     reedswitch.obj (.text:reedSwitchReport)
                  0000bd47    00000001     --HOLE-- [fill = 0]
                  0000bd48    00000164     libopenthread_mtd.lib : ip6.obj (.text:_ZN2ot3Ip63Ip615RemoveMplOptionERNS_7MessageE)
                  0000beac    00000164     libmbedcrypto.lib : ssl_tls.obj (.text:mbedtls_ssl_fetch_input)
                  0000c010    0000015e     nvoctp.obj (.text:NVOCTP_findItem)
                  0000c16e    00000002     drivers_cc13x2_v1.aem4f : PowerCC26X2.oem4f (.text:emptyClockFunc)
                  0000c170    0000015c                             : UARTCC26XX.oem4f (.text:UARTCC26XX_open)
                  0000c2cc    0000015c     libopenthread_mtd.lib : energy_scan_server.obj (.text:_ZN2ot16EnergyScanServer10SendReportEv)
                  0000c428    0000015c     drivers_cc13x2_v1.aem4f : PowerCC26X2_calibrateRCOSC.oem4f (.text:calibrateRcoscHf1)
                  0000c584    00000158     libopenthread_mtd.lib : mle.obj (.text:_ZN2ot3Mle3Mle18SendChildIdRequestEv)
                  0000c6dc    00000004     dpl_cc13x2_v1.aem4f : HwiP_tirtos.oem4f (.text:HwiP_destruct)
                  0000c6e0    00000156     sha256_alt.obj (.text:mbedtls_sha256_update_ret)
                  0000c836    00000002     drivers_cc13x2_v1.aem4f : CryptoResourceCC26XX.oem4f (.text:errorSpin)
                  0000c838    00000154                             : UARTCC26XX.oem4f (.text:UARTCC26XX_hwiIntFxn)
                  0000c98c    00000154     libopenthread_mtd.lib : joiner.obj (.text:_ZN2ot7MeshCoP6Joiner19HandleJoinerEntrustERNS_4Coap6HeaderERNS_7MessageERKNS_3Ip611MessageInfoE)
                  0000cae0    00000150     libmbedcrypto.lib : ssl_tls.obj (.text:mbedtls_ssl_read)
                  0000cc30    0000014c     libopenthread_mtd.lib : panid_query_server.obj (.text:_ZN2ot16PanIdQueryServer12SendConflictEv)
                  0000cd7c    00000004     dpl_cc13x2_v1.aem4f : HwiP_tirtos.oem4f (.text:HwiP_disable)
                  0000cd80    0000014a     radio.obj (.text:rfCommonCallback)
                  0000ceca    00000002     drivers_cc13x2_v1.aem4f : PKAResourceCC26XX.oem4f (.text:errorSpin)
                  0000cecc    00000148     driverlib.lib : setup.obj (.text:TrimAfterColdResetWakeupFromShutDown)
                  0000d014    00000148     libopenthread_mtd.lib : coap.obj (.text:_ZN2ot4Coap8CoapBase25HandleRetransmissionTimerEv)
                  0000d15c    00000142                           : lowpan.obj (.text:_ZN2ot6Lowpan6Lowpan10DecompressERNS_7MessageERKNS_3Mac7AddressES7_PKhtt)
                  0000d29e    00000002     libmbedcrypto.lib : platform.obj (.text:platform_free_uninit)
                  0000d2a0    00000140     otstack.obj (.text:OtStack_task)
                  0000d3e0    00000138     drivers_cc13x2_v1.aem4f : NVSCC26XX.oem4f (.text:NVSCC26XX_write)
                  0000d518    00000138                             : UARTCC26XX.oem4f (.text:UARTCC26XX_read)
                  0000d650    00000138     libopenthread_mtd.lib : dataset.obj (.text:_ZNK2ot7MeshCoP7Dataset18ApplyConfigurationERNS_8InstanceE)
                  0000d788    00000134                           : joiner.obj (.text:_ZN2ot7MeshCoP6Joiner5StartEPKcS3_S3_S3_S3_S3_PFYv7otErrorPvES5_)
                  0000d8bc    00000130     drivers_cc13x2_v1.aem4f : PowerCC26X2.oem4f (.text:Power_init)
                  0000d9ec    00000130     libopenthread_mtd.lib : ip6_mpl.obj (.text:_ZN2ot3Ip63Mpl25HandleRetransmissionTimerEv)
                  0000db1c    00000130                           : mac.obj (.text:_ZN2ot3Mac3MacC1ERNS_8InstanceE)
                  0000dc4c    00000130     libmbedcrypto.lib : ssl_tls.obj (.text:tls_prf_generic)
                  0000dd7c    0000012c     libopenthread_mtd.lib : mle.obj (.text:_ZN2ot3Mle3Mle24HandleChildUpdateRequestERKNS_7MessageERKNS_3Ip611MessageInfoE)
                  0000dea8    0000012a                           : coap.obj (.text:_ZN2ot4Coap8CoapBase11SendMessageERNS_7MessageERKNS_3Ip611MessageInfoEPFYvPvP12otCoapHeaderP9otMessagePK13otMessageInfo7otErrorES8_)
                  0000dfd2    00000002     rtsv7M4_T_le_v4SPD16_eabi.lib : div0.asm.obj (.text)
                  0000dfd4    00000128     libopenthread_mtd.lib : announce_begin_server.obj (.text:_ZN2ot19AnnounceBeginServer13HandleRequestERNS_4Coap6HeaderERNS_7MessageERKNS_3Ip611MessageInfoE)
                  0000e0fc    00000128                           : slaac_address.obj (.text:_ZN2ot5Utils5Slaac15UpdateAddressesEP10otInstanceP14otNetifAddressjPF7otErrorS3_S5_PvES7_)
                  0000e224    00000126                           : aes_ccm.obj (.text:_ZN2ot6Crypto6AesCcm7PayloadEPvS2_jb)
                  0000e34a    00000002     rom_sysbios.aem4f : rom_sysbios.obj (.text:xdc_runtime_SysCallback_defaultAbort)
                  0000e34c    00000124     rf_multiMode_cc13x2_v1.aem4f : RFCC26X2_multiMode.oem4f (.text:RF_abortCmd)
                  0000e470    00000124                                  : RFCC26X2_multiMode.oem4f (.text:RF_init)
                  0000e594    00000124     libopenthread_mtd.lib : network_data_leader.obj (.text:_ZN2ot11NetworkData10LeaderBase19ExternalRouteLookupEhRKNS_3Ip67AddressEPhPt)
                  0000e6b8    00000124                           : panid_query_server.obj (.text:_ZN2ot16PanIdQueryServer11HandleQueryERNS_4Coap6HeaderERNS_7MessageERKNS_3Ip611MessageInfoE)
                  0000e7dc    00000124                           : ip6.obj (.text:_ZN2ot3Ip63Ip612SendDatagramERNS_7MessageERNS0_11MessageInfoENS0_7IpProtoE)
                  0000e900    00000122                           : mle.obj (.text:_ZN2ot3Mle3Mle17HandleAttachTimerEv)
                  0000ea22    00000002     rom_sysbios.aem4f : rom_sysbios.obj (.text:xdc_runtime_SysCallback_defaultExit)
                  0000ea24    00000120     rf_multiMode_cc13x2_v1.aem4f : RFCC26X2_multiMode.oem4f (.text:RF_fsmSetupState)
                  0000eb44    00000120     libopenthread_mtd.lib : coap.obj (.text:_ZN2ot4Coap8CoapBase23ProcessReceivedResponseERNS0_6HeaderERNS_7MessageERKNS_3Ip611MessageInfoE)
                  0000ec64    00000004     dpl_cc13x2_v1.aem4f : HwiP_tirtos.oem4f (.text:HwiP_enableInterrupt)
                  0000ec68    0000011e     radio.obj (.text:rf_patch_mce_ieee_802_15_4)
                  0000ed86    00000002     rom_sysbios.aem4f : rom_sysbios.obj (.text:xdc_runtime_SysCallback_defaultFlush)
                  0000ed88    00000118     driverlib.lib : sys_ctrl.obj (.text:NOROM_SysCtrlStandby)
                  0000eea0    00000118     rf_multiMode_cc13x2_v1.aem4f : RFCC26X2_multiMode.oem4f (.text:RF_decodeOverridePointers)
                  0000efb8    00000118                                  : RFCC26X2_multiMode.oem4f (.text:RF_radioOpDoneCb)
                  0000f0d0    00000118     libmbedcrypto.lib : ssl_tls.obj (.text:ssl_handshake_init)
                  0000f1e8    00000110     libopenthread_mtd.lib : mle.obj (.text:_ZN2ot3Mle3Mle12SendAnnounceEhbRKNS_3Ip67AddressE)
                  0000f2f8    0000010e     random.obj (.text:otPlatRandomGetTrue)
                  0000f406    0000010c     libopenthread_mtd.lib : network_data.obj (.text:_ZN2ot11NetworkData11NetworkData19RemoveTemporaryDataEPhRhRNS0_9PrefixTlvE)
                  0000f512    0000010a                           : mle.obj (.text:_ZN2ot3Mle3Mle8DiscoverEjtbbPFvP18otActiveScanResultPvES4_)
                  0000f61c    0000010a                           : coap_header.obj (.text:_ZN2ot4Coap6Header12AppendOptionERKNS1_6OptionE)
                  0000f726    0000010a                           : lowpan.obj (.text:_ZN2ot6Lowpan6Lowpan25DecompressExtensionHeaderERNS_7MessageEPKht)
                  0000f830    00000108     rf_multiMode_cc13x2_v1.aem4f : RFCC26X2_multiMode.oem4f (.text:RF_fsmChangePhyState)
                  0000f938    00000108     libopenthread_mtd.lib : lowpan.obj (.text:_ZN2ot6Lowpan6Lowpan19DecompressUdpHeaderERNS_3Ip69UdpHeaderEPKht)
                  0000fa40    00000106     radio.obj (.text:otPlatRadioTransmit)
                  0000fb46    00000002     rom_sysbios.aem4f : rom_sysbios.obj (.text:xdc_runtime_SysCallback_defaultPutch)
                  0000fb48    00000104     rf_multiMode_cc13x2_v1.aem4f : RFCC26X2_multiMode.oem4f (.text:RF_open)
                  0000fc4c    00000104     drivers_cc13x2_v1.aem4f : UARTCC26XX.oem4f (.text:UARTCC26XX_write)
                  0000fd50    00000100                             : GPIOCC26XX.oem4f (.text:GPIO_setConfig)
                  0000fe50    00000100     rf_multiMode_cc13x2_v1.aem4f : RFCC26X2_multiMode.oem4f (.text:RF_fsmPowerUpState)
                  0000ff50    000000fe     random.obj (.text:otPlatRandomGet)
                  0001004e    00000002     --HOLE-- [fill = 0]
                  00010050    000000fc     libmbedcrypto.lib : ssl_tls.obj (.text:mbedtls_ssl_write_finished)
                  0001014c    000000fc     rtsv7M4_T_le_v4SPD16_eabi.lib : fd_mul_t2.asm.obj (.text)
                  00010248    000000fa     libopenthread_mtd.lib : mesh_forwarder.obj (.text:_ZN2ot13MeshForwarder18HandleFrameRequestERNS_3Mac5FrameE)
                  00010342    000000fa                           : coap.obj (.text:_ZN2ot4Coap8CoapBase22ProcessReceivedRequestERNS0_6HeaderERNS_7MessageERKNS_3Ip611MessageInfoE)
                  0001043c    000000f8                           : mesh_forwarder.obj (.text:_ZN2ot13MeshForwarderC1ERNS_8InstanceE)
                  00010534    000000f4                           : mesh_forwarder.obj (.text:_ZN2ot13MeshForwarder19HandleReceivedFrameERNS_3Mac5FrameE)
                  00010628    000000f4                           : mac.obj (.text:_ZN2ot3Mac3Mac13BeginTransmitEv)
                  0001071c    000000f4                           : mle.obj (.text:_ZN2ot3Mle3Mle23SendChildUpdateResponseEPKhhRKNS0_12ChallengeTlvE)
                  00010810    000000f4     rom_sysbios.aem4f : rom_sysbios.obj (.text:pthread_create)
                  00010904    000000f2     libopenthread_mtd.lib : mle.obj (.text:_ZN2ot3Mle3Mle18SetMeshLocalPrefixEPKh)
                  000109f6    00000002     --HOLE-- [fill = 0]
                  000109f8    000000f0     rom_sysbios.aem4f : rom_sysbios.obj (.text:timer_create)
                  00010ae8    000000ec     libopenthread_mtd.lib : mle.obj (.text:_ZN2ot3Mle3Mle7RestoreEv)
                  00010bd4    000000ec                           : dataset_manager.obj (.text:_ZNK2ot7MeshCoP14DatasetManager15SendGetResponseERKNS_4Coap6HeaderERKNS_3Ip611MessageInfoEPhh)
                  00010cc0    000000ec     diag.obj (.text:otPlatDiagRadioReceived)
                  00010dac    00000004     dpl_cc13x2_v1.aem4f : HwiP_tirtos.oem4f (.text:HwiP_post)
                  00010db0    000000ec     radio.obj (.text:platformRadioInit)
                  00010e9c    00000004     dpl_cc13x2_v1.aem4f : HwiP_tirtos.oem4f (.text:HwiP_setFunc)
                  00010ea0    000000ea     radio.obj (.text:otPlatRadioReceive)
                  00010f8a    00000002     --HOLE-- [fill = 0]
                  00010f8c    000000e4     libopenthread_mtd.lib : coap_secure.obj (.text:_ZN2ot4Coap10CoapSecure7ReceiveERNS_7MessageERKNS_3Ip611MessageInfoE)
                  00011070    000000e4                           : lowpan.obj (.text:_ZN2ot6Lowpan6Lowpan23CompressExtensionHeaderERNS_7MessageEPhRh)
                  00011154    000000e0     drivers_cc13x2_v1.aem4f : PINCC26XX.oem4f (.text:PINCC26XX_setIoCfg)
                  00011234    000000e0     rf_multiMode_cc13x2_v1.aem4f : RFCC26X2_multiMode.oem4f (.text:RF_hwiCpe0Active)
                  00011314    000000e0     libmbedcrypto.lib : entropy.obj (.text:mbedtls_entropy_func)
                  000113f4    000000de     libopenthread_mtd.lib : ip6.obj (.text:_ZN2ot3Ip63Ip622ProcessReceiveCallbackERKNS_7MessageERKNS0_11MessageInfoEhb)
                  000114d2    000000de                           : ip6_mpl.obj (.text:_ZN2ot3Ip63Mpl18AddBufferedMessageERNS_7MessageEthb)
                  000115b0    000000de                           : mle.obj (.text:_ZN2ot3Mle3Mle5StoreEv)
                  0001168e    000000de                           : coap.obj (.text:_ZN2ot4Coap14ResponsesQueue22GetMatchedResponseCopyERKNS0_6HeaderERKNS_3Ip611MessageInfoEPPNS_7MessageE)
                  0001176c    000000de                           : joiner.obj (.text:_ZN2ot7MeshCoP6Joiner20HandleDiscoverResultEP18otActiveScanResult)
                  0001184a    000000da                           : icmp6.obj (.text:_ZN2ot3Ip64Icmp17HandleEchoRequestERNS_7MessageERKNS0_11MessageInfoE)
                  00011924    000000da                           : mle.obj (.text:_ZN2ot3Mle3Mle8ReattachEv)
                  000119fe    000000da     libmbedcrypto.lib : ssl_tls.obj (.text:mbedtls_ssl_dtls_replay_update)
                  00011ad8    000000d8     drivers_cc13x2_v1.aem4f : GPIOCC26XX.oem4f (.text:GPIO_init)
                  00011bb0    000000d8     rf_multiMode_cc13x2_v1.aem4f : RFCC26X2_multiMode.oem4f (.text:RF_dispatchNextCmd)
                  00011c88    000000d8     rom_sysbios.aem4f : rom_sysbios.obj (.text:timer_settime)
                  00011d60    000000d6     rf_multiMode_cc13x2_v1.aem4f : RFCC26X2_multiMode.oem4f (.text:RF_updatePaConfiguration)
                  00011e36    00000002     --HOLE-- [fill = 0]
                  00011e38    000000d4                                  : RFCC26X2_multiMode.oem4f (.text:RF_swiHw)
                  00011f0c    000000d4     libopenthread_mtd.lib : data_poll_manager.obj (.text:_ZN2ot15DataPollManager12SendDataPollEv)
                  00011fe0    000000d2                           : dtls.obj (.text:_ZN2ot7MeshCoP4Dtls7ProcessEv)
                  000120b2    00000002     --HOLE-- [fill = 0]
                  000120b4    000000d0     driverlib.lib : pka.obj (.text:PKAGetECCResult)
                  00012184    00000004     dpl_cc13x2_v1.aem4f : HwiP_tirtos.oem4f (.text:HwiP_setPriority)
                  00012188    000000d0     settings.obj (.text:otPlatSettingsGet)
                  00012258    000000cc     libopenthread_mtd.lib : thread_netif.obj (.text:_ZN2ot11ThreadNetifC1ERNS_8InstanceE)
                  00012324    000000c8     drivers_cc13x2_v1.aem4f : AESECBCC26XX.oem4f (.text:AESECB_oneStepEncrypt)
                  000123ec    000000c8                             : PowerCC26X2.oem4f (.text:Power_releaseDependency)
                  000124b4    000000c8     libopenthread_mtd.lib : mac.obj (.text:_ZN2ot3Mac3Mac23ProcessTransmitSecurityERNS0_5FrameEb)
                  0001257c    000000c8                           : mle.obj (.text:_ZN2ot3Mle3Mle18HandleStateChangedEj)
                  00012644    000000c8                           : lowpan.obj (.text:_ZN2ot6Lowpan6Lowpan17CompressMulticastERKNS_3Ip67AddressERtPh)
                  0001270c    000000c6                           : mac.obj (.text:_ZN2ot3Mac3Mac21ProcessTransmitAesCcmERNS0_5FrameEPKNS0_10ExtAddressE)
                  000127d2    000000c6                           : mle.obj (.text:_ZN2ot3Mle3Mle17SendParentRequestENS1_17ParentRequestTypeE)
                  00012898    000000c6     radio.obj (.text:otPlatRadioEnergyScan)
                  0001295e    00000002     --HOLE-- [fill = 0]
                  00012960    000000c4     drivers_cc13x2_v1.aem4f : PowerCC26X2.oem4f (.text:Power_setDependency)
                  00012a24    000000c4     driverlib.lib : sha2.obj (.text:SHA2ExecuteHash)
                  00012ae8    000000c2     nvoctp.obj (.text:NVOCTP_readItemApi)
                  00012baa    000000c2     libopenthread_mtd.lib : network_data_leader.obj (.text:_ZN2ot11NetworkData10LeaderBase18DefaultRouteLookupERNS0_9PrefixTlvEPt)
                  00012c6c    000000c2     libmbedcrypto.lib : ctr_drbg.obj (.text:mbedtls_ctr_drbg_random_with_add)
                  00012d2e    00000002     --HOLE-- [fill = 0]
                  00012d30    000000c0     drivers_cc13x2_v1.aem4f : UARTCC26XX.oem4f (.text:UARTCC26XX_initIO)
                  00012df0    000000c0     libopenthread_mtd.lib : ip6.obj (.text:_ZN2ot3Ip63Ip613HandleOptionsERNS_7MessageERNS0_6HeaderERb)
                  00012eb0    000000c0                           : coap.obj (.text:_ZN2ot4Coap8CoapBase18SendHeaderResponseE10otCoapCodeRKNS0_6HeaderERKNS_3Ip611MessageInfoE)
                  00012f70    000000c0     libmbedcrypto.lib : md.obj (.text:mbedtls_md_hmac_starts)
                  00013030    000000c0                       : ssl_tls.obj (.text:mbedtls_ssl_parse_finished)
                  000130f0    000000bc     libopenthread_mtd.lib : mesh_forwarder.obj (.text:_ZN2ot13MeshForwarder14UpdateIp6RouteERNS_7MessageE)
                  000131ac    000000bc     rom_sysbios.aem4f : rom_sysbios.obj (.text:clock_gettime)
                  00013268    000000ba     libopenthread_mtd.lib : coap.obj (.text:_ZN2ot4Coap8CoapBase18FindRelatedRequestERKNS0_6HeaderERKNS_3Ip611MessageInfoERS2_RNS0_12CoapMetadataE)
                  00013322    000000ba                           : lowpan.obj (.text:_ZN2ot6Lowpan6Lowpan17CompressSourceIidERKNS_3Mac7AddressERKNS_3Ip67AddressERKNS0_7ContextERtPh)
                  000133dc    000000ba                           : lowpan.obj (.text:_ZN2ot6Lowpan6Lowpan22CompressDestinationIidERKNS_3Mac7AddressERKNS_3Ip67AddressERKNS0_7ContextERtPh)
                  00013496    00000002     --HOLE-- [fill = 0]
                  00013498    000000b8     drivers_cc13x2_v1.aem4f : UARTCC26XX.oem4f (.text:UARTCC26XX_initHw)
                  00013550    000000b8     libopenthread_mtd.lib : ip6_mpl.obj (.text:_ZN2ot3Ip63Mpl13ProcessOptionERNS_7MessageERKNS0_7AddressEb)
                  00013608    000000b8                           : mac.obj (.text:_ZN2ot3Mac3Mac10SendBeaconERNS0_5FrameE)
                  000136c0    000000b8     diag.obj (.text:otPlatDiagAlarmCallback)
                  00013778    000000b6     libopenthread_mtd.lib : mle.obj (.text:_ZN2ot3Mle3Mle15SendDataRequestERKNS_3Ip67AddressEPKhht)
                  0001382e    000000b6                           : heap.obj (.text:_ZN2ot5Utils4Heap6CAllocEjj)
                  000138e4    000000b6                           : lowpan.obj (.text:_ZN2ot6Lowpan6Lowpan11CompressUdpERNS_7MessageEPh)
                  0001399a    000000b6                           : dataset_manager.obj (.text:_ZN2ot7MeshCoP14DatasetManager8RegisterEv)
                  00013a50    000000b6     reedswitch.obj (.text:coapHandleServer)
                  00013b06    00000002     --HOLE-- [fill = 0]
                  00013b08    000000b6     random.obj (.text:fillRandomPool)
                  00013bbe    00000002     --HOLE-- [fill = 0]
                  00013bc0    000000b4     dpl_cc13x2_v1.aem4f : PowerCC26X2_tirtos.oem4f (.text:PowerCC26XX_standbyPolicy)
                  00013c74    000000b4     libopenthread_mtd.lib : coap.obj (.text:_ZN2ot4Coap14ResponsesQueue15EnqueueResponseERNS_7MessageERKNS_3Ip611MessageInfoE)
                  00013d28    000000b4     otstack.obj (.text:handleNetifStateChanged)
                  00013ddc    000000b2     libopenthread_mtd.lib : network_data_leader.obj (.text:_ZN2ot11NetworkData10LeaderBase10GetContextERKNS_3Ip67AddressERNS_6Lowpan7ContextE)
                  00013e8e    000000b2                           : mesh_forwarder.obj (.text:_ZN2ot13MeshForwarder14SendEmptyFrameERNS_3Mac5FrameEb)
                  00013f40    000000b0     rf_multiMode_cc13x2_v1.aem4f : RFCC26X2_multiMode.oem4f (.text:RF_corePowerDown)
                  00013ff0    000000b0     libopenthread_mtd.lib : mle.obj (.text:_ZN2ot3Mle3Mle30HandleMessageTransmissionTimerEv)
                  000140a0    000000b0     libmbedcrypto.lib : ssl_tls.obj (.text:mbedtls_ssl_session_reset)
                  00014150    000000b0     settings.obj (.text:otPlatSettingsDelete)
                  00014200    000000ae     libopenthread_mtd.lib : mac.obj (.text:_ZN2ot3Mac3Mac17PerformEnergyScanEv)
                  000142ae    000000ac     rf_multiMode_cc13x2_v1.aem4f : RFCC26X2_multiMode.oem4f (.text:RF_initRadioSetup)
                  0001435a    000000ac     libopenthread_mtd.lib : coap_header.obj (.text:_ZN2ot4Coap6Header13GetNextOptionEv)
                  00014406    00000002     --HOLE-- [fill = 0]
                  00014408    000000ac                           : dtls.obj (.text:_ZN2ot7MeshCoP4DtlsC1ERNS_8InstanceE)
                  000144b4    000000ac     libmbedcrypto.lib : ssl_tls.obj (.text:mbedtls_ssl_dtls_replay_check)
                  00014560    000000aa     libopenthread_mtd.lib : mesh_forwarder.obj (.text:_ZN2ot13MeshForwarder14HandleLowpanHCEPhhRKNS_3Mac7AddressES5_RK16otThreadLinkInfo)
                  0001460a    000000aa                           : ip6.obj (.text:_ZN2ot3Ip63Ip620AddTunneledMplOptionERNS_7MessageERNS0_6HeaderERNS0_11MessageInfoE)
                  000146b4    000000a8                           : mle.obj (.text:_ZN2ot3Mle3Mle14IsBetterParentEthhRNS0_15ConnectivityTlvE)
                  0001475c    000000a6                           : message.obj (.text:_ZN2ot7Message5WriteEttPKv)
                  00014802    00000002     --HOLE-- [fill = 0]
                  00014804    000000a5                           : dataset_manager.obj (.text:_ZNK2ot7MeshCoP14DatasetManager3GetERKNS_4Coap6HeaderERKNS_7MessageERKNS_3Ip611MessageInfoE)
                  000148a9    00000003     --HOLE-- [fill = 0]
                  000148ac    000000a4     driverlib.lib : aes.obj (.text:NOROM_AESWriteToKeyStore)
                  00014950    000000a4     libopenthread_mtd.lib : netif.obj (.text:_ZN2ot3Ip65Netif25AddExternalUnicastAddressERKNS0_19NetifUnicastAddressE)
                  000149f4    000000a4                           : ip6_filter.obj (.text:_ZNK2ot3Ip66Filter6AcceptERNS_7MessageE)
                  00014a98    000000a4     libmbedcrypto.lib : ssl_tls.obj (.text:mbedtls_ssl_flush_output)
                  00014b3c    000000a4                       : ssl_tls.obj (.text:mbedtls_ssl_setup)
                  00014be0    000000a2     libopenthread_mtd.lib : ip6.obj (.text:_ZN2ot3Ip63Ip612AddMplOptionERNS_7MessageERNS0_6HeaderE)
                  00014c82    00000002     --HOLE-- [fill = 0]
                  00014c84    000000a0     drivers_cc13x2_v1.aem4f : UARTCC26XX.oem4f (.text:UARTCC26XX_writeCancel)
                  00014d24    000000a0     libopenthread_mtd.lib : mac.obj (.text:_ZN2ot3Mac3Mac16PerformOperationEv)
                  00014dc4    000000a0                           : mac_frame.obj (.text:_ZN2ot3Mac5Frame13InitMacHeaderEth)
                  00014e64    000000a0                           : message.obj (.text:_ZNK2ot7Message4ReadEttPv)
                  00014f04    000000a0     auto_init.aem4f : auto_init.oem4f (.text)
                  00014fa4    000000a0     libmbedcrypto.lib : ssl_tls.obj (.text:mbedtls_ssl_config_defaults)
                  00015044    000000a0                       : ssl_tls.obj (.text:mbedtls_ssl_parse_change_cipher_spec)
                  000150e4    00000004     driverlib.lib : rfc.obj (.text:NOROM_RFCOverrideUpdate)
                  000150e8    000000a0     radio.obj (.text:otPlatRadioSetExtendedAddress)
                  00015188    000000a0     rom_sysbios.aem4f : rom_sysbios.obj (.text:ti_sysbios_knl_Task_setPri__E)
                  00015228    0000009e     libopenthread_mtd.lib : udp6.obj (.text:_ZN2ot3Ip63Udp13HandleMessageERNS_7MessageERNS0_11MessageInfoE)
                  000152c6    0000009e                           : dataset_local.obj (.text:_ZNK2ot7MeshCoP12DatasetLocal3GetERNS0_7DatasetE)
                  00015364    0000009c     driverlib.lib : pka.obj (.text:PKAWritePkaParam)
                  00015400    0000009c     drivers_cc13x2_v1.aem4f : UARTCC26XX.oem4f (.text:UARTCC26XX_swiIntFxn)
                  0001549c    0000009c     libopenthread_mtd.lib : mle.obj (.text:_ZN2ot3Mle3Mle26HandleDelayedResponseTimerEv)
                  00015538    0000009c     alarm.obj (.text:platformAlarmProcess)
                  000155d4    0000009c     rtsv7M4_T_le_v4SPD16_eabi.lib : memcpy_t2.asm.obj (.text)
                  00015670    0000009a     alarm.obj (.text:otPlatAlarmMilliStartAt)
                  0001570a    00000002     --HOLE-- [fill = 0]
                  0001570c    00000098     driverlib.lib : setup.obj (.text:NOROM_SetupTrimDevice)
                  000157a4    00000098     drivers_cc13x2_v1.aem4f : SHA2CC26X2.oem4f (.text:SHA2_finishHash)
                  0001583c    00000098     libopenthread_mtd.lib : data_poll_manager.obj (.text:_ZN2ot15DataPollManager14HandlePollSentE7otError)
                  000158d4    00000098                           : mac.obj (.text:_ZN2ot3Mac3Mac16StartCsmaBackoffEv)
                  0001596c    00000098                           : coap_secure.obj (.text:_ZN2ot4Coap10CoapSecure14HandleDtlsSendEPKhth)
                  00015a04    00000098     rom_sysbios.aem4f : rom_sysbios.obj (.text:ti_sysbios_knl_Clock_workFuncDynamic__E)
                  00015a9c    00000096     rtsv7M4_T_le_v4SPD16_eabi.lib : ull_div_t2.asm.obj (.text)
                  00015b32    00000002     --HOLE-- [fill = 0]
                  00015b34    00000094     drivers_cc13x2_v1.aem4f : PINCC26XX.oem4f (.text:PIN_open)
                  00015bc8    00000092     CC1352R1_LAUNCHXL_fxns.obj (.text:CC1352R1_LAUNCHXL_shutDownExtFlash)
                  00015c5a    00000092     libopenthread_mtd.lib : mle.obj (.text:_ZN2ot3Mle3Mle11BecomeChildENS0_10AttachModeE)
                  00015cec    00000092                           : mle.obj (.text:_ZN2ot3Mle3Mle20PrepareAnnounceStateEv)
                  00015d7e    00000092                           : coap.obj (.text:_ZN2ot4Coap8CoapBase4StopEv)
                  00015e10    00000092     libmbedcrypto.lib : ssl_tls.obj (.text:mbedtls_ssl_resend)
                  00015ea2    00000002     --HOLE-- [fill = 0]
                  00015ea4    00000090     rf_multiMode_cc13x2_v1.aem4f : RFCC26X2_multiMode.oem4f (.text:RF_discardPendCmd)
                  00015f34    00000090     drivers_cc13x2_v1.aem4f : SHA2CC26X2.oem4f (.text:SHA2_oneStepHash)
                  00015fc4    00000090                             : SHA2CC26X2.oem4f (.text:SHA2_processHash)
                  00016054    00000090                             : SHA2CC26X2.oem4f (.text:SHA2_startHash)
                  000160e4    00000090     libopenthread_mtd.lib : mesh_forwarder.obj (.text:_ZN2ot13MeshForwarder15PrepareDataPollEv)
                  00016174    00000090                           : aes_ccm.obj (.text:_ZN2ot6Crypto6AesCcm6HeaderEPKvj)
                  00016204    00000090                           : joiner.obj (.text:_ZN2ot7MeshCoP6Joiner11TryNextJoinEv)
                  00016294    00000090     drivers_cc13x2_v1.aem4f : UARTCC26XX.oem4f (.text:writeTxFifoFlush)
                  00016324    0000008e     libopenthread_mtd.lib : udp6.obj (.text:_ZN2ot3Ip69UdpSocket6SendToERNS_7MessageERKNS0_11MessageInfoE)
                  000163b2    0000008e                           : mle.obj (.text:_ZN2ot3Mle3Mle18SendOrphanAnnounceEv)
                  00016440    0000008e     radio.obj (.text:otPlatRadioSetPanId)
                  000164ce    00000002     --HOLE-- [fill = 0]
                  000164d0    0000008e     radio.obj (.text:otPlatRadioSetShortAddress)
                  0001655e    0000008c     libopenthread_mtd.lib : coap.obj (.text:_ZN2ot4Coap12CoapMetadataC1EbRKNS_3Ip611MessageInfoEPFYvPvP12otCoapHeaderP9otMessagePK13otMessageInfo7otErrorES6_)
                  000165ea    0000008c                           : meshcop_tlvs.obj (.text:_ZN2ot7MeshCoP3Tlv7IsValidERKS1_)
                  00016676    00000002     --HOLE-- [fill = 0]
                  00016678    0000008c     rom_sysbios.aem4f : rom_sysbios.obj (.text:ti_sysbios_gates_GateMutexPri_enter__E)
                  00016704    0000008a     rf_multiMode_cc13x2_v1.aem4f : RFCC26X2_multiMode.oem4f (.text:RF_schChkCmdInsert)
                  0001678e    0000008a     libopenthread_mtd.lib : message.obj (.text:_ZN2ot7Message11SetPriorityEh)
                  00016818    0000008a                           : timestamp.obj (.text:_ZNK2ot7MeshCoP9Timestamp7CompareERKS1_)
                  000168a2    0000008a     libmbedcrypto.lib : entropy.obj (.text:entropy_gather_internal)
                  0001692c    00000088     drivers_cc13x2_v1.aem4f : AESECBCC26XX.oem4f (.text:AESECB_open)
                  000169b4    00000088                             : ECJPAKECC26X2.oem4f (.text:ECJPAKE_open)
                  00016a3c    00000088     driverlib.lib : osc.obj (.text:NOROM_OSCHF_AttemptToSwitchToXosc)
                  00016ac4    00000088     rf_multiMode_cc13x2_v1.aem4f : RFCC26X2_multiMode.oem4f (.text:RF_ratFreeChannel)
                  00016b4c    00000088     drivers_cc13x2_v1.aem4f : SHA2CC26X2.oem4f (.text:SHA2_open)
                  00016bd4    00000088     libopenthread_mtd.lib : mac_frame.obj (.text:_ZNK2ot3Mac5Frame23SkipSecurityHeaderIndexEv)
                  00016c5c    00000088                           : message.obj (.text:_ZNK2ot7Message5CloneEt)
                  00016ce4    00000088     rom_sysbios.aem4f : rom_sysbios.obj (.text:_pthread_removeThreadKeys)
                  00016d6c    00000088     drivers_cc13x2_v1.aem4f : PowerCC26X2_calibrateRCOSC.oem4f (.text:calibrateRcoscHf2)
                  00016df4    00000088     libmbedcrypto.lib : ssl_tls.obj (.text:mbedtls_ssl_free)
                  00016e7c    00000088                       : ssl_tls.obj (.text:ssl_calc_finished_tls_sha256)
                  00016f04    00000086     libopenthread_mtd.lib : network_data_leader.obj (.text:_ZN2ot11NetworkData10LeaderBase10GetContextEhRNS_6Lowpan7ContextE)
                  00016f8a    00000086     rtsv7M4_T_le_v4SPD16_eabi.lib : fd_cmp_t2.asm.obj (.text:__aeabi_cdcmple)
                  00017010    00000086                                   : fd_cmp_t2.asm.obj (.text:__aeabi_cdrcmple)
                  00017096    00000002     --HOLE-- [fill = 0]
                  00017098    00000084     driverlib.lib : pka.obj (.text:NOROM_PKAEccMultiplyStart)
                  0001711c    00000084     rf_multiMode_cc13x2_v1.aem4f : RFCC26X2_multiMode.oem4f (.text:RF_hwiHw)
                  000171a0    00000084     drivers_cc13x2_v1.aem4f : UARTCC26XX.oem4f (.text:UARTCC26XX_close)
                  00017224    00000084     libopenthread_mtd.lib : lowpan.obj (.text:_ZN2ot6Lowpan6Lowpan10ComputeIidERKNS_3Mac7AddressERKNS0_7ContextERNS_3Ip67AddressE)
                  000172a8    00000084     libmbedcrypto.lib : ecp_curves.obj (.text:mbedtls_ecp_group_load)
                  0001732c    00000004     drivers_cc13x2_v1.aem4f : RingBuf.oem4f (.text:RingBuf_getCount)
                  00017330    00000084     sha256_alt.obj (.text:mbedtls_internal_sha256_process)
                  000173b4    00000084     rom_sysbios.aem4f : rom_sysbios.obj (.text:pthread_mutex_init)
                  00017438    00000082     libopenthread_mtd.lib : link_quality.obj (.text:_ZN2ot11RssAverager3AddEa)
                  000174ba    00000002     --HOLE-- [fill = 0]
                  000174bc    00000080     driverlib.lib : pka.obj (.text:NOROM_PKAEccAddStart)
                  0001753c    00000080                   : setup_rom.obj (.text:NOROM_SetupStepVddrTrimTo)
                  000175bc    00000080     drivers_cc13x2_v1.aem4f : NVSCC26XX.oem4f (.text:NVSCC26XX_open)
                  0001763c    00000080     rf_multiMode_cc13x2_v1.aem4f : RFCC26X2_multiMode.oem4f (.text:RF_yield)
                  000176bc    00000080     libopenthread_mtd.lib : joiner.obj (.text:_ZN2ot7MeshCoP6Joiner25SendJoinerEntrustResponseERKNS_4Coap6HeaderERKNS_3Ip611MessageInfoE)
                  0001773c    00000080     libmbedcrypto.lib : ctr_drbg.obj (.text:ctr_drbg_update_internal)
                  000177bc    00000080     rom_sysbios.aem4f : rom_sysbios.obj (.text:ti_sysbios_family_arm_cc26xx_Timer_start__E)
                  0001783c    0000007e     libopenthread_mtd.lib : mesh_forwarder.obj (.text:_ZN2ot13MeshForwarder4StopEv)
                  000178ba    0000007e                           : ip6_routes.obj (.text:_ZN2ot3Ip66Routes6LookupERKNS0_7AddressES4_)
                  00017938    0000007e                           : mle.obj (.text:_ZN2ot3Mle3Mle5StartEbb)
                  000179b6    0000007c                           : icmp6.obj (.text:_ZN2ot3Ip64Icmp13HandleMessageERNS_7MessageERNS0_11MessageInfoE)
                  00017a32    0000007c                           : mle.obj (.text:_ZN2ot3Mle3Mle22AppendPendingTimestampERNS_7MessageE)
                  00017aae    0000007c                           : message.obj (.text:_ZNK2ot7Message14UpdateChecksumEttt)
                  00017b2a    00000002     --HOLE-- [fill = 0]
                  00017b2c    0000007c     libmbedcrypto.lib : cipher.obj (.text:mbedtls_cipher_update)
                  00017ba8    0000007c     drivers_cc13x2_v1.aem4f : PowerCC26X2_calibrateRCOSC.oem4f (.text:updateSubSecInc)
                  00017c24    0000007a     rtsv7M4_T_le_v4SPD16_eabi.lib : memset_t2.asm.obj (.text)
                  00017c9e    00000002     --HOLE-- [fill = 0]
                  00017ca0    00000078     drivers_cc13x2_v1.aem4f : ECJPAKECC26X2.oem4f (.text:ECJPAKE_computeSharedSecret)
                  00017d18    00000078                             : ECJPAKECC26X2.oem4f (.text:ECJPAKE_roundTwoGenerateKeys)
                  00017d90    00000078     driverlib.lib : pka.obj (.text:PKAGetBigNumResult)
                  00017e08    00000078     rf_multiMode_cc13x2_v1.aem4f : RFCC26X2_multiMode.oem4f (.text:RF_howToSchedule)
                  00017e80    00000078                                  : RFCC26X2_multiMode.oem4f (.text:RF_ratDispatchTime)
                  00017ef8    00000078     libopenthread_mtd.lib : announce_sender.obj (.text:_ZN2ot18AnnounceSenderBase11HandleTimerEv)
                  00017f70    00000078                           : mle.obj (.text:_ZN2ot3Mle3Mle16SetStateDetachedEv)
                  00017fe8    00000078                           : dataset_manager.obj (.text:_ZN2ot7MeshCoP14DatasetManager11HandleTimerEv)
                  00018060    00000078                           : dataset_manager.obj (.text:_ZN2ot7MeshCoP14DatasetManager3SetERKNS0_7DatasetE)
                  000180d8    00000078     libmbedcrypto.lib : bignum.obj (.text:mbedtls_mpi_cmp_abs)
                  00018150    00000078     radio.obj (.text:otPlatRadioEnable)
                  000181c8    00000076     libopenthread_mtd.lib : network_data_leader.obj (.text:_ZN2ot11NetworkData10LeaderBase11RouteLookupERKNS_3Ip67AddressES5_PhPt)
                  0001823e    00000076                           : tlvs.obj (.text:_ZN2ot3Tlv9GetOffsetERKNS_7MessageEhRt)
                  000182b4    00000076     libmbedcrypto.lib : ctr_drbg.obj (.text:mbedtls_ctr_drbg_reseed)
                  0001832a    00000006     driverlib.lib : cpu.obj (.text:NOROM_CPUdelay)
                  00018330    00000074     otstack.obj (.text:OtStack_joinNetwork)
                  000183a4    00000074     driverlib.lib : pka.obj (.text:PKAGetBigNumResultRemainder)
                  00018418    00000074     drivers_cc13x2_v1.aem4f : PowerCC26X2_calibrateRCOSC.oem4f (.text:PowerCC26X2_auxISR)
                  0001848c    00000074     rf_multiMode_cc13x2_v1.aem4f : RFCC26X2_multiMode.oem4f (.text:RF_issueRadioFreeCb)
                  00018500    00000074     libopenthread_mtd.lib : energy_scan_server.obj (.text:_ZN2ot16EnergyScanServerC1ERNS_8InstanceE)
                  00018574    00000074                           : ip6.obj (.text:_ZN2ot3Ip63Ip622HandleExtensionHeadersERNS_7MessageERNS0_6HeaderERhbb)
                  000185e8    00000074                           : ip6_mpl.obj (.text:_ZN2ot3Ip63Mpl17UpdateBufferedSetEth)
                  0001865c    00000074                           : dataset.obj (.text:_ZN2ot7MeshCoP7Dataset3SetERKNS0_3TlvE)
                  000186d0    00000074     settings.obj (.text:otPlatSettingsSet)
                  00018744    00000074     rom_sysbios.aem4f : rom_sysbios.obj (.text:ti_sysbios_gates_GateMutexPri_leave__E)
                  000187b8    00000072     nvoctp.obj (.text:NVOCTP_copyItem)
                  0001882a    00000072     rf_multiMode_cc13x2_v1.aem4f : RFCC26X2_multiMode.oem4f (.text:RF_detachOverrides)
                  0001889c    00000072     libopenthread_mtd.lib : key_manager.obj (.text:_ZN2ot10KeyManager21SetCurrentKeySequenceEj)
                  0001890e    00000072                           : mesh_forwarder.obj (.text:_ZN2ot13MeshForwarder21GetDirectTransmissionEv)
                  00018980    00000072                           : mesh_forwarder.obj (.text:_ZN2ot13MeshForwarder22PrepareDiscoverRequestEv)
                  000189f2    00000072                           : mle.obj (.text:_ZN2ot3Mle3Mle13SetStateChildEt)
                  00018a64    00000072                           : dataset_manager.obj (.text:_ZN2ot7MeshCoP14PendingDataset16HandleDelayTimerEv)
                  00018ad6    00000002     --HOLE-- [fill = 0]
                  00018ad8    00000070     drivers_cc13x2_v1.aem4f : ECJPAKECC26X2.oem4f (.text:ECJPAKE_generateZKP)
                  00018b48    00000070                             : ECJPAKECC26X2.oem4f (.text:ECJPAKE_roundOneGenerateKeys)
                  00018bb8    00000070                             : ECJPAKECC26X2.oem4f (.text:ECJPAKE_verifyZKP)
                  00018c28    00000070     driverlib.lib : rfc.obj (.text:NOROM_RFCAnaDivTxOverride)
                  00018c98    00000070     libopenthread_mtd.lib : key_manager.obj (.text:_ZN2ot10KeyManager12SetMasterKeyERK11otMasterKey)
                  00018d08    00000070                           : instance.obj (.text:_ZN2ot8InstanceC1Ev)
                  00018d78    00000070                           : mle.obj (.text:_ZNK2ot3Mle3Mle19GetAttachStartDelayEv)
                  00018de8    00000070     libmbedcrypto.lib : bignum.obj (.text:mbedtls_mpi_sub_abs)
                  00018e58    00000070                       : ssl_tls.obj (.text:mbedtls_ssl_write)
                  00018ec8    0000006e     rf_multiMode_cc13x2_v1.aem4f : RFCC26X2_multiMode.oem4f (.text:RF_attachOverrides)
                  00018f36    0000006e     libopenthread_mtd.lib : network_data_leader.obj (.text:_ZN2ot11NetworkData10LeaderBase14SetNetworkDataEhhbRKNS_7MessageEt)
                  00018fa4    0000006e                           : mesh_forwarder.obj (.text:_ZN2ot13MeshForwarder24GetMacDestinationAddressERKNS_3Ip67AddressERNS_3Mac7AddressE)
                  00019012    0000006e                           : udp6.obj (.text:_ZN2ot3Ip63Udp13HandlePayloadERNS_7MessageERNS0_11MessageInfoE)
                  00019080    0000006e     radio.obj (.text:otPlatRadioSleep)
                  000190ee    00000002     --HOLE-- [fill = 0]
                  000190f0    0000006d     rom_sysbios.aem4f : rom_sysbios.obj (.text:xdc_runtime_System_formatNum__I)
                  0001915d    00000003     --HOLE-- [fill = 0]
                  00019160    0000006c     driverlib.lib : setup_rom.obj (.text:NOROM_SetupAfterColdResetWakeupFromShutDownCfg1)
                  000191cc    0000006c     drivers_cc13x2_v1.aem4f : PINCC26XX.oem4f (.text:PIN_add)
                  00019238    0000006c                             : UARTCC26XX.oem4f (.text:UARTCC26XX_readCancel)
                  000192a4    0000006c     libopenthread_mtd.lib : network_data.obj (.text:_ZN2ot11NetworkData11NetworkData19RemoveTemporaryDataEPhRh)
                  00019310    0000006c                           : mle.obj (.text:_ZN2ot3Mle3Mle13SetDeviceModeEh)
                  0001937c    0000006c                           : dataset_local.obj (.text:_ZN2ot7MeshCoP12DatasetLocal3SetERKNS0_7DatasetE)
                  000193e8    0000006c     libmbedcrypto.lib : entropy.obj (.text:entropy_update)
                  00019454    0000006c                       : bignum.obj (.text:mbedtls_mpi_copy)
                  000194c0    0000006c                       : ssl_cookie.obj (.text:mbedtls_ssl_cookie_check)
                  0001952c    00000004     dpl_cc13x2_v1.aem4f : SemaphoreP_tirtos.oem4f (.text:SemaphoreP_destruct)
                  00019530    0000006a     otstack.obj (.text:OtStack_taskCreate)
                  0001959a    0000006a     libopenthread_mtd.lib : ip6_mpl.obj (.text:_ZN2ot3Ip63Mpl13UpdateSeedSetEth)
                  00019604    0000006a                           : message.obj (.text:_ZN2ot7Message7PrependEPKvt)
                  0001966e    00000002     --HOLE-- [fill = 0]
                  00019670    00000068     driverlib.lib : osc.obj (.text:NOROM_OSCHF_SwitchToRcOscTurnOffXosc)
                  000196d8    00000068     rf_multiMode_cc13x2_v1.aem4f : RFCC26X2_multiMode.oem4f (.text:RF_getCurrentTime)
                  00019740    00000068     libopenthread_mtd.lib : udp6.obj (.text:_ZN2ot3Ip63Udp12SendDatagramERNS_7MessageERNS0_11MessageInfoENS0_7IpProtoE)
                  000197a8    00000068                           : mle.obj (.text:_ZN2ot3Mle3Mle13SetLeaderDataEjhh)
                  00019810    00000068                           : coap.obj (.text:_ZN2ot4Coap8CoapBase16SendEmptyMessageE10otCoapTypeRKNS0_6HeaderERKNS_3Ip611MessageInfoE)
                  00019878    00000068     rtsv7M4_T_le_v4SPD16_eabi.lib : copy_decompress_lzss.c.obj (.text:decompress:lzss:__TI_decompress_lzss)
                  000198e0    00000068     libmbedcrypto.lib : ccm.obj (.text:mbedtls_ccm_auth_decrypt)
                  00019948    00000068                       : ecp.obj (.text:mbedtls_ecp_group_free)
                  000199b0    00000068                       : ssl_tls.obj (.text:mbedtls_ssl_handle_message_type)
                  00019a18    00000066     keys_utils.obj (.text:KeysUtils_initialize)
                  00019a7e    00000002     --HOLE-- [fill = 0]
                  00019a80    00000066     nvoctp.obj (.text:NVOCTP_loadApiPtrsExt)
                  00019ae6    00000066     libopenthread_mtd.lib : message.obj (.text:_ZN2ot11MessagePool3NewEht)
                  00019b4c    00000066                           : timer.obj (.text:_ZN2ot14TimerScheduler3AddERNS_5TimerERKNS0_8AlarmApiE)
                  00019bb2    00000066                           : mle.obj (.text:_ZN2ot3Mle3Mle18AddDelayedResponseERNS_7MessageERKNS_3Ip67AddressEt)
                  00019c18    00000064     drivers_cc13x2_v1.aem4f : CryptoResourceCC26XX.oem4f (.text:CryptoResourceCC26XX_constructRTOSObjects)
                  00019c7c    00000064                             : PKAResourceCC26XX.oem4f (.text:PKAResourceCC26XX_constructRTOSObjects)
                  00019ce0    00000064                             : UARTCC26XX.oem4f (.text:UARTCC26XX_control)
                  00019d44    00000064     libopenthread_mtd.lib : mle.obj (.text:_ZN2ot3Mle3Mle15ProcessAnnounceEv)
                  00019da8    00000064     radio.obj (.text:applyIeee802154Patch)
                  00019e0c    00000064     libmbedcrypto.lib : ssl_cookie.obj (.text:ssl_cookie_hmac)
                  00019e70    00000064                       : ssl_tls.obj (.text:ssl_swap_epochs)
                  00019ed4    00000062     libopenthread_mtd.lib : mesh_forwarder.obj (.text:_ZN2ot13MeshForwarder21HandleReassemblyTimerEv)
                  00019f36    00000062                           : netif.obj (.text:_ZN2ot3Ip65Netif28UnsubscribeExternalMulticastERKNS0_7AddressE)
                  00019f98    00000062                           : mac.obj (.text:_ZN2ot3Mac3Mac14SetNetworkNameEPKch)
                  00019ffa    00000062                           : coap.obj (.text:_ZN2ot4Coap14ResponsesQueue11HandleTimerEv)
                  0001a05c    00000004     dpl_cc13x2_v1.aem4f : SemaphoreP_tirtos.oem4f (.text:SemaphoreP_post)
                  0001a060    00000062     radio.obj (.text:otPlatRadioGetIeeeEui64)
                  0001a0c2    00000002     --HOLE-- [fill = 0]
                  0001a0c4    00000060     drivers_cc13x2_v1.aem4f : GPIOCC26XX.oem4f (.text:GPIO_write)
                  0001a124    00000004     dpl_cc13x2_v1.aem4f : SwiP_tirtos.oem4f (.text:SwiP_destruct)
                  0001a128    00000060     nvoctp.obj (.text:NVOCTP_doNVCRC)
                  0001a188    00000060     rf_multiMode_cc13x2_v1.aem4f : RFCC26X2_multiMode.oem4f (.text:RF_ratArmChannel)
                  0001a1e8    00000060     libopenthread_mtd.lib : netif.obj (.text:_ZN2ot3Ip65Netif28RemoveExternalUnicastAddressERKNS0_7AddressE)
                  0001a248    00000060                           : coap.obj (.text:_ZN2ot4Coap8CoapBase21CopyAndEnqueueMessageERKNS_7MessageEtRKNS0_12CoapMetadataE)
                  0001a2a8    00000060                           : dataset_manager.obj (.text:_ZN2ot7MeshCoP14PendingDatasetC1ERNS_8InstanceE)
                  0001a308    00000060                           : joiner.obj (.text:_ZN2ot7MeshCoP6JoinerC1ERNS_8InstanceE)
                  0001a368    00000060     libmbedcrypto.lib : md.obj (.text:mbedtls_md_hmac_finish)
                  0001a3c8    00000060                       : ssl_tls.obj (.text:mbedtls_ssl_handshake_wrapup)
                  0001a428    00000060     rom_sysbios.aem4f : rom_sysbios.obj (.text:pthread_mutex_unlock)
                  0001a488    0000005e     libopenthread_mtd.lib : mesh_forwarder.obj (.text:_ZN2ot13MeshForwarder19HandleDiscoverTimerEv)
                  0001a4e6    00000002     --HOLE-- [fill = 0]
                  0001a4e8    0000005e     release_pem4f.oem4f (.text:xdc_runtime_Startup_getState__I)
                  0001a546    00000002     --HOLE-- [fill = 0]
                  0001a548    0000005c     display.aem4f : Display.oem4f (.text:Display_doOpen)
                  0001a5a4    0000005c     drivers_cc13x2_v1.aem4f : PINCC26XX.oem4f (.text:PIN_remove)
                  0001a600    0000005c     rf_multiMode_cc13x2_v1.aem4f : RFCC26X2_multiMode.oem4f (.text:RF_dispatchNextEvent)
                  0001a65c    0000005c                                  : RFCC26X2_multiMode.oem4f (.text:RF_fsmXOSCState)
                  0001a6b8    0000005c                                  : RFCC26X2_multiMode.oem4f (.text:RF_hwiCpe0PowerFsm)
                  0001a714    0000005c     drivers_cc13x2_v1.aem4f : SHA2CC26X2.oem4f (.text:SHA2_waitForResult)
                  0001a770    0000005c     libopenthread_mtd.lib : key_manager.obj (.text:_ZN2ot10KeyManagerC1ERNS_8InstanceE)
                  0001a7cc    0000005c                           : udp6.obj (.text:_ZN2ot3Ip63Udp14UpdateChecksumERNS_7MessageEt)
                  0001a828    0000005c                           : icmp6.obj (.text:_ZN2ot3Ip64Icmp14UpdateChecksumERNS_7MessageEt)
                  0001a884    0000005c                           : mac.obj (.text:_ZN2ot3Mac3Mac13SetPanChannelEh)
                  0001a8e0    0000005c                           : mle.obj (.text:_ZN2ot3Mle3Mle11GetNeighborERKNS_3Mac10ExtAddressE)
                  0001a93c    0000005c                           : mle.obj (.text:_ZN2ot3Mle3Mle32ScheduleMessageTransmissionTimerEv)
                  0001a998    0000005c                           : coap.obj (.text:_ZN2ot4Coap8CoapBaseC1ERNS_8InstanceEPFvRNS_5TimerEES7_)
                  0001a9f4    0000005c                           : dataset_manager.obj (.text:_ZN2ot7MeshCoP14PendingDataset15StartDelayTimerEv)
                  0001aa50    0000005c     drivers_cc13x2_v1.aem4f : NVSCC26XX.oem4f (.text:doErase)
                  0001aaac    00000004     dpl_cc13x2_v1.aem4f : SwiP_tirtos.oem4f (.text:SwiP_disable)
                  0001aab0    0000005c     sha256_alt.obj (.text:mbedtls_sha256_finish_ret)
                  0001ab0c    00000004     dpl_cc13x2_v1.aem4f : SwiP_tirtos.oem4f (.text:SwiP_getTrigger)
                  0001ab10    0000005c     sha256_alt.obj (.text:mbedtls_sha256_starts_ret)
                  0001ab6c    0000005c     rom_sysbios.aem4f : rom_sysbios.obj (.text:ti_sysbios_heaps_HeapMem_initPrimary__I)
                  0001abc8    0000005a     libopenthread_mtd.lib : mesh_forwarder.obj (.text:_ZN2ot13MeshForwarder8SendPollERNS_7MessageERNS_3Mac5FrameE)
                  0001ac22    0000005a                           : dataset_manager.obj (.text:_ZN2ot7MeshCoP14DatasetManager7RestoreEv)
                  0001ac7c    0000005a                           : dtls.obj (.text:_ZN2ot7MeshCoP4Dtls4SendERNS_7MessageEt)
                  0001acd6    0000005a     rom_sysbios.aem4f : rom_sysbios.obj (.text:pthread_cancel)
                  0001ad30    00000059     reedswitch.obj (.text:gpioReedSwitchFxn)
                  0001ad89    00000003     --HOLE-- [fill = 0]
                  0001ad8c    00000058     drivers_cc13x2_v1.aem4f : PowerCC26X2_calibrateRCOSC.oem4f (.text:PowerCC26X2_initiateCalibration)
                  0001ade4    00000058     rf_multiMode_cc13x2_v1.aem4f : RFCC26X2_multiMode.oem4f (.text:RF_TxPowerTable_findValue)
                  0001ae3c    00000058                                  : RFCC26X2_multiMode.oem4f (.text:RF_cmdDispatchTime)
                  0001ae94    00000058     libopenthread_mtd.lib : key_manager.obj (.text:_ZN2ot10KeyManager10ComputeKeyEjPh)
                  0001aeec    00000058                           : energy_scan_server.obj (.text:_ZN2ot16EnergyScanServer16HandleScanResultEP18otEnergyScanResult)
                  0001af44    00000058                           : ip6.obj (.text:_ZN2ot3Ip63Ip6C1ERNS_8InstanceE)
                  0001af9c    00000058                           : coap_secure.obj (.text:_ZN2ot4Coap10CoapSecureC1ERNS_8InstanceE)
                  0001aff4    00000058                           : lowpan.obj (.text:_ZN2ot6Lowpan6Lowpan11CopyContextERKNS0_7ContextERNS_3Ip67AddressE)
                  0001b04c    00000058     boot.aem4f : boot.oem4f (.text)
                  0001b0a4    00000058     drivers_cc13x2_v1.aem4f : PowerCC26X2.oem4f (.text:disableLFClockQualifiers)
                  0001b0fc    00000058     libmbedcrypto.lib : bignum.obj (.text:mbedtls_mpi_grow)
                  0001b154    00000058                       : ssl_cookie.obj (.text:mbedtls_ssl_cookie_write)
                  0001b1ac    00000058                       : ssl_tls.obj (.text:mbedtls_ssl_handshake_free)
                  0001b204    00000058     rom_sysbios.aem4f : rom_sysbios.obj (.text:pthread_exit)
                  0001b25c    00000004     dpl_cc13x2_v1.aem4f : SwiP_tirtos.oem4f (.text:SwiP_or)
                  0001b260    00000056     nvoctp.obj (.text:NVOCTP_deleteItemApi)
                  0001b2b6    00000056     libopenthread_mtd.lib : announce_sender.obj (.text:_ZN2ot18AnnounceSenderBase12SendAnnounceENS_3Mac11ChannelMaskEhjt)
                  0001b30c    00000056                           : mac.obj (.text:_ZN2ot3Mac3Mac14StartOperationENS1_9OperationE)
                  0001b362    00000056                           : mac.obj (.text:_ZN2ot3Mac3Mac16HandleMacCommandERNS0_5FrameE)
                  0001b3b8    00000056                           : mle.obj (.text:_ZN2ot3Mle3Mle14BecomeDetachedEv)
                  0001b40e    00000056                           : data_poll_manager.obj (.text:_ZNK2ot15DataPollManager19CalculatePollPeriodEv)
[...]
1003bf83  xdc_runtime_System_Module_startup__E                                                                                               
1003bf89  xdc_runtime_Gate_enterSystem__E                                                                                                    
1003bf8d  xdc_runtime_SysCallback_Module__startupDone__S                                                                                     
1003bf8d  xdc_runtime_System_SupportProxy_Module__startupDone__S                                                                             
1003bf91  xdc_runtime_System_Module_GateProxy_enter__E                                                                                       
1003bf95  xdc_runtime_System_Module_GateProxy_leave__E                                                                                       
1003bf99  xdc_runtime_System_abortSpin__E                                                                                                    
1003bf9b  xdc_runtime_System_exitSpin__E                                                                                                     
1003bf9d  ti_sysbios_family_arm_m3_Hwi_dispatch__I                                                                                           
1003c095  ti_sysbios_family_arm_m3_TaskSupport_buildTaskStack                                                                                
1003c121  ti_sysbios_family_arm_m3_Hwi_initStacks__E                                                                                         
1003c179  ti_sysbios_family_arm_m3_Hwi_pendSV__I                                                                                             
1003c19d  ti_sysbios_family_arm_m3_Hwi_return                                                                                                
1003c1a1  ti_sysbios_family_arm_m3_Hwi_excHandlerAsm__I                                                                                      
1003c1c1  ti_sysbios_family_xxx_Hwi_switchAndRunFunc                                                                                         
1003c1df  ti_sysbios_family_arm_m3_TaskSupport_swap__E                                                                                       
1003c1df  ti_sysbios_knl_Task_SupportProxy_swap__E                                                                                           
1003c1df  ti_sysbios_knl_Task_SupportProxy_swap__E__mangled__                                                                                
1003c1eb  ti_sysbios_knl_Task_swapReturn                                                                                                     
1003c1f7  ti_sysbios_family_arm_m3_TaskSupport_glue                                                                                          
1003c208  ti_sysbios_knl_Task_Object__PARAMS__C                                                                                              
1003c244  ti_sysbios_knl_Mailbox_Object__PARAMS__C                                                                                           
1003c278  ti_sysbios_family_arm_m3_Hwi_Object__PARAMS__C                                                                                     
1003c2a8  ti_sysbios_hal_Hwi_Object__PARAMS__C                                                                                               
1003c2d4  ti_sysbios_knl_Swi_Object__PARAMS__C                                                                                               
1003c2fc  ti_sysbios_heaps_HeapMem_Object__PARAMS__C                                                                                         
1003c320  ti_sysbios_knl_Clock_Object__PARAMS__C                                                                                             
1003c344  ti_sysbios_knl_Semaphore_Object__PARAMS__C                                                                                         
1003c368  ti_sysbios_gates_GateHwi_Object__PARAMS__C                                                                                         
1003c380  ti_sysbios_gates_GateMutex_Object__PARAMS__C                                                                                       
1003c398  ti_sysbios_knl_Event_Object__PARAMS__C                                                                                             
1003c3b0  ti_sysbios_knl_Queue_Object__PARAMS__C                                                                                             
20000000  ti_sysbios_family_arm_m3_Hwi_ramVectors                                                                                            
20000100  xdcRomConstPtr                                                                                                                     
20000104  xdcRomExternFuncPtr                                                                                                                
20000108  xdcRomStatePtr                                                                                                                     
20003c98  uartCC26XXObjects                                                                                                                  
20003ee8  ti_sysbios_knl_Task_Instance_State_0_stack__A                                                                                      
200042a8  _ZN2ot11Diagnostics4Diag8sTxPowerE                                                                                                 
200042a9  _ZN2ot11Diagnostics4Diag8sChannelE                                                                                                 
200042aa  _ZN2ot11Diagnostics4Diag6sTxLenE                                                                                                   
200042ab  _ZN2ot11Diagnostics4Diag13sRepeatActiveE                                                                                           
200042ac  _ZN2ot11Diagnostics4Diag9sTxPeriodE                                                                                                
200042b0  _ZN2ot11Diagnostics4Diag10sTxPacketsE                                                                                              
200042b4  _ZN2ot11Diagnostics4Diag9sTxPacketE                                                                                                
200042b8  _ZN2ot11Diagnostics4Diag9sInstanceE                                                                                                
200042bc  _ZN2ot11Diagnostics4Diag6sStatsE                                                                                                   
200042c8  _ZN2ot11Diagnostics4Diag7sOutputE                                                                                                  
200043c8  ti_sysbios_family_arm_m3_Hwi_dispatchTable                                                                                         
20004520  pinHandleTable                                                                                                                     
20004660  ecjpakeCC26X2Objects                                                                                                               
200046b4  sha2CC26X2Objects                                                                                                                  
20004704  aesecbCC26XXObjects                                                                                                                
20004750  uartCC26XXRingBuffer                                                                                                               
20004a40  CryptoResourceCC26XX_accessSemaphore                                                                                               
20004a5c  CryptoResourceCC26XX_hwi                                                                                                           
20004a78  CryptoResourceCC26XX_operationSemaphore                                                                                            
20004a94  PKAResourceCC26XX_accessSemaphore                                                                                                  
20004ab0  PKAResourceCC26XX_hwi                                                                                                              
20004acc  PKAResourceCC26XX_operationSemaphore                                                                                               
20004be4  displayUartObject                                                                                                                  
20004bfc  ClockP_tickPeriod                                                                                                                  
20004c00  PowerCC26XX_swiKey                                                                                                                 
20004c04  PowerCC26XX_taskKey                                                                                                                
20004c08  nvsCC26xxObjects                                                                                                                   
20004c0e  driverlib_release_0_52354                                                                                                          
200060ee  peerPort                                                                                                                           
200060f0  reportClkHandle                                                                                                                    
200060ff  thermostatAddress                                                                                                                  
20006134  reportClkStruct                                                                                                                    
200069ac  pOverrides                                                                                                                         
200069e8  txPowerTable                                                                                                                       
20006dd0  ROM_stateStruct                                                                                                                    
20006dd0  ti_sysbios_knl_Clock_Module__state__V                                                                                              
20006dfc  ti_sysbios_family_arm_cc26xx_TimestampProvider_Module__state__V                                                                    
20006e00  xdc_runtime_Startup_Module__state__V                                                                                               
20006e08  ti_sysbios_BIOS_Module__state__V                                                                                                   
20006e2c  ti_sysbios_knl_Swi_Module__state__V                                                                                                
20006e48  ti_sysbios_knl_Task_Module__state__V                                                                                               
20006e8c  xdc_runtime_Memory_Module__state__V                                                                                                
20006e90  xdc_runtime_System_Module__state__V                                                                                                
20006e98  ti_sysbios_family_arm_m3_Hwi_Module__state__V                                                                                      
20006ecc  xdc_runtime_Error_Module__state__V                                                                                                 
20006ed0  ti_sysbios_family_arm_cc26xx_Timer_Module__state__V                                                                                
20006ed8  PowerCC26X2_module                                                                                                                 
20007028  ti_sysbios_gates_GateMutex_Object__table__V                                                                                        
2000707c  ti_sysbios_knl_Task_Object__table__V                                                                                               
200070c8  ti_sysbios_family_arm_cc26xx_Timer_Object__table__V                                                                                
20007188  ti_sysbios_knl_Swi_Module_State_0_readyQ__A                                                                                        
200071b8  ti_sysbios_knl_Swi_Object__table__V                                                                                                
200071e8  ti_sysbios_knl_Task_Module_State_0_readyQ__A                                                                                       
20007244  gpioPinConfigs                                                                                                                     
200072bc  ti_sysbios_knl_Clock_Object__table__V                                                                                              
200072dc  xdc_runtime_Error_IgnoreBlock                                                                                                      
20007314  ti_sysbios_family_arm_m3_Hwi_Object__table__V                                                                                      
2000732c  ti_sysbios_heaps_HeapMem_Object__table__V                                                                                          
20007364  gpioCallbackFunctions                                                                                                              
20007384  mbedtls_calloc                                                                                                                     
20007388  mbedtls_free                                                                                                                       
2000738c  _lock                                                                                                                              
20007390  _unlock                                                                                                                            
2000739c  lcdHandle                                                                                                                          
200073a0  serialHandle                                                                                                                       
200073ac  pinUpperBound                                                                                                                      
200073b0  pinLowerBound                                                                                                                      
200073b4  ti_sysbios_family_arm_cc26xx_Seconds_Module__state__V                                                                              
200073bc  ti_sysbios_family_arm_m3_Hwi_Module__root__V                                                                                       
200073c4  ti_sysbios_gates_GateHwi_Module__root__V                                                                                           
200073cc  ti_sysbios_gates_GateMutexPri_Module__root__V                                                                                      
200073d4  ti_sysbios_gates_GateMutex_Module__root__V                                                                                         
200073dc  ti_sysbios_hal_Hwi_Module__root__V                                                                                                 
200073e4  ti_sysbios_heaps_HeapMem_Module__root__V                                                                                           
200073ec  ti_sysbios_knl_Clock_Module__root__V                                                                                               
200073f4  ti_sysbios_knl_Event_Module__root__V                                                                                               
200073fc  ti_sysbios_knl_Mailbox_Module__root__V                                                                                             
20007404  ti_sysbios_knl_Queue_Module__root__V                                                                                               
2000740c  ti_sysbios_knl_Semaphore_Module__root__V                                                                                           
20007414  ti_sysbios_knl_Swi_Module__root__V                                                                                                 
2000741c  ti_sysbios_knl_Task_Module__root__V                                                                                                
20007424  xdc_runtime_System_Module_State_0_atexitHandlers__A                                                                                
20007431  CryptoResourceCC26XX_pollingFlag                                                                                                   
20007440  main_func_sp                                                                                                                       
20007444  ti_sysbios_family_arm_m3_Hwi_Module_State_0_excContext__A                                                                          
20007448  ti_sysbios_family_arm_m3_Hwi_Module_State_0_excStack__A                                                                            
2000744c  ti_sysbios_knl_Task_Module_State_0_idleTask__A                                                                                     
20007450  PKAResourceCC26XX_pollingFlag                                                                                                      
20007452  ti_sysbios_family_arm_m3_Hwi_Module_State_0_excActive__A                                                                           
20007458  __primary_heap_start__                                                                                                             
20008458  __primary_heap_end__                                                                                                               
20013c00  __stack                                                                                                                            
20014000  __STACK_END                                                                                                                        
e000e000  ti_sysbios_family_arm_m3_Hwi_nvic                                                                                                  
ffffffff  __TI_pprof_out_hndl                                                                                                                
ffffffff  __TI_prof_data_size                                                                                                                
ffffffff  __TI_prof_data_start                                                                                                               
ffffffff  __binit__                                                                                                                          
ffffffff  __c_args__                                                                                                                         
ffffffff  binit                                                                                                                              
UNDEFED   SHT$$INIT_ARRAY$$Base                                                                                                              
UNDEFED   SHT$$INIT_ARRAY$$Limit                                                                                                             

[2183 symbols]
